Archive member included to satisfy reference by file (symbol)

/home/a/RIOT/RIOTNerf/fixed_point/bin/native/fixed_point_application.a(main.o)
                              /usr/lib/gcc/x86_64-linux-gnu/4.8/../../../../lib32/crt1.o (main)
/home/a/RIOT/RIOTNerf/fixed_point/bin/native/fixed_point_application.a(tests.o)
                              /home/a/RIOT/RIOTNerf/fixed_point/bin/native/fixed_point_application.a(main.o) (run_all_tests)
/home/a/RIOT/RIOTNerf/fixed_point/bin/native/fixed_point_application.a(fixed_point.o)
                              /home/a/RIOT/RIOTNerf/fixed_point/bin/native/fixed_point_application.a(tests.o) (double_to_fp32)
/home/a/RIOT/RIOTNerf/fixed_point/bin/native/board.a(board_init.o)
                              /home/a/RIOT/RIOTNerf/fixed_point/bin/native/cpu/startup.o (board_init)
/home/a/RIOT/RIOTNerf/fixed_point/bin/native/core.a(kernel_init.o)
                              /home/a/RIOT/RIOTNerf/fixed_point/bin/native/cpu/startup.o (kernel_init)
/home/a/RIOT/RIOTNerf/fixed_point/bin/native/core.a(thread.o)
                              /home/a/RIOT/RIOTNerf/fixed_point/bin/native/core.a(kernel_init.o) (thread_create)
/home/a/RIOT/RIOTNerf/fixed_point/bin/native/core.a(panic.o)
                              /home/a/RIOT/RIOTNerf/fixed_point/bin/native/core.a(thread.o) (assert_crash_message)
/home/a/RIOT/RIOTNerf/fixed_point/bin/native/core.a(sched.o)
                              /home/a/RIOT/RIOTNerf/fixed_point/bin/native/core.a(thread.o) (sched_num_threads)
/home/a/RIOT/RIOTNerf/fixed_point/bin/native/core.a(bitarithm.o)
                              /home/a/RIOT/RIOTNerf/fixed_point/bin/native/core.a(sched.o) (bitarithm_lsb)
/home/a/RIOT/RIOTNerf/fixed_point/bin/native/cpu.a(irq_cpu.o)
                              /home/a/RIOT/RIOTNerf/fixed_point/bin/native/core.a(kernel_init.o) (irq_disable)
/home/a/RIOT/RIOTNerf/fixed_point/bin/native/cpu.a(lpm_cpu.o)
                              /home/a/RIOT/RIOTNerf/fixed_point/bin/native/core.a(kernel_init.o) (lpm_set)
/home/a/RIOT/RIOTNerf/fixed_point/bin/native/cpu.a(native_cpu.o)
                              /home/a/RIOT/RIOTNerf/fixed_point/bin/native/core.a(thread.o) (thread_stack_init)
/home/a/RIOT/RIOTNerf/fixed_point/bin/native/cpu.a(panic.o)
                              /home/a/RIOT/RIOTNerf/fixed_point/bin/native/core.a(panic.o) (panic_arch)
/home/a/RIOT/RIOTNerf/fixed_point/bin/native/cpu.a(syscalls.o)
                              /home/a/RIOT/RIOTNerf/fixed_point/bin/native/cpu.a(irq_cpu.o) (real_read)
/home/a/RIOT/RIOTNerf/fixed_point/bin/native/cpu.a(tramp.o)
                              /home/a/RIOT/RIOTNerf/fixed_point/bin/native/cpu.a(irq_cpu.o) (_native_sig_leave_tramp)
/home/a/RIOT/RIOTNerf/fixed_point/bin/native/native-drivers.a(native-led.o)
                              /home/a/RIOT/RIOTNerf/fixed_point/bin/native/board.a(board_init.o) (_native_LED_GREEN_ON)
/home/a/RIOT/RIOTNerf/fixed_point/bin/native/periph.a(uart.o)
                              /home/a/RIOT/RIOTNerf/fixed_point/bin/native/cpu/startup.o (tty_uart_setup)
/home/a/RIOT/RIOTNerf/fixed_point/bin/native/ps.a(ps.o)
                              /home/a/RIOT/RIOTNerf/fixed_point/bin/native/core.a(panic.o) (ps)
/home/a/RIOT/RIOTNerf/fixed_point/bin/native/auto_init.a(auto_init.o)
                              /home/a/RIOT/RIOTNerf/fixed_point/bin/native/core.a(kernel_init.o) (auto_init)
/home/a/RIOT/RIOTNerf/fixed_point/bin/native/cpu.a(async_read.o)
                              /home/a/RIOT/RIOTNerf/fixed_point/bin/native/periph.a(uart.o) (native_async_read_setup)
/usr/lib/gcc/x86_64-linux-gnu/4.8/32/libgcc.a(_divdi3.o)
                              /home/a/RIOT/RIOTNerf/fixed_point/bin/native/fixed_point_application.a(fixed_point.o) (__divdi3)
/usr/lib/gcc/x86_64-linux-gnu/4.8/32/libgcc.a(_udivdi3.o)
                              /home/a/RIOT/RIOTNerf/fixed_point/bin/native/fixed_point_application.a(fixed_point.o) (__udivdi3)
/usr/lib32/libc_nonshared.a(elf-init.oS)
                              /usr/lib/gcc/x86_64-linux-gnu/4.8/../../../../lib32/crt1.o (__libc_csu_init)

As-needed library included to satisfy reference by file (symbol)

libdl.so.2                    /home/a/RIOT/RIOTNerf/fixed_point/bin/native/cpu.a(syscalls.o) (dlsym@@GLIBC_2.0)

Discarded input sections

 .rodata        0x0000000000000000        0x4 /usr/lib/gcc/x86_64-linux-gnu/4.8/../../../../lib32/crt1.o
 .data          0x0000000000000000        0x4 /usr/lib/gcc/x86_64-linux-gnu/4.8/../../../../lib32/crt1.o
 .bss           0x0000000000000000        0x0 /usr/lib/gcc/x86_64-linux-gnu/4.8/../../../../lib32/crt1.o
 .note.GNU-stack
                0x0000000000000000        0x0 /usr/lib/gcc/x86_64-linux-gnu/4.8/../../../../lib32/crt1.o
 .text          0x0000000000000000        0x0 /usr/lib/gcc/x86_64-linux-gnu/4.8/../../../../lib32/crti.o
 .data          0x0000000000000000        0x0 /usr/lib/gcc/x86_64-linux-gnu/4.8/../../../../lib32/crti.o
[...]
Memory Configuration

Name             Origin             Length             Attributes
*default*        0x0000000000000000 0xffffffffffffffff

Linker script and memory map

LOAD /usr/lib/gcc/x86_64-linux-gnu/4.8/../../../../lib32/crt1.o
LOAD /usr/lib/gcc/x86_64-linux-gnu/4.8/../../../../lib32/crti.o
LOAD /usr/lib/gcc/x86_64-linux-gnu/4.8/32/crtbegin.o
LOAD /home/a/RIOT/RIOTNerf/fixed_point/bin/native/cpu/startup.o
START GROUP
LOAD /home/a/RIOT/RIOTNerf/fixed_point/bin/native/fixed_point_application.a
LOAD /home/a/RIOT/RIOTNerf/fixed_point/bin/native/auto_init.a
LOAD /home/a/RIOT/RIOTNerf/fixed_point/bin/native/board.a
LOAD /home/a/RIOT/RIOTNerf/fixed_point/bin/native/core.a
LOAD /home/a/RIOT/RIOTNerf/fixed_point/bin/native/cpu.a
LOAD /home/a/RIOT/RIOTNerf/fixed_point/bin/native/native-drivers.a
LOAD /home/a/RIOT/RIOTNerf/fixed_point/bin/native/periph.a
LOAD /home/a/RIOT/RIOTNerf/fixed_point/bin/native/ps.a
LOAD /home/a/RIOT/RIOTNerf/fixed_point/bin/native/shell.a
LOAD /home/a/RIOT/RIOTNerf/fixed_point/bin/native/shell_commands.a
LOAD /home/a/RIOT/RIOTNerf/fixed_point/bin/native/sys.a
LOAD /usr/lib/gcc/x86_64-linux-gnu/4.8/../../../../lib32/libm.so
END GROUP
LOAD /usr/lib/gcc/x86_64-linux-gnu/4.8/../../../../lib32/libdl.so
LOAD /usr/lib/gcc/x86_64-linux-gnu/4.8/32/libgcc.a
LOAD /usr/lib/gcc/x86_64-linux-gnu/4.8/32/libgcc_s.so
LOAD /usr/lib/gcc/x86_64-linux-gnu/4.8/../../../../lib32/libc.so
START GROUP
LOAD /lib32/libc.so.6
LOAD /usr/lib32/libc_nonshared.a
LOAD /lib32/ld-linux.so.2
END GROUP
LOAD /usr/lib/gcc/x86_64-linux-gnu/4.8/32/libgcc.a
LOAD /usr/lib/gcc/x86_64-linux-gnu/4.8/32/libgcc_s.so
LOAD /usr/lib/gcc/x86_64-linux-gnu/4.8/32/crtend.o
LOAD /usr/lib/gcc/x86_64-linux-gnu/4.8/../../../../lib32/crtn.o
                0x0000000008048000                PROVIDE (__executable_start, 0x8048000)
                0x0000000008048154                . = (0x8048000 + SIZEOF_HEADERS)

.interp         0x0000000008048154       0x13
 *(.interp)
 .interp        0x0000000008048154       0x13 /usr/lib/gcc/x86_64-linux-gnu/4.8/../../../../lib32/crt1.o

.note.ABI-tag   0x0000000008048168       0x20
 .note.ABI-tag  0x0000000008048168       0x20 /usr/lib/gcc/x86_64-linux-gnu/4.8/../../../../lib32/crt1.o

.note.gnu.build-id
                0x0000000008048188       0x24
 *(.note.gnu.build-id)
 .note.gnu.build-id
                0x0000000008048188       0x24 /usr/lib/gcc/x86_64-linux-gnu/4.8/../../../../lib32/crt1.o

.hash
 *(.hash)

.gnu.hash       0x00000000080481ac       0xbc
 *(.gnu.hash)
 .gnu.hash      0x00000000080481ac       0xbc /usr/lib/gcc/x86_64-linux-gnu/4.8/../../../../lib32/crt1.o

.dynsym         0x0000000008048268      0x320
 *(.dynsym)
 .dynsym        0x0000000008048268      0x320 /usr/lib/gcc/x86_64-linux-gnu/4.8/../../../../lib32/crt1.o

.dynstr         0x0000000008048588      0x1e7
 *(.dynstr)
 .dynstr        0x0000000008048588      0x1e7 /usr/lib/gcc/x86_64-linux-gnu/4.8/../../../../lib32/crt1.o

.gnu.version    0x0000000008048770       0x64
 *(.gnu.version)
 .gnu.version   0x0000000008048770       0x64 /usr/lib/gcc/x86_64-linux-gnu/4.8/../../../../lib32/crt1.o

.gnu.version_d  0x00000000080487d4        0x0
 *(.gnu.version_d)
 .gnu.version_d
                0x0000000000000000        0x0 /usr/lib/gcc/x86_64-linux-gnu/4.8/../../../../lib32/crt1.o

.gnu.version_r  0x00000000080487d4       0x60
 *(.gnu.version_r)
 .gnu.version_r
                0x00000000080487d4       0x60 /usr/lib/gcc/x86_64-linux-gnu/4.8/../../../../lib32/crt1.o

.rel.dyn        0x0000000008048834       0x18
 *(.rel.init)
 *(.rel.text .rel.text.* .rel.gnu.linkonce.t.*)
 .rel.text      0x0000000000000000        0x0 /usr/lib/gcc/x86_64-linux-gnu/4.8/../../../../lib32/crt1.o
 .rel.text._native_null_in
                0x0000000000000000        0x0 /usr/lib/gcc/x86_64-linux-gnu/4.8/../../../../lib32/crt1.o
 .rel.text._native_log_stdout
                0x0000000000000000        0x0 /usr/lib/gcc/x86_64-linux-gnu/4.8/../../../../lib32/crt1.o
 .rel.text._native_log_stderr
                0x0000000000000000        0x0 /usr/lib/gcc/x86_64-linux-gnu/4.8/../../../../lib32/crt1.o
 .rel.text.daemonize
                0x0000000000000000        0x0 /usr/lib/gcc/x86_64-linux-gnu/4.8/../../../../lib32/crt1.o
 .rel.text.filter_daemonize_argv
                0x0000000000000000        0x0 /usr/lib/gcc/x86_64-linux-gnu/4.8/../../../../lib32/crt1.o
 .rel.text.usage_exit
                0x0000000000000000        0x0 /usr/lib/gcc/x86_64-linux-gnu/4.8/../../../../lib32/crt1.o
 .rel.text.startup
                0x0000000000000000        0x0 /usr/lib/gcc/x86_64-linux-gnu/4.8/../../../../lib32/crt1.o
 .rel.text.main
                0x0000000000000000        0x0 /usr/lib/gcc/x86_64-linux-gnu/4.8/../../../../lib32/crt1.o
 .rel.text.printf_stderr
                0x0000000000000000        0x0 /usr/lib/gcc/x86_64-linux-gnu/4.8/../../../../lib32/crt1.o
 .rel.text.double_almost_equal
                0x0000000000000000        0x0 /usr/lib/gcc/x86_64-linux-gnu/4.8/../../../../lib32/crt1.o
 .rel.text.float_almost_equal
                0x0000000000000000        0x0 /usr/lib/gcc/x86_64-linux-gnu/4.8/../../../../lib32/crt1.o
 .rel.text.fp32_double_conversions
                0x0000000000000000        0x0 /usr/lib/gcc/x86_64-linux-gnu/4.8/../../../../lib32/crt1.o
 .rel.text.fp64_double_conversions
                0x0000000000000000        0x0 /usr/lib/gcc/x86_64-linux-gnu/4.8/../../../../lib32/crt1.o
 .rel.text.fpu32_double_conversions
                0x0000000000000000        0x0 /usr/lib/gcc/x86_64-linux-gnu/4.8/../../../../lib32/crt1.o
 .rel.text.fpu64_double_conversions
                0x0000000000000000        0x0 /usr/lib/gcc/x86_64-linux-gnu/4.8/../../../../lib32/crt1.o
 .rel.text.fp32_float_conversions
                0x0000000000000000        0x0 /usr/lib/gcc/x86_64-linux-gnu/4.8/../../../../lib32/crt1.o
 .rel.text.fp64_float_conversions
                0x0000000000000000        0x0 /usr/lib/gcc/x86_64-linux-gnu/4.8/../../../../lib32/crt1.o
 .rel.text.fpu32_float_conversions
                0x0000000000000000        0x0 /usr/lib/gcc/x86_64-linux-gnu/4.8/../../../../lib32/crt1.o
 .rel.text.fpu64_float_conversions
                0x0000000000000000        0x0 /usr/lib/gcc/x86_64-linux-gnu/4.8/../../../../lib32/crt1.o
 .rel.text.fp32_int_conversions
                0x0000000000000000        0x0 /usr/lib/gcc/x86_64-linux-gnu/4.8/../../../../lib32/crt1.o
 .rel.text.fp64_int_conversions
                0x0000000000000000        0x0 /usr/lib/gcc/x86_64-linux-gnu/4.8/../../../../lib32/crt1.o
 .rel.text.fpu32_int_conversions
                0x0000000000000000        0x0 /usr/lib/gcc/x86_64-linux-gnu/4.8/../../../../lib32/crt1.o
 .rel.text.fpu64_int_conversions
                0x0000000000000000        0x0 /usr/lib/gcc/x86_64-linux-gnu/4.8/../../../../lib32/crt1.o
 .rel.text.fractions
                0x0000000000000000        0x0 /usr/lib/gcc/x86_64-linux-gnu/4.8/../../../../lib32/crt1.o
 .rel.text.whole_parts
                0x0000000000000000        0x0 /usr/lib/gcc/x86_64-linux-gnu/4.8/../../../../lib32/crt1.o
 .rel.text.add  0x0000000000000000        0x0 /usr/lib/gcc/x86_64-linux-gnu/4.8/../../../../lib32/crt1.o
 .rel.text.sub  0x0000000000000000        0x0 /usr/lib/gcc/x86_64-linux-gnu/4.8/../../../../lib32/crt1.o
 .rel.text.mul  0x0000000000000000        0x0 /usr/lib/gcc/x86_64-linux-gnu/4.8/../../../../lib32/crt1.o
 .rel.text.division
                0x0000000000000000        0x0 /usr/lib/gcc/x86_64-linux-gnu/4.8/../../../../lib32/crt1.o
 .rel.text.all_tests
                0x0000000000000000        0x0 /usr/lib/gcc/x86_64-linux-gnu/4.8/../../../../lib32/crt1.o
 .rel.text.run_all_tests
                0x0000000000000000        0x0 /usr/lib/gcc/x86_64-linux-gnu/4.8/../../../../lib32/crt1.o
 .rel.text.double_to_fp32
                0x0000000000000000        0x0 /usr/lib/gcc/x86_64-linux-gnu/4.8/../../../../lib32/crt1.o
 .rel.text.double_to_fp64
                0x0000000000000000        0x0 /usr/lib/gcc/x86_64-linux-gnu/4.8/../../../../lib32/crt1.o
 .rel.text.double_to_fpu32
                0x0000000000000000        0x0 /usr/lib/gcc/x86_64-linux-gnu/4.8/../../../../lib32/crt1.o
 .rel.text.double_to_fpu64
                0x0000000000000000        0x0 /usr/lib/gcc/x86_64-linux-gnu/4.8/../../../../lib32/crt1.o
 .rel.text.float_to_fp32
                0x0000000000000000        0x0 /usr/lib/gcc/x86_64-linux-gnu/4.8/../../../../lib32/crt1.o
 .rel.text.float_to_fp64
                0x0000000000000000        0x0 /usr/lib/gcc/x86_64-linux-gnu/4.8/../../../../lib32/crt1.o
 .rel.text.float_to_fpu32
                0x0000000000000000        0x0 /usr/lib/gcc/x86_64-linux-gnu/4.8/../../../../lib32/crt1.o
 .rel.text.float_to_fpu64
                0x0000000000000000        0x0 /usr/lib/gcc/x86_64-linux-gnu/4.8/../../../../lib32/crt1.o
 .rel.text.fp32_to_double
                0x0000000000000000        0x0 /usr/lib/gcc/x86_64-linux-gnu/4.8/../../../../lib32/crt1.o
 .rel.text.fp64_to_double
                0x0000000000000000        0x0 /usr/lib/gcc/x86_64-linux-gnu/4.8/../../../../lib32/crt1.o
 .rel.text.fpu32_to_double
                0x0000000000000000        0x0 /usr/lib/gcc/x86_64-linux-gnu/4.8/../../../../lib32/crt1.o
 .rel.text.fpu64_to_double
                0x0000000000000000        0x0 /usr/lib/gcc/x86_64-linux-gnu/4.8/../../../../lib32/crt1.o
 .rel.text.fp32_to_float
                0x0000000000000000        0x0 /usr/lib/gcc/x86_64-linux-gnu/4.8/../../../../lib32/crt1.o
 .rel.text.fp64_to_float
                0x0000000000000000        0x0 /usr/lib/gcc/x86_64-linux-gnu/4.8/../../../../lib32/crt1.o
 .rel.text.fpu32_to_float
                0x0000000000000000        0x0 /usr/lib/gcc/x86_64-linux-gnu/4.8/../../../../lib32/crt1.o
 .rel.text.fpu64_to_float
                0x0000000000000000        0x0 /usr/lib/gcc/x86_64-linux-gnu/4.8/../../../../lib32/crt1.o
 .rel.text.int_to_fp32
                0x0000000000000000        0x0 /usr/lib/gcc/x86_64-linux-gnu/4.8/../../../../lib32/crt1.o
 .rel.text.int_to_fp64
                0x0000000000000000        0x0 /usr/lib/gcc/x86_64-linux-gnu/4.8/../../../../lib32/crt1.o
 .rel.text.int_to_fpu32
                0x0000000000000000        0x0 /usr/lib/gcc/x86_64-linux-gnu/4.8/../../../../lib32/crt1.o
 .rel.text.int_to_fpu64
                0x0000000000000000        0x0 /usr/lib/gcc/x86_64-linux-gnu/4.8/../../../../lib32/crt1.o
 .rel.text.fp32_to_int
                0x0000000000000000        0x0 /usr/lib/gcc/x86_64-linux-gnu/4.8/../../../../lib32/crt1.o
 .rel.text.fp64_to_int
                0x0000000000000000        0x0 /usr/lib/gcc/x86_64-linux-gnu/4.8/../../../../lib32/crt1.o
 .rel.text.fpu32_to_int
                0x0000000000000000        0x0 /usr/lib/gcc/x86_64-linux-gnu/4.8/../../../../lib32/crt1.o
 .rel.text.fpu64_to_int
                0x0000000000000000        0x0 /usr/lib/gcc/x86_64-linux-gnu/4.8/../../../../lib32/crt1.o
 .rel.text.fp32_fraction
                0x0000000000000000        0x0 /usr/lib/gcc/x86_64-linux-gnu/4.8/../../../../lib32/crt1.o
 .rel.text.fp64_fraction
                0x0000000000000000        0x0 /usr/lib/gcc/x86_64-linux-gnu/4.8/../../../../lib32/crt1.o
 .rel.text.fpu32_fraction
                0x0000000000000000        0x0 /usr/lib/gcc/x86_64-linux-gnu/4.8/../../../../lib32/crt1.o
 .rel.text.fpu64_fraction
                0x0000000000000000        0x0 /usr/lib/gcc/x86_64-linux-gnu/4.8/../../../../lib32/crt1.o
 .rel.text.fp32_whole
                0x0000000000000000        0x0 /usr/lib/gcc/x86_64-linux-gnu/4.8/../../../../lib32/crt1.o
 .rel.text.fp64_whole
                0x0000000000000000        0x0 /usr/lib/gcc/x86_64-linux-gnu/4.8/../../../../lib32/crt1.o
 .rel.text.fpu32_whole
                0x0000000000000000        0x0 /usr/lib/gcc/x86_64-linux-gnu/4.8/../../../../lib32/crt1.o
 .rel.text.fpu64_whole
                0x0000000000000000        0x0 /usr/lib/gcc/x86_64-linux-gnu/4.8/../../../../lib32/crt1.o
 .rel.text.fp32_add
                0x0000000000000000        0x0 /usr/lib/gcc/x86_64-linux-gnu/4.8/../../../../lib32/crt1.o
 .rel.text.fp64_add
                0x0000000000000000        0x0 /usr/lib/gcc/x86_64-linux-gnu/4.8/../../../../lib32/crt1.o
 .rel.text.fpu32_add
                0x0000000000000000        0x0 /usr/lib/gcc/x86_64-linux-gnu/4.8/../../../../lib32/crt1.o
 .rel.text.fpu64_add
                0x0000000000000000        0x0 /usr/lib/gcc/x86_64-linux-gnu/4.8/../../../../lib32/crt1.o
 .rel.text.fp32_sub
                0x0000000000000000        0x0 /usr/lib/gcc/x86_64-linux-gnu/4.8/../../../../lib32/crt1.o
 .rel.text.fp64_sub
                0x0000000000000000        0x0 /usr/lib/gcc/x86_64-linux-gnu/4.8/../../../../lib32/crt1.o
 .rel.text.fpu32_sub
                0x0000000000000000        0x0 /usr/lib/gcc/x86_64-linux-gnu/4.8/../../../../lib32/crt1.o
 .rel.text.fpu64_sub
                0x0000000000000000        0x0 /usr/lib/gcc/x86_64-linux-gnu/4.8/../../../../lib32/crt1.o
 .rel.text.fp32_mul
                0x0000000000000000        0x0 /usr/lib/gcc/x86_64-linux-gnu/4.8/../../../../lib32/crt1.o
 .rel.text.fp64_mul
                0x0000000000000000        0x0 /usr/lib/gcc/x86_64-linux-gnu/4.8/../../../../lib32/crt1.o
 .rel.text.fpu32_mul
                0x0000000000000000        0x0 /usr/lib/gcc/x86_64-linux-gnu/4.8/../../../../lib32/crt1.o
 .rel.text.fpu64_mul
                0x0000000000000000        0x0 /usr/lib/gcc/x86_64-linux-gnu/4.8/../../../../lib32/crt1.o
 .rel.text.fp32_div
                0x0000000000000000        0x0 /usr/lib/gcc/x86_64-linux-gnu/4.8/../../../../lib32/crt1.o
 .rel.text.fp64_div
                0x0000000000000000        0x0 /usr/lib/gcc/x86_64-linux-gnu/4.8/../../../../lib32/crt1.o
 .rel.text.fpu32_div
                0x0000000000000000        0x0 /usr/lib/gcc/x86_64-linux-gnu/4.8/../../../../lib32/crt1.o
 .rel.text.fpu64_div
                0x0000000000000000        0x0 /usr/lib/gcc/x86_64-linux-gnu/4.8/../../../../lib32/crt1.o
 .rel.text.board_init
                0x0000000000000000        0x0 /usr/lib/gcc/x86_64-linux-gnu/4.8/../../../../lib32/crt1.o
 .rel.text.main_trampoline
                0x0000000000000000        0x0 /usr/lib/gcc/x86_64-linux-gnu/4.8/../../../../lib32/crt1.o
 .rel.text.idle_thread
                0x0000000000000000        0x0 /usr/lib/gcc/x86_64-linux-gnu/4.8/../../../../lib32/crt1.o
 .rel.text.kernel_init
                0x0000000000000000        0x0 /usr/lib/gcc/x86_64-linux-gnu/4.8/../../../../lib32/crt1.o
 .rel.text.clist_lpoprpush
                0x0000000000000000        0x0 /usr/lib/gcc/x86_64-linux-gnu/4.8/../../../../lib32/crt1.o
 .rel.text.cib_init
                0x0000000000000000        0x0 /usr/lib/gcc/x86_64-linux-gnu/4.8/../../../../lib32/crt1.o
 .rel.text.pid_is_valid
                0x0000000000000000        0x0 /usr/lib/gcc/x86_64-linux-gnu/4.8/../../../../lib32/crt1.o
 .rel.text.thread_get
                0x0000000000000000        0x0 /usr/lib/gcc/x86_64-linux-gnu/4.8/../../../../lib32/crt1.o
 .rel.text.thread_getstatus
                0x0000000000000000        0x0 /usr/lib/gcc/x86_64-linux-gnu/4.8/../../../../lib32/crt1.o
 .rel.text.thread_getname
                0x0000000000000000        0x0 /usr/lib/gcc/x86_64-linux-gnu/4.8/../../../../lib32/crt1.o
 .rel.text.thread_sleep
                0x0000000000000000        0x0 /usr/lib/gcc/x86_64-linux-gnu/4.8/../../../../lib32/crt1.o
 .rel.text.thread_wakeup
                0x0000000000000000        0x0 /usr/lib/gcc/x86_64-linux-gnu/4.8/../../../../lib32/crt1.o
 .rel.text.thread_yield
                0x0000000000000000        0x0 /usr/lib/gcc/x86_64-linux-gnu/4.8/../../../../lib32/crt1.o
 .rel.text.thread_add_to_list
                0x0000000000000000        0x0 /usr/lib/gcc/x86_64-linux-gnu/4.8/../../../../lib32/crt1.o
 .rel.text.thread_measure_stack_free
                0x0000000000000000        0x0 /usr/lib/gcc/x86_64-linux-gnu/4.8/../../../../lib32/crt1.o
 .rel.text.thread_create
                0x0000000000000000        0x0 /usr/lib/gcc/x86_64-linux-gnu/4.8/../../../../lib32/crt1.o
 .rel.text.core_panic
                0x0000000000000000        0x0 /usr/lib/gcc/x86_64-linux-gnu/4.8/../../../../lib32/crt1.o
 .rel.text.clist_rpush
                0x0000000000000000        0x0 /usr/lib/gcc/x86_64-linux-gnu/4.8/../../../../lib32/crt1.o
 .rel.text.clist_lpop
                0x0000000000000000        0x0 /usr/lib/gcc/x86_64-linux-gnu/4.8/../../../../lib32/crt1.o
 .rel.text.sched_run
                0x0000000000000000        0x0 /usr/lib/gcc/x86_64-linux-gnu/4.8/../../../../lib32/crt1.o
 .rel.text.sched_set_status
                0x0000000000000000        0x0 /usr/lib/gcc/x86_64-linux-gnu/4.8/../../../../lib32/crt1.o
 .rel.text.sched_switch
                0x0000000000000000        0x0 /usr/lib/gcc/x86_64-linux-gnu/4.8/../../../../lib32/crt1.o
 .rel.text.sched_task_exit
                0x0000000000000000        0x0 /usr/lib/gcc/x86_64-linux-gnu/4.8/../../../../lib32/crt1.o
 .rel.text.bitarithm_msb
                0x0000000000000000        0x0 /usr/lib/gcc/x86_64-linux-gnu/4.8/../../../../lib32/crt1.o
 .rel.text.bitarithm_lsb
                0x0000000000000000        0x0 /usr/lib/gcc/x86_64-linux-gnu/4.8/../../../../lib32/crt1.o
 .rel.text.bitarithm_bits_set
                0x0000000000000000        0x0 /usr/lib/gcc/x86_64-linux-gnu/4.8/../../../../lib32/crt1.o
 .rel.text.thread_arch_isr_stack_pointer
                0x0000000000000000        0x0 /usr/lib/gcc/x86_64-linux-gnu/4.8/../../../../lib32/crt1.o
 .rel.text.thread_arch_isr_stack_start
                0x0000000000000000        0x0 /usr/lib/gcc/x86_64-linux-gnu/4.8/../../../../lib32/crt1.o
 .rel.text.print_thread_sigmask
                0x0000000000000000        0x0 /usr/lib/gcc/x86_64-linux-gnu/4.8/../../../../lib32/crt1.o
 .rel.text.print_sigmasks
                0x0000000000000000        0x0 /usr/lib/gcc/x86_64-linux-gnu/4.8/../../../../lib32/crt1.o
 .rel.text.native_print_signals
                0x0000000000000000        0x0 /usr/lib/gcc/x86_64-linux-gnu/4.8/../../../../lib32/crt1.o
 .rel.text.irq_disable
                0x0000000000000000        0x0 /usr/lib/gcc/x86_64-linux-gnu/4.8/../../../../lib32/crt1.o
 .rel.text.irq_enable
                0x0000000000000000        0x0 /usr/lib/gcc/x86_64-linux-gnu/4.8/../../../../lib32/crt1.o
 .rel.text.irq_restore
                0x0000000000000000        0x0 /usr/lib/gcc/x86_64-linux-gnu/4.8/../../../../lib32/crt1.o
 .rel.text.irq_is_in
                0x0000000000000000        0x0 /usr/lib/gcc/x86_64-linux-gnu/4.8/../../../../lib32/crt1.o
 .rel.text._native_popsig
                0x0000000000000000        0x0 /usr/lib/gcc/x86_64-linux-gnu/4.8/../../../../lib32/crt1.o
 .rel.text.native_irq_handler
                0x0000000000000000        0x0 /usr/lib/gcc/x86_64-linux-gnu/4.8/../../../../lib32/crt1.o
 .rel.text.isr_set_sigmask
                0x0000000000000000        0x0 /usr/lib/gcc/x86_64-linux-gnu/4.8/../../../../lib32/crt1.o
 .rel.text.native_isr_entry
                0x0000000000000000        0x0 /usr/lib/gcc/x86_64-linux-gnu/4.8/../../../../lib32/crt1.o
 .rel.text.set_signal_handler
                0x0000000000000000        0x0 /usr/lib/gcc/x86_64-linux-gnu/4.8/../../../../lib32/crt1.o
 .rel.text.register_interrupt
                0x0000000000000000        0x0 /usr/lib/gcc/x86_64-linux-gnu/4.8/../../../../lib32/crt1.o
 .rel.text.unregister_interrupt
                0x0000000000000000        0x0 /usr/lib/gcc/x86_64-linux-gnu/4.8/../../../../lib32/crt1.o
 .rel.text.native_shutdown
                0x0000000000000000        0x0 /usr/lib/gcc/x86_64-linux-gnu/4.8/../../../../lib32/crt1.o
 .rel.text.native_interrupt_init
                0x0000000000000000        0x0 /usr/lib/gcc/x86_64-linux-gnu/4.8/../../../../lib32/crt1.o
 .rel.text.lpm_init
                0x0000000000000000        0x0 /usr/lib/gcc/x86_64-linux-gnu/4.8/../../../../lib32/crt1.o
 .rel.text._native_lpm_sleep
                0x0000000000000000        0x0 /usr/lib/gcc/x86_64-linux-gnu/4.8/../../../../lib32/crt1.o
 .rel.text.lpm_set
                0x0000000000000000        0x0 /usr/lib/gcc/x86_64-linux-gnu/4.8/../../../../lib32/crt1.o
 .rel.text.lpm_awake
                0x0000000000000000        0x0 /usr/lib/gcc/x86_64-linux-gnu/4.8/../../../../lib32/crt1.o
 .rel.text.lpm_begin_awake
                0x0000000000000000        0x0 /usr/lib/gcc/x86_64-linux-gnu/4.8/../../../../lib32/crt1.o
 .rel.text.lpm_end_awake
                0x0000000000000000        0x0 /usr/lib/gcc/x86_64-linux-gnu/4.8/../../../../lib32/crt1.o
 .rel.text.lpm_get
                0x0000000000000000        0x0 /usr/lib/gcc/x86_64-linux-gnu/4.8/../../../../lib32/crt1.o
 .rel.text._native_mod_ctx_leave_sigh
                0x0000000000000000        0x0 /usr/lib/gcc/x86_64-linux-gnu/4.8/../../../../lib32/crt1.o
 .rel.text.thread_print_stack
                0x0000000000000000        0x0 /usr/lib/gcc/x86_64-linux-gnu/4.8/../../../../lib32/crt1.o
 .rel.text.thread_arch_isr_stack_usage
                0x0000000000000000        0x0 /usr/lib/gcc/x86_64-linux-gnu/4.8/../../../../lib32/crt1.o
 .rel.text.thread_stack_init
                0x0000000000000000        0x0 /usr/lib/gcc/x86_64-linux-gnu/4.8/../../../../lib32/crt1.o
 .rel.text.isr_cpu_switch_context_exit
                0x0000000000000000        0x0 /usr/lib/gcc/x86_64-linux-gnu/4.8/../../../../lib32/crt1.o
 .rel.text.cpu_switch_context_exit
                0x0000000000000000        0x0 /usr/lib/gcc/x86_64-linux-gnu/4.8/../../../../lib32/crt1.o
 .rel.text.isr_thread_yield
                0x0000000000000000        0x0 /usr/lib/gcc/x86_64-linux-gnu/4.8/../../../../lib32/crt1.o
 .rel.text.thread_yield_higher
                0x0000000000000000        0x0 /usr/lib/gcc/x86_64-linux-gnu/4.8/../../../../lib32/crt1.o
 .rel.text.native_cpu_init
                0x0000000000000000        0x0 /usr/lib/gcc/x86_64-linux-gnu/4.8/../../../../lib32/crt1.o
 .rel.text.panic_arch
                0x0000000000000000        0x0 /usr/lib/gcc/x86_64-linux-gnu/4.8/../../../../lib32/crt1.o
 .rel.text._native_syscall_enter
                0x0000000000000000        0x0 /usr/lib/gcc/x86_64-linux-gnu/4.8/../../../../lib32/crt1.o
 .rel.text._native_syscall_leave
                0x0000000000000000        0x0 /usr/lib/gcc/x86_64-linux-gnu/4.8/../../../../lib32/crt1.o
 .rel.text.malloc
                0x0000000000000000        0x0 /usr/lib/gcc/x86_64-linux-gnu/4.8/../../../../lib32/crt1.o
 .rel.text.free
                0x0000000000000000        0x0 /usr/lib/gcc/x86_64-linux-gnu/4.8/../../../../lib32/crt1.o
 .rel.text.calloc
                0x0000000000000000        0x0 /usr/lib/gcc/x86_64-linux-gnu/4.8/../../../../lib32/crt1.o
 .rel.text.realloc
                0x0000000000000000        0x0 /usr/lib/gcc/x86_64-linux-gnu/4.8/../../../../lib32/crt1.o
 .rel.text._native_read
                0x0000000000000000        0x0 /usr/lib/gcc/x86_64-linux-gnu/4.8/../../../../lib32/crt1.o
 .rel.text._native_write
                0x0000000000000000        0x0 /usr/lib/gcc/x86_64-linux-gnu/4.8/../../../../lib32/crt1.o
 .rel.text._native_writev
                0x0000000000000000        0x0 /usr/lib/gcc/x86_64-linux-gnu/4.8/../../../../lib32/crt1.o
 .rel.text.putchar
                0x0000000000000000        0x0 /usr/lib/gcc/x86_64-linux-gnu/4.8/../../../../lib32/crt1.o
 .rel.text.puts
                0x0000000000000000        0x0 /usr/lib/gcc/x86_64-linux-gnu/4.8/../../../../lib32/crt1.o
 .rel.text.make_message
                0x0000000000000000        0x0 /usr/lib/gcc/x86_64-linux-gnu/4.8/../../../../lib32/crt1.o
 .rel.text.printf
                0x0000000000000000        0x0 /usr/lib/gcc/x86_64-linux-gnu/4.8/../../../../lib32/crt1.o
 .rel.text.vprintf
                0x0000000000000000        0x0 /usr/lib/gcc/x86_64-linux-gnu/4.8/../../../../lib32/crt1.o
 .rel.text.fprintf
                0x0000000000000000        0x0 /usr/lib/gcc/x86_64-linux-gnu/4.8/../../../../lib32/crt1.o
 .rel.text.vfprintf
                0x0000000000000000        0x0 /usr/lib/gcc/x86_64-linux-gnu/4.8/../../../../lib32/crt1.o
 .rel.text.vwarn
                0x0000000000000000        0x0 /usr/lib/gcc/x86_64-linux-gnu/4.8/../../../../lib32/crt1.o
 .rel.text.vwarnx
                0x0000000000000000        0x0 /usr/lib/gcc/x86_64-linux-gnu/4.8/../../../../lib32/crt1.o
 .rel.text.warn
                0x0000000000000000        0x0 /usr/lib/gcc/x86_64-linux-gnu/4.8/../../../../lib32/crt1.o
 .rel.text.warnx
                0x0000000000000000        0x0 /usr/lib/gcc/x86_64-linux-gnu/4.8/../../../../lib32/crt1.o
 .rel.text.getpid
                0x0000000000000000        0x0 /usr/lib/gcc/x86_64-linux-gnu/4.8/../../../../lib32/crt1.o
 .rel.text._native_init_syscalls
                0x0000000000000000        0x0 /usr/lib/gcc/x86_64-linux-gnu/4.8/../../../../lib32/crt1.o
 .rel.text._native_LED_GREEN_OFF
                0x0000000000000000        0x0 /usr/lib/gcc/x86_64-linux-gnu/4.8/../../../../lib32/crt1.o
 .rel.text._native_LED_GREEN_ON
                0x0000000000000000        0x0 /usr/lib/gcc/x86_64-linux-gnu/4.8/../../../../lib32/crt1.o
 .rel.text._native_LED_GREEN_TOGGLE
                0x0000000000000000        0x0 /usr/lib/gcc/x86_64-linux-gnu/4.8/../../../../lib32/crt1.o
 .rel.text._native_LED_RED_OFF
                0x0000000000000000        0x0 /usr/lib/gcc/x86_64-linux-gnu/4.8/../../../../lib32/crt1.o
 .rel.text._native_LED_RED_ON
                0x0000000000000000        0x0 /usr/lib/gcc/x86_64-linux-gnu/4.8/../../../../lib32/crt1.o
 .rel.text._native_LED_RED_TOGGLE
                0x0000000000000000        0x0 /usr/lib/gcc/x86_64-linux-gnu/4.8/../../../../lib32/crt1.o
 .rel.text.tty_uart_setup
                0x0000000000000000        0x0 /usr/lib/gcc/x86_64-linux-gnu/4.8/../../../../lib32/crt1.o
 .rel.text.io_signal_handler
                0x0000000000000000        0x0 /usr/lib/gcc/x86_64-linux-gnu/4.8/../../../../lib32/crt1.o
 .rel.text.uart_init
                0x0000000000000000        0x0 /usr/lib/gcc/x86_64-linux-gnu/4.8/../../../../lib32/crt1.o
 .rel.text.uart_write
                0x0000000000000000        0x0 /usr/lib/gcc/x86_64-linux-gnu/4.8/../../../../lib32/crt1.o
 .rel.text.uart_cleanup
                0x0000000000000000        0x0 /usr/lib/gcc/x86_64-linux-gnu/4.8/../../../../lib32/crt1.o
 .rel.text.ps   0x0000000000000000        0x0 /usr/lib/gcc/x86_64-linux-gnu/4.8/../../../../lib32/crt1.o
 .rel.text.auto_init
                0x0000000000000000        0x0 /usr/lib/gcc/x86_64-linux-gnu/4.8/../../../../lib32/crt1.o
 .rel.text._async_io_isr
                0x0000000000000000        0x0 /usr/lib/gcc/x86_64-linux-gnu/4.8/../../../../lib32/crt1.o
 .rel.text.native_async_read_setup
                0x0000000000000000        0x0 /usr/lib/gcc/x86_64-linux-gnu/4.8/../../../../lib32/crt1.o
 .rel.text.native_async_read_cleanup
                0x0000000000000000        0x0 /usr/lib/gcc/x86_64-linux-gnu/4.8/../../../../lib32/crt1.o
 .rel.text.native_async_read_continue
                0x0000000000000000        0x0 /usr/lib/gcc/x86_64-linux-gnu/4.8/../../../../lib32/crt1.o
 .rel.text.native_async_read_add_handler
                0x0000000000000000        0x0 /usr/lib/gcc/x86_64-linux-gnu/4.8/../../../../lib32/crt1.o
 *(.rel.fini)
 *(.rel.rodata .rel.rodata.* .rel.gnu.linkonce.r.*)
 *(.rel.data.rel.ro .rel.data.rel.ro.* .rel.gnu.linkonce.d.rel.ro.*)
 *(.rel.data .rel.data.* .rel.gnu.linkonce.d.*)
 *(.rel.tdata .rel.tdata.* .rel.gnu.linkonce.td.*)
 *(.rel.tbss .rel.tbss.* .rel.gnu.linkonce.tb.*)
 *(.rel.ctors)
 *(.rel.dtors)
 *(.rel.got)
 .rel.got       0x0000000008048834        0x8 /usr/lib/gcc/x86_64-linux-gnu/4.8/../../../../lib32/crt1.o
 *(.rel.bss .rel.bss.* .rel.gnu.linkonce.b.*)
 .rel.bss       0x000000000804883c       0x10 /usr/lib/gcc/x86_64-linux-gnu/4.8/../../../../lib32/crt1.o
 *(.rel.ifunc)

.rel.plt        0x000000000804884c       0xc0
 *(.rel.plt)
 .rel.plt       0x000000000804884c       0xc0 /usr/lib/gcc/x86_64-linux-gnu/4.8/../../../../lib32/crt1.o
                0x000000000804890c                PROVIDE (__rel_iplt_start, .)
 *(.rel.iplt)
 .rel.iplt      0x0000000000000000        0x0 /usr/lib/gcc/x86_64-linux-gnu/4.8/../../../../lib32/crt1.o
                0x000000000804890c                PROVIDE (__rel_iplt_end, .)

.init           0x000000000804890c       0x23
 *(SORT(.init))
 .init          0x000000000804890c       0x1e /usr/lib/gcc/x86_64-linux-gnu/4.8/../../../../lib32/crti.o
                0x000000000804890c                _init
 .init          0x000000000804892a        0x5 /usr/lib/gcc/x86_64-linux-gnu/4.8/../../../../lib32/crtn.o

.plt            0x0000000008048930      0x190
 *(.plt)
 .plt           0x0000000008048930      0x190 /usr/lib/gcc/x86_64-linux-gnu/4.8/../../../../lib32/crt1.o
                0x0000000008048940                strcmp@@GLIBC_2.0
                0x0000000008048950                sigprocmask@@GLIBC_2.0
                0x0000000008048960                setcontext@@GLIBC_2.0
                0x0000000008048970                __stack_chk_fail@@GLIBC_2.4
                0x0000000008048980                strerror@@GLIBC_2.0
                0x00000000080489a0                kill@@GLIBC_2.0
                0x00000000080489b0                strlen@@GLIBC_2.0
                0x00000000080489c0                __libc_start_main@@GLIBC_2.0
                0x00000000080489d0                sigdelset@@GLIBC_2.0
                0x00000000080489e0                atol@@GLIBC_2.0
                0x00000000080489f0                getcontext@@GLIBC_2.1
                0x0000000008048a00                dlsym@@GLIBC_2.0
                0x0000000008048a10                sigfillset@@GLIBC_2.0
                0x0000000008048a20                snprintf@@GLIBC_2.0
                0x0000000008048a30                swapcontext@@GLIBC_2.1
                0x0000000008048a40                __errno_location@@GLIBC_2.0
                0x0000000008048a50                fileno@@GLIBC_2.0
                0x0000000008048a60                makecontext@@GLIBC_2.1
                0x0000000008048a70                strndup@@GLIBC_2.0
                0x0000000008048a80                sigemptyset@@GLIBC_2.0
                0x0000000008048a90                vsnprintf@@GLIBC_2.0
                0x0000000008048aa0                sigaction@@GLIBC_2.0
                0x0000000008048ab0                sigaltstack@@GLIBC_2.0
 *(.iplt)
 .iplt          0x0000000000000000        0x0 /usr/lib/gcc/x86_64-linux-gnu/4.8/../../../../lib32/crt1.o

.text           0x0000000008048ac0     0x6f32
 *(.text.unlikely .text.*_unlikely .text.unlikely.*)
 *(.text.exit .text.exit.*)
 *(.text.startup .text.startup.*)
 .text.startup  0x0000000008048ac0      0x31e /home/a/RIOT/RIOTNerf/fixed_point/bin/native/cpu/startup.o
 *(.text.hot .text.hot.*)
 *(.text .stub .text.* .gnu.linkonce.t.*)
 .text          0x0000000008048dde       0x22 /usr/lib/gcc/x86_64-linux-gnu/4.8/../../../../lib32/crt1.o
                0x0000000008048dde                _start
 .gnu.linkonce.t.__x86.get_pc_thunk.bx
                0x0000000008048e00        0x4 /usr/lib/gcc/x86_64-linux-gnu/4.8/../../../../lib32/crti.o
                0x0000000008048e00                __x86.get_pc_thunk.bx
 *fill*         0x0000000008048e04        0xc 
 .text          0x0000000008048e10       0xbd /usr/lib/gcc/x86_64-linux-gnu/4.8/32/crtbegin.o
 .text._native_null_in
                0x0000000008048ecd       0x9b /home/a/RIOT/RIOTNerf/fixed_point/bin/native/cpu/startup.o
                0x0000000008048ecd                _native_null_in
 .text._native_log_stdout
                0x0000000008048f68      0x17e /home/a/RIOT/RIOTNerf/fixed_point/bin/native/cpu/startup.o
                0x0000000008048f68                _native_log_stdout
 .text._native_log_stderr
                0x00000000080490e6      0x169 /home/a/RIOT/RIOTNerf/fixed_point/bin/native/cpu/startup.o
                0x00000000080490e6                _native_log_stderr
 .text.daemonize
                0x000000000804924f       0xde /home/a/RIOT/RIOTNerf/fixed_point/bin/native/cpu/startup.o
                0x000000000804924f                daemonize
 .text.filter_daemonize_argv
                0x000000000804932d       0x8d /home/a/RIOT/RIOTNerf/fixed_point/bin/native/cpu/startup.o
 .text.usage_exit
                0x00000000080493ba       0x87 /home/a/RIOT/RIOTNerf/fixed_point/bin/native/cpu/startup.o
                0x00000000080493ba                usage_exit
 .text.main     0x0000000008049441       0x68 /home/a/RIOT/RIOTNerf/fixed_point/bin/native/fixed_point_application.a(main.o)
                0x0000000008049441                main
 .text.printf_stderr
                0x00000000080494a9       0x51 /home/a/RIOT/RIOTNerf/fixed_point/bin/native/fixed_point_application.a(tests.o)
 .text.double_almost_equal
                0x00000000080494fa       0x73 /home/a/RIOT/RIOTNerf/fixed_point/bin/native/fixed_point_application.a(tests.o)
 .text.float_almost_equal
                0x000000000804956d       0x67 /home/a/RIOT/RIOTNerf/fixed_point/bin/native/fixed_point_application.a(tests.o)
 .text.fp32_double_conversions
                0x00000000080495d4      0x17d /home/a/RIOT/RIOTNerf/fixed_point/bin/native/fixed_point_application.a(tests.o)
 .text.fp64_double_conversions
                0x0000000008049751      0x192 /home/a/RIOT/RIOTNerf/fixed_point/bin/native/fixed_point_application.a(tests.o)
 .text.fpu32_double_conversions
                0x00000000080498e3      0x179 /home/a/RIOT/RIOTNerf/fixed_point/bin/native/fixed_point_application.a(tests.o)
 .text.fpu64_double_conversions
                0x0000000008049a5c      0x18e /home/a/RIOT/RIOTNerf/fixed_point/bin/native/fixed_point_application.a(tests.o)
 .text.fp32_float_conversions
                0x0000000008049bea      0x187 /home/a/RIOT/RIOTNerf/fixed_point/bin/native/fixed_point_application.a(tests.o)
 .text.fp64_float_conversions
                0x0000000008049d71      0x19c /home/a/RIOT/RIOTNerf/fixed_point/bin/native/fixed_point_application.a(tests.o)
 .text.fpu32_float_conversions
                0x0000000008049f0d      0x187 /home/a/RIOT/RIOTNerf/fixed_point/bin/native/fixed_point_application.a(tests.o)
 .text.fpu64_float_conversions
                0x000000000804a094      0x19c /home/a/RIOT/RIOTNerf/fixed_point/bin/native/fixed_point_application.a(tests.o)
 .text.fp32_int_conversions
                0x000000000804a230      0x1f3 /home/a/RIOT/RIOTNerf/fixed_point/bin/native/fixed_point_application.a(tests.o)
 .text.fp64_int_conversions
                0x000000000804a423      0x23b /home/a/RIOT/RIOTNerf/fixed_point/bin/native/fixed_point_application.a(tests.o)
 .text.fpu32_int_conversions
                0x000000000804a65e      0x19c /home/a/RIOT/RIOTNerf/fixed_point/bin/native/fixed_point_application.a(tests.o)
 .text.fpu64_int_conversions
                0x000000000804a7fa      0x1d0 /home/a/RIOT/RIOTNerf/fixed_point/bin/native/fixed_point_application.a(tests.o)
 .text.fractions
                0x000000000804a9ca      0x268 /home/a/RIOT/RIOTNerf/fixed_point/bin/native/fixed_point_application.a(tests.o)
 .text.whole_parts
                0x000000000804ac32      0x268 /home/a/RIOT/RIOTNerf/fixed_point/bin/native/fixed_point_application.a(tests.o)
 .text.add      0x000000000804ae9a      0x463 /home/a/RIOT/RIOTNerf/fixed_point/bin/native/fixed_point_application.a(tests.o)
 .text.sub      0x000000000804b2fd      0x2f5 /home/a/RIOT/RIOTNerf/fixed_point/bin/native/fixed_point_application.a(tests.o)
 .text.mul      0x000000000804b5f2      0x2e9 /home/a/RIOT/RIOTNerf/fixed_point/bin/native/fixed_point_application.a(tests.o)
 .text.division
                0x000000000804b8db      0x2f5 /home/a/RIOT/RIOTNerf/fixed_point/bin/native/fixed_point_application.a(tests.o)
 .text.all_tests
                0x000000000804bbd0       0x9b /home/a/RIOT/RIOTNerf/fixed_point/bin/native/fixed_point_application.a(tests.o)
 .text.run_all_tests
                0x000000000804bc6b       0x7e /home/a/RIOT/RIOTNerf/fixed_point/bin/native/fixed_point_application.a(tests.o)
                0x000000000804bc6b                run_all_tests
 .text.double_to_fp32
                0x000000000804bce9       0x6a /home/a/RIOT/RIOTNerf/fixed_point/bin/native/fixed_point_application.a(fixed_point.o)
                0x000000000804bce9                double_to_fp32
 .text.double_to_fp64
                0x000000000804bd53       0x76 /home/a/RIOT/RIOTNerf/fixed_point/bin/native/fixed_point_application.a(fixed_point.o)
                0x000000000804bd53                double_to_fp64
 .text.double_to_fpu32
                0x000000000804bdc9       0x6d /home/a/RIOT/RIOTNerf/fixed_point/bin/native/fixed_point_application.a(fixed_point.o)
                0x000000000804bdc9                double_to_fpu32
 .text.double_to_fpu64
                0x000000000804be36       0xc5 /home/a/RIOT/RIOTNerf/fixed_point/bin/native/fixed_point_application.a(fixed_point.o)
                0x000000000804be36                double_to_fpu64
 .text.float_to_fp32
                0x000000000804befb       0x64 /home/a/RIOT/RIOTNerf/fixed_point/bin/native/fixed_point_application.a(fixed_point.o)
                0x000000000804befb                float_to_fp32
 .text.float_to_fp64
                0x000000000804bf5f       0x70 /home/a/RIOT/RIOTNerf/fixed_point/bin/native/fixed_point_application.a(fixed_point.o)
                0x000000000804bf5f                float_to_fp64
 .text.float_to_fpu32
                0x000000000804bfcf       0x67 /home/a/RIOT/RIOTNerf/fixed_point/bin/native/fixed_point_application.a(fixed_point.o)
                0x000000000804bfcf                float_to_fpu32
 .text.float_to_fpu64
                0x000000000804c036       0xbf /home/a/RIOT/RIOTNerf/fixed_point/bin/native/fixed_point_application.a(fixed_point.o)
                0x000000000804c036                float_to_fpu64
 .text.fp32_to_double
                0x000000000804c0f5       0x3d /home/a/RIOT/RIOTNerf/fixed_point/bin/native/fixed_point_application.a(fixed_point.o)
                0x000000000804c0f5                fp32_to_double
 .text.fp64_to_double
                0x000000000804c132       0x49 /home/a/RIOT/RIOTNerf/fixed_point/bin/native/fixed_point_application.a(fixed_point.o)
                0x000000000804c132                fp64_to_double
 .text.fpu32_to_double
                0x000000000804c17b       0x45 /home/a/RIOT/RIOTNerf/fixed_point/bin/native/fixed_point_application.a(fixed_point.o)
                0x000000000804c17b                fpu32_to_double
 .text.fpu64_to_double
                0x000000000804c1c0       0x5b /home/a/RIOT/RIOTNerf/fixed_point/bin/native/fixed_point_application.a(fixed_point.o)
                0x000000000804c1c0                fpu64_to_double
 .text.fp32_to_float
                0x000000000804c21b       0x3d /home/a/RIOT/RIOTNerf/fixed_point/bin/native/fixed_point_application.a(fixed_point.o)
                0x000000000804c21b                fp32_to_float
 .text.fp64_to_float
                0x000000000804c258       0x49 /home/a/RIOT/RIOTNerf/fixed_point/bin/native/fixed_point_application.a(fixed_point.o)
                0x000000000804c258                fp64_to_float
 .text.fpu32_to_float
                0x000000000804c2a1       0x45 /home/a/RIOT/RIOTNerf/fixed_point/bin/native/fixed_point_application.a(fixed_point.o)
                0x000000000804c2a1                fpu32_to_float
 .text.fpu64_to_float
                0x000000000804c2e6       0x5b /home/a/RIOT/RIOTNerf/fixed_point/bin/native/fixed_point_application.a(fixed_point.o)
                0x000000000804c2e6                fpu64_to_float
 .text.int_to_fp32
                0x000000000804c341       0x48 /home/a/RIOT/RIOTNerf/fixed_point/bin/native/fixed_point_application.a(fixed_point.o)
                0x000000000804c341                int_to_fp32
 .text.int_to_fp64
                0x000000000804c389       0x54 /home/a/RIOT/RIOTNerf/fixed_point/bin/native/fixed_point_application.a(fixed_point.o)
                0x000000000804c389                int_to_fp64
 .text.int_to_fpu32
                0x000000000804c3dd       0x48 /home/a/RIOT/RIOTNerf/fixed_point/bin/native/fixed_point_application.a(fixed_point.o)
                0x000000000804c3dd                int_to_fpu32
 .text.int_to_fpu64
                0x000000000804c425       0x58 /home/a/RIOT/RIOTNerf/fixed_point/bin/native/fixed_point_application.a(fixed_point.o)
                0x000000000804c425                int_to_fpu64
 .text.fp32_to_int
                0x000000000804c47d       0x30 /home/a/RIOT/RIOTNerf/fixed_point/bin/native/fixed_point_application.a(fixed_point.o)
                0x000000000804c47d                fp32_to_int
 .text.fp64_to_int
                0x000000000804c4ad       0x3d /home/a/RIOT/RIOTNerf/fixed_point/bin/native/fixed_point_application.a(fixed_point.o)
                0x000000000804c4ad                fp64_to_int
 .text.fpu32_to_int
                0x000000000804c4ea       0x30 /home/a/RIOT/RIOTNerf/fixed_point/bin/native/fixed_point_application.a(fixed_point.o)
                0x000000000804c4ea                fpu32_to_int
 .text.fpu64_to_int
                0x000000000804c51a       0x3a /home/a/RIOT/RIOTNerf/fixed_point/bin/native/fixed_point_application.a(fixed_point.o)
                0x000000000804c51a                fpu64_to_int
 .text.fp32_fraction
                0x000000000804c554       0x46 /home/a/RIOT/RIOTNerf/fixed_point/bin/native/fixed_point_application.a(fixed_point.o)
                0x000000000804c554                fp32_fraction
 .text.fp64_fraction
                0x000000000804c59a       0x6b /home/a/RIOT/RIOTNerf/fixed_point/bin/native/fixed_point_application.a(fixed_point.o)
                0x000000000804c59a                fp64_fraction
 .text.fpu32_fraction
                0x000000000804c605       0x46 /home/a/RIOT/RIOTNerf/fixed_point/bin/native/fixed_point_application.a(fixed_point.o)
                0x000000000804c605                fpu32_fraction
 .text.fpu64_fraction
                0x000000000804c64b       0x6b /home/a/RIOT/RIOTNerf/fixed_point/bin/native/fixed_point_application.a(fixed_point.o)
                0x000000000804c64b                fpu64_fraction
 .text.fp32_whole
                0x000000000804c6b6       0x47 /home/a/RIOT/RIOTNerf/fixed_point/bin/native/fixed_point_application.a(fixed_point.o)
                0x000000000804c6b6                fp32_whole
 .text.fp64_whole
                0x000000000804c6fd       0x6b /home/a/RIOT/RIOTNerf/fixed_point/bin/native/fixed_point_application.a(fixed_point.o)
                0x000000000804c6fd                fp64_whole
 .text.fpu32_whole
                0x000000000804c768       0x47 /home/a/RIOT/RIOTNerf/fixed_point/bin/native/fixed_point_application.a(fixed_point.o)
                0x000000000804c768                fpu32_whole
 .text.fpu64_whole
                0x000000000804c7af       0x6b /home/a/RIOT/RIOTNerf/fixed_point/bin/native/fixed_point_application.a(fixed_point.o)
                0x000000000804c7af                fpu64_whole
 .text.fp32_add
                0x000000000804c81a       0x4e /home/a/RIOT/RIOTNerf/fixed_point/bin/native/fixed_point_application.a(fixed_point.o)
                0x000000000804c81a                fp32_add
 .text.fp64_add
                0x000000000804c868       0x70 /home/a/RIOT/RIOTNerf/fixed_point/bin/native/fixed_point_application.a(fixed_point.o)
                0x000000000804c868                fp64_add
 .text.fpu32_add
                0x000000000804c8d8       0x4e /home/a/RIOT/RIOTNerf/fixed_point/bin/native/fixed_point_application.a(fixed_point.o)
                0x000000000804c8d8                fpu32_add
 .text.fpu64_add
                0x000000000804c926       0x70 /home/a/RIOT/RIOTNerf/fixed_point/bin/native/fixed_point_application.a(fixed_point.o)
                0x000000000804c926                fpu64_add
 .text.fp32_sub
                0x000000000804c996       0x50 /home/a/RIOT/RIOTNerf/fixed_point/bin/native/fixed_point_application.a(fixed_point.o)
                0x000000000804c996                fp32_sub
 .text.fp64_sub
                0x000000000804c9e6       0x70 /home/a/RIOT/RIOTNerf/fixed_point/bin/native/fixed_point_application.a(fixed_point.o)
                0x000000000804c9e6                fp64_sub
 .text.fpu32_sub
                0x000000000804ca56       0x50 /home/a/RIOT/RIOTNerf/fixed_point/bin/native/fixed_point_application.a(fixed_point.o)
                0x000000000804ca56                fpu32_sub
 .text.fpu64_sub
                0x000000000804caa6       0x70 /home/a/RIOT/RIOTNerf/fixed_point/bin/native/fixed_point_application.a(fixed_point.o)
                0x000000000804caa6                fpu64_sub
 .text.fp32_mul
                0x000000000804cb16       0x57 /home/a/RIOT/RIOTNerf/fixed_point/bin/native/fixed_point_application.a(fixed_point.o)
                0x000000000804cb16                fp32_mul
 .text.fp64_mul
                0x000000000804cb6d       0x95 /home/a/RIOT/RIOTNerf/fixed_point/bin/native/fixed_point_application.a(fixed_point.o)
                0x000000000804cb6d                fp64_mul
 .text.fpu32_mul
                0x000000000804cc02       0x57 /home/a/RIOT/RIOTNerf/fixed_point/bin/native/fixed_point_application.a(fixed_point.o)
                0x000000000804cc02                fpu32_mul
 .text.fpu64_mul
                0x000000000804cc59       0x95 /home/a/RIOT/RIOTNerf/fixed_point/bin/native/fixed_point_application.a(fixed_point.o)
                0x000000000804cc59                fpu64_mul
 .text.fp32_div
                0x000000000804ccee       0x5a /home/a/RIOT/RIOTNerf/fixed_point/bin/native/fixed_point_application.a(fixed_point.o)
                0x000000000804ccee                fp32_div
 .text.fp64_div
                0x000000000804cd48       0x8e /home/a/RIOT/RIOTNerf/fixed_point/bin/native/fixed_point_application.a(fixed_point.o)
                0x000000000804cd48                fp64_div
 .text.fpu32_div
                0x000000000804cdd6       0x5e /home/a/RIOT/RIOTNerf/fixed_point/bin/native/fixed_point_application.a(fixed_point.o)
                0x000000000804cdd6                fpu32_div
 .text.fpu64_div
                0x000000000804ce34       0x8e /home/a/RIOT/RIOTNerf/fixed_point/bin/native/fixed_point_application.a(fixed_point.o)
                0x000000000804ce34                fpu64_div
 .text.board_init
                0x000000000804cec2       0x3a /home/a/RIOT/RIOTNerf/fixed_point/bin/native/board.a(board_init.o)
                0x000000000804cec2                board_init
 .text.main_trampoline
                0x000000000804cefc       0x45 /home/a/RIOT/RIOTNerf/fixed_point/bin/native/core.a(kernel_init.o)
 .text.idle_thread
                0x000000000804cf41       0x3c /home/a/RIOT/RIOTNerf/fixed_point/bin/native/core.a(kernel_init.o)
 .text.kernel_init
                0x000000000804cf7d       0x95 /home/a/RIOT/RIOTNerf/fixed_point/bin/native/core.a(kernel_init.o)
                0x000000000804cf7d                kernel_init
 .text.cib_init
                0x000000000804d012       0x7c /home/a/RIOT/RIOTNerf/fixed_point/bin/native/core.a(thread.o)
 .text.thread_measure_stack_free
                0x000000000804d08e       0x52 /home/a/RIOT/RIOTNerf/fixed_point/bin/native/core.a(thread.o)
                0x000000000804d08e                thread_measure_stack_free
 .text.thread_create
                0x000000000804d0e0      0x262 /home/a/RIOT/RIOTNerf/fixed_point/bin/native/core.a(thread.o)
                0x000000000804d0e0                thread_create
 .text.core_panic
                0x000000000804d342       0x83 /home/a/RIOT/RIOTNerf/fixed_point/bin/native/core.a(panic.o)
                0x000000000804d342                core_panic
 .text.clist_rpush
                0x000000000804d3c5       0x61 /home/a/RIOT/RIOTNerf/fixed_point/bin/native/core.a(sched.o)
 .text.clist_lpop
                0x000000000804d426       0x68 /home/a/RIOT/RIOTNerf/fixed_point/bin/native/core.a(sched.o)
 .text.sched_run
                0x000000000804d48e       0xa6 /home/a/RIOT/RIOTNerf/fixed_point/bin/native/core.a(sched.o)
                0x000000000804d48e                sched_run
 .text.sched_set_status
                0x000000000804d534       0xf8 /home/a/RIOT/RIOTNerf/fixed_point/bin/native/core.a(sched.o)
                0x000000000804d534                sched_set_status
 .text.sched_switch
                0x000000000804d62c       0x7d /home/a/RIOT/RIOTNerf/fixed_point/bin/native/core.a(sched.o)
                0x000000000804d62c                sched_switch
 .text.sched_task_exit
                0x000000000804d6a9       0x5a /home/a/RIOT/RIOTNerf/fixed_point/bin/native/core.a(sched.o)
                0x000000000804d6a9                sched_task_exit
 .text.bitarithm_lsb
                0x000000000804d703       0x46 /home/a/RIOT/RIOTNerf/fixed_point/bin/native/core.a(bitarithm.o)
                0x000000000804d703                bitarithm_lsb
 .text.thread_arch_isr_stack_pointer
                0x000000000804d749       0x29 /home/a/RIOT/RIOTNerf/fixed_point/bin/native/cpu.a(irq_cpu.o)
                0x000000000804d749                thread_arch_isr_stack_pointer
 .text.thread_arch_isr_stack_start
                0x000000000804d772       0x29 /home/a/RIOT/RIOTNerf/fixed_point/bin/native/cpu.a(irq_cpu.o)
                0x000000000804d772                thread_arch_isr_stack_start
 .text.irq_disable
                0x000000000804d79b       0x7d /home/a/RIOT/RIOTNerf/fixed_point/bin/native/cpu.a(irq_cpu.o)
                0x000000000804d79b                irq_disable
 .text.irq_enable
                0x000000000804d818       0xa0 /home/a/RIOT/RIOTNerf/fixed_point/bin/native/cpu.a(irq_cpu.o)
                0x000000000804d818                irq_enable
 .text.irq_restore
                0x000000000804d8b8       0x3d /home/a/RIOT/RIOTNerf/fixed_point/bin/native/cpu.a(irq_cpu.o)
                0x000000000804d8b8                irq_restore
 .text.irq_is_in
                0x000000000804d8f5       0x29 /home/a/RIOT/RIOTNerf/fixed_point/bin/native/cpu.a(irq_cpu.o)
                0x000000000804d8f5                irq_is_in
 .text._native_popsig
                0x000000000804d91e       0x96 /home/a/RIOT/RIOTNerf/fixed_point/bin/native/cpu.a(irq_cpu.o)
                0x000000000804d91e                _native_popsig
 .text.native_irq_handler
                0x000000000804d9b4       0x81 /home/a/RIOT/RIOTNerf/fixed_point/bin/native/cpu.a(irq_cpu.o)
                0x000000000804d9b4                native_irq_handler
 .text.isr_set_sigmask
                0x000000000804da35       0x55 /home/a/RIOT/RIOTNerf/fixed_point/bin/native/cpu.a(irq_cpu.o)
                0x000000000804da35                isr_set_sigmask
 .text.native_isr_entry
                0x000000000804da8a      0x15e /home/a/RIOT/RIOTNerf/fixed_point/bin/native/cpu.a(irq_cpu.o)
                0x000000000804da8a                native_isr_entry
 .text.native_shutdown
                0x000000000804dbe8       0x42 /home/a/RIOT/RIOTNerf/fixed_point/bin/native/cpu.a(irq_cpu.o)
 .text.native_interrupt_init
                0x000000000804dc2a      0x300 /home/a/RIOT/RIOTNerf/fixed_point/bin/native/cpu.a(irq_cpu.o)
                0x000000000804dc2a                native_interrupt_init
 .text._native_lpm_sleep
                0x000000000804df2a       0x60 /home/a/RIOT/RIOTNerf/fixed_point/bin/native/cpu.a(lpm_cpu.o)
                0x000000000804df2a                _native_lpm_sleep
 .text.lpm_set  0x000000000804df8a       0x98 /home/a/RIOT/RIOTNerf/fixed_point/bin/native/cpu.a(lpm_cpu.o)
                0x000000000804df8a                lpm_set
 .text._native_mod_ctx_leave_sigh
                0x000000000804e022       0x40 /home/a/RIOT/RIOTNerf/fixed_point/bin/native/cpu.a(native_cpu.o)
 .text.thread_arch_isr_stack_usage
                0x000000000804e062       0x29 /home/a/RIOT/RIOTNerf/fixed_point/bin/native/cpu.a(native_cpu.o)
                0x000000000804e062                thread_arch_isr_stack_usage
 .text.thread_stack_init
                0x000000000804e08b       0xf3 /home/a/RIOT/RIOTNerf/fixed_point/bin/native/cpu.a(native_cpu.o)
                0x000000000804e08b                thread_stack_init
 .text.isr_cpu_switch_context_exit
                0x000000000804e17e       0x80 /home/a/RIOT/RIOTNerf/fixed_point/bin/native/cpu.a(native_cpu.o)
                0x000000000804e17e                isr_cpu_switch_context_exit
 .text.cpu_switch_context_exit
                0x000000000804e1fe       0xb9 /home/a/RIOT/RIOTNerf/fixed_point/bin/native/cpu.a(native_cpu.o)
                0x000000000804e1fe                cpu_switch_context_exit
 .text.isr_thread_yield
                0x000000000804e2b7       0x7a /home/a/RIOT/RIOTNerf/fixed_point/bin/native/cpu.a(native_cpu.o)
                0x000000000804e2b7                isr_thread_yield
 .text.thread_yield_higher
                0x000000000804e331       0xd1 /home/a/RIOT/RIOTNerf/fixed_point/bin/native/cpu.a(native_cpu.o)
                0x000000000804e331                thread_yield_higher
 .text.native_cpu_init
                0x000000000804e402       0x83 /home/a/RIOT/RIOTNerf/fixed_point/bin/native/cpu.a(native_cpu.o)
                0x000000000804e402                native_cpu_init
 .text.panic_arch
                0x000000000804e485       0x39 /home/a/RIOT/RIOTNerf/fixed_point/bin/native/cpu.a(panic.o)
                0x000000000804e485                panic_arch
 .text._native_syscall_enter
                0x000000000804e4be       0x31 /home/a/RIOT/RIOTNerf/fixed_point/bin/native/cpu.a(syscalls.o)
                0x000000000804e4be                _native_syscall_enter
 .text._native_syscall_leave
                0x000000000804e4ef       0xfb /home/a/RIOT/RIOTNerf/fixed_point/bin/native/cpu.a(syscalls.o)
                0x000000000804e4ef                _native_syscall_leave
 .text.malloc   0x000000000804e5ea       0x94 /home/a/RIOT/RIOTNerf/fixed_point/bin/native/cpu.a(syscalls.o)
                0x000000000804e5ea                malloc
 .text.free     0x000000000804e67e       0x41 /home/a/RIOT/RIOTNerf/fixed_point/bin/native/cpu.a(syscalls.o)
                0x000000000804e67e                free
 .text.calloc   0x000000000804e6bf       0xa1 /home/a/RIOT/RIOTNerf/fixed_point/bin/native/cpu.a(syscalls.o)
                0x000000000804e6bf                calloc
 .text.realloc  0x000000000804e760       0x54 /home/a/RIOT/RIOTNerf/fixed_point/bin/native/cpu.a(syscalls.o)
                0x000000000804e760                realloc
 .text._native_write
                0x000000000804e7b4       0x61 /home/a/RIOT/RIOTNerf/fixed_point/bin/native/cpu.a(syscalls.o)
                0x000000000804e7b4                _native_write
 .text.putchar  0x000000000804e815       0x4a /home/a/RIOT/RIOTNerf/fixed_point/bin/native/cpu.a(syscalls.o)
                0x000000000804e815                putchar
 .text.puts     0x000000000804e85f       0x5e /home/a/RIOT/RIOTNerf/fixed_point/bin/native/cpu.a(syscalls.o)
                0x000000000804e85f                puts
 .text.make_message
                0x000000000804e8bd       0xcd /home/a/RIOT/RIOTNerf/fixed_point/bin/native/cpu.a(syscalls.o)
                0x000000000804e8bd                make_message
 .text.printf   0x000000000804e98a       0x51 /home/a/RIOT/RIOTNerf/fixed_point/bin/native/cpu.a(syscalls.o)
                0x000000000804e98a                printf
 .text.vprintf  0x000000000804e9db       0x4b /home/a/RIOT/RIOTNerf/fixed_point/bin/native/cpu.a(syscalls.o)
                0x000000000804e9db                vprintf
 .text.fprintf  0x000000000804ea26       0x55 /home/a/RIOT/RIOTNerf/fixed_point/bin/native/cpu.a(syscalls.o)
                0x000000000804ea26                fprintf
 .text.vfprintf
                0x000000000804ea7b       0xa6 /home/a/RIOT/RIOTNerf/fixed_point/bin/native/cpu.a(syscalls.o)
                0x000000000804ea7b                vfprintf
 .text.vwarn    0x000000000804eb21      0x151 /home/a/RIOT/RIOTNerf/fixed_point/bin/native/cpu.a(syscalls.o)
                0x000000000804eb21                vwarn
 .text.vwarnx   0x000000000804ec72      0x101 /home/a/RIOT/RIOTNerf/fixed_point/bin/native/cpu.a(syscalls.o)
                0x000000000804ec72                vwarnx
 .text.verr     0x000000000804ed73       0x42 /home/a/RIOT/RIOTNerf/fixed_point/bin/native/cpu.a(syscalls.o)
                0x000000000804ed73                verr
 .text.verrx    0x000000000804edb5       0x42 /home/a/RIOT/RIOTNerf/fixed_point/bin/native/cpu.a(syscalls.o)
                0x000000000804edb5                verrx
 .text.warn     0x000000000804edf7       0x42 /home/a/RIOT/RIOTNerf/fixed_point/bin/native/cpu.a(syscalls.o)
                0x000000000804edf7                warn
 .text.warnx    0x000000000804ee39       0x42 /home/a/RIOT/RIOTNerf/fixed_point/bin/native/cpu.a(syscalls.o)
                0x000000000804ee39                warnx
 .text.err      0x000000000804ee7b       0x3c /home/a/RIOT/RIOTNerf/fixed_point/bin/native/cpu.a(syscalls.o)
                0x000000000804ee7b                err
 .text.errx     0x000000000804eeb7       0x3c /home/a/RIOT/RIOTNerf/fixed_point/bin/native/cpu.a(syscalls.o)
                0x000000000804eeb7                errx
 .text.getpid   0x000000000804eef3       0x35 /home/a/RIOT/RIOTNerf/fixed_point/bin/native/cpu.a(syscalls.o)
                0x000000000804eef3                getpid
 .text._native_init_syscalls
                0x000000000804ef28      0x4b2 /home/a/RIOT/RIOTNerf/fixed_point/bin/native/cpu.a(syscalls.o)
                0x000000000804ef28                _native_init_syscalls
 .text          0x000000000804f3da       0x3f /home/a/RIOT/RIOTNerf/fixed_point/bin/native/cpu.a(tramp.o)
                0x000000000804f3da                _native_sig_leave_tramp
                0x000000000804f408                _native_sig_leave_handler
 .text._native_LED_GREEN_ON
                0x000000000804f419       0x30 /home/a/RIOT/RIOTNerf/fixed_point/bin/native/native-drivers.a(native-led.o)
                0x000000000804f419                _native_LED_GREEN_ON
 .text._native_LED_RED_OFF
                0x000000000804f449       0x30 /home/a/RIOT/RIOTNerf/fixed_point/bin/native/native-drivers.a(native-led.o)
                0x000000000804f449                _native_LED_RED_OFF
 .text.tty_uart_setup
                0x000000000804f479       0x4f /home/a/RIOT/RIOTNerf/fixed_point/bin/native/periph.a(uart.o)
                0x000000000804f479                tty_uart_setup
 .text.ps       0x000000000804f4c8      0x1e1 /home/a/RIOT/RIOTNerf/fixed_point/bin/native/ps.a(ps.o)
                0x000000000804f4c8                ps
 .text.auto_init
                0x000000000804f6a9       0x24 /home/a/RIOT/RIOTNerf/fixed_point/bin/native/auto_init.a(auto_init.o)
                0x000000000804f6a9                auto_init
 *fill*         0x000000000804f6cd        0x3 
 .text          0x000000000804f6d0      0x172 /usr/lib/gcc/x86_64-linux-gnu/4.8/32/libgcc.a(_divdi3.o)
                0x000000000804f6d0                __divdi3
 *fill*         0x000000000804f842        0xe 
 .text          0x000000000804f850      0x124 /usr/lib/gcc/x86_64-linux-gnu/4.8/32/libgcc.a(_udivdi3.o)
                0x000000000804f850                __udivdi3
 *fill*         0x000000000804f974        0xc 
 .text          0x000000000804f980       0x72 /usr/lib32/libc_nonshared.a(elf-init.oS)
                0x000000000804f980                __libc_csu_init
                0x000000000804f9f0                __libc_csu_fini
 *(.gnu.warning)

.fini           0x000000000804f9f4       0x14
 *(SORT(.fini))
 .fini          0x000000000804f9f4        0xf /usr/lib/gcc/x86_64-linux-gnu/4.8/../../../../lib32/crti.o
                0x000000000804f9f4                _fini
 .fini          0x000000000804fa03        0x5 /usr/lib/gcc/x86_64-linux-gnu/4.8/../../../../lib32/crtn.o
                0x000000000804fa08                PROVIDE (__etext, .)
                0x000000000804fa08                PROVIDE (_etext, .)
                0x000000000804fa08                PROVIDE (etext, .)

.rodata         0x000000000804fa10     0x1d8b
 *(.rodata .rodata.* .gnu.linkonce.r.*)
 .rodata.cst4   0x000000000804fa10        0x4 /usr/lib/gcc/x86_64-linux-gnu/4.8/../../../../lib32/crt1.o
                0x000000000804fa10                _IO_stdin_used
 .rodata        0x000000000804fa14      0x457 /home/a/RIOT/RIOTNerf/fixed_point/bin/native/cpu/startup.o
 .rodata        0x000000000804fe6b       0x20 /home/a/RIOT/RIOTNerf/fixed_point/bin/native/fixed_point_application.a(main.o)
 *fill*         0x000000000804fe8b        0x5 
 .rodata        0x000000000804fe90      0xdd0 /home/a/RIOT/RIOTNerf/fixed_point/bin/native/fixed_point_application.a(tests.o)
 .rodata.__FUNCTION__.3553
                0x0000000008050c60       0x18 /home/a/RIOT/RIOTNerf/fixed_point/bin/native/fixed_point_application.a(tests.o)
 .rodata.__FUNCTION__.3564
                0x0000000008050c78       0x18 /home/a/RIOT/RIOTNerf/fixed_point/bin/native/fixed_point_application.a(tests.o)
 .rodata.__FUNCTION__.3575
                0x0000000008050c90       0x19 /home/a/RIOT/RIOTNerf/fixed_point/bin/native/fixed_point_application.a(tests.o)
 .rodata.__FUNCTION__.3586
                0x0000000008050ca9       0x19 /home/a/RIOT/RIOTNerf/fixed_point/bin/native/fixed_point_application.a(tests.o)
 .rodata.__FUNCTION__.3597
                0x0000000008050cc2       0x17 /home/a/RIOT/RIOTNerf/fixed_point/bin/native/fixed_point_application.a(tests.o)
 .rodata.__FUNCTION__.3608
                0x0000000008050cd9       0x17 /home/a/RIOT/RIOTNerf/fixed_point/bin/native/fixed_point_application.a(tests.o)
 .rodata.__FUNCTION__.3619
                0x0000000008050cf0       0x18 /home/a/RIOT/RIOTNerf/fixed_point/bin/native/fixed_point_application.a(tests.o)
 .rodata.__FUNCTION__.3630
                0x0000000008050d08       0x18 /home/a/RIOT/RIOTNerf/fixed_point/bin/native/fixed_point_application.a(tests.o)
 .rodata.__FUNCTION__.3641
                0x0000000008050d20       0x15 /home/a/RIOT/RIOTNerf/fixed_point/bin/native/fixed_point_application.a(tests.o)
 .rodata.__FUNCTION__.3656
                0x0000000008050d35       0x15 /home/a/RIOT/RIOTNerf/fixed_point/bin/native/fixed_point_application.a(tests.o)
 .rodata.__FUNCTION__.3671
                0x0000000008050d4a       0x16 /home/a/RIOT/RIOTNerf/fixed_point/bin/native/fixed_point_application.a(tests.o)
 .rodata.__FUNCTION__.3684
                0x0000000008050d60       0x16 /home/a/RIOT/RIOTNerf/fixed_point/bin/native/fixed_point_application.a(tests.o)
 .rodata.__FUNCTION__.3698
                0x0000000008050d76        0xa /home/a/RIOT/RIOTNerf/fixed_point/bin/native/fixed_point_application.a(tests.o)
 .rodata.__FUNCTION__.3715
                0x0000000008050d80        0xc /home/a/RIOT/RIOTNerf/fixed_point/bin/native/fixed_point_application.a(tests.o)
 .rodata.__FUNCTION__.3733
                0x0000000008050d8c        0x4 /home/a/RIOT/RIOTNerf/fixed_point/bin/native/fixed_point_application.a(tests.o)
 .rodata.__FUNCTION__.3762
                0x0000000008050d90        0x4 /home/a/RIOT/RIOTNerf/fixed_point/bin/native/fixed_point_application.a(tests.o)
 .rodata.__FUNCTION__.3783
                0x0000000008050d94        0x4 /home/a/RIOT/RIOTNerf/fixed_point/bin/native/fixed_point_application.a(tests.o)
 .rodata.__FUNCTION__.3804
                0x0000000008050d98        0x9 /home/a/RIOT/RIOTNerf/fixed_point/bin/native/fixed_point_application.a(tests.o)
 *fill*         0x0000000008050da1        0xf 
 .rodata        0x0000000008050db0       0x3c /home/a/RIOT/RIOTNerf/fixed_point/bin/native/fixed_point_application.a(fixed_point.o)
 .rodata        0x0000000008050dec       0x1f /home/a/RIOT/RIOTNerf/fixed_point/bin/native/board.a(board_init.o)
 *fill*         0x0000000008050e0b        0x1 
 .rodata        0x0000000008050e0c       0x46 /home/a/RIOT/RIOTNerf/fixed_point/bin/native/core.a(kernel_init.o)
 .rodata.assert_crash_message
                0x0000000008050e52       0x12 /home/a/RIOT/RIOTNerf/fixed_point/bin/native/core.a(panic.o)
                0x0000000008050e52                assert_crash_message
 .rodata        0x0000000008050e64       0x2d /home/a/RIOT/RIOTNerf/fixed_point/bin/native/core.a(panic.o)
 *fill*         0x0000000008050e91        0x3 
 .rodata        0x0000000008050e94      0x3bc /home/a/RIOT/RIOTNerf/fixed_point/bin/native/cpu.a(irq_cpu.o)
 .rodata        0x0000000008051250       0x6c /home/a/RIOT/RIOTNerf/fixed_point/bin/native/cpu.a(lpm_cpu.o)
 .rodata.lpm_set
                0x00000000080512bc       0x14 /home/a/RIOT/RIOTNerf/fixed_point/bin/native/cpu.a(lpm_cpu.o)
 .rodata        0x00000000080512d0      0x1a5 /home/a/RIOT/RIOTNerf/fixed_point/bin/native/cpu.a(native_cpu.o)
 *fill*         0x0000000008051475        0x3 
 .rodata        0x0000000008051478      0x17e /home/a/RIOT/RIOTNerf/fixed_point/bin/native/cpu.a(syscalls.o)
 .rodata        0x00000000080515f6       0x52 /home/a/RIOT/RIOTNerf/fixed_point/bin/native/native-drivers.a(native-led.o)
 .rodata        0x0000000008051648      0x153 /home/a/RIOT/RIOTNerf/fixed_point/bin/native/ps.a(ps.o)

.rodata1
 *(.rodata1)

.eh_frame_hdr   0x000000000805179c      0x4bc
 *(.eh_frame_hdr)
 .eh_frame_hdr  0x000000000805179c      0x4bc /home/a/RIOT/RIOTNerf/fixed_point/bin/native/cpu/startup.o

.eh_frame       0x0000000008051c58     0x1444
 *(.eh_frame)
 .eh_frame      0x0000000008051c58       0x40 /usr/lib/gcc/x86_64-linux-gnu/4.8/../../../../lib32/crt1.o
 .eh_frame      0x0000000008051c98       0xf4 /home/a/RIOT/RIOTNerf/fixed_point/bin/native/cpu/startup.o
 .eh_frame      0x0000000008051d8c       0x20 /home/a/RIOT/RIOTNerf/fixed_point/bin/native/fixed_point_application.a(main.o)
                                         0x38 (size before relaxing)
 .eh_frame      0x0000000008051dac      0x30c /home/a/RIOT/RIOTNerf/fixed_point/bin/native/fixed_point_application.a(tests.o)
                                        0x324 (size before relaxing)
 .eh_frame      0x00000000080520b8      0x678 /home/a/RIOT/RIOTNerf/fixed_point/bin/native/fixed_point_application.a(fixed_point.o)
                                        0x690 (size before relaxing)
 .eh_frame      0x0000000008052730       0x20 /home/a/RIOT/RIOTNerf/fixed_point/bin/native/board.a(board_init.o)
                                         0x38 (size before relaxing)
 .eh_frame      0x0000000008052750       0x58 /home/a/RIOT/RIOTNerf/fixed_point/bin/native/core.a(kernel_init.o)
                                         0x70 (size before relaxing)
 .eh_frame      0x00000000080527a8       0x60 /home/a/RIOT/RIOTNerf/fixed_point/bin/native/core.a(thread.o)
                                        0x198 (size before relaxing)
 .eh_frame      0x0000000008052808       0x1c /home/a/RIOT/RIOTNerf/fixed_point/bin/native/core.a(panic.o)
                                         0x34 (size before relaxing)
 .eh_frame      0x0000000008052824       0xbc /home/a/RIOT/RIOTNerf/fixed_point/bin/native/core.a(sched.o)
                                         0xd4 (size before relaxing)
 .eh_frame      0x00000000080528e0       0x28 /home/a/RIOT/RIOTNerf/fixed_point/bin/native/core.a(bitarithm.o)
                                         0x84 (size before relaxing)
 .eh_frame      0x0000000008052908      0x190 /home/a/RIOT/RIOTNerf/fixed_point/bin/native/cpu.a(irq_cpu.o)
                                        0x284 (size before relaxing)
 .eh_frame      0x0000000008052a98       0x40 /home/a/RIOT/RIOTNerf/fixed_point/bin/native/cpu.a(lpm_cpu.o)
                                         0xf8 (size before relaxing)
 .eh_frame      0x0000000008052ad8       0xf8 /home/a/RIOT/RIOTNerf/fixed_point/bin/native/cpu.a(native_cpu.o)
                                        0x130 (size before relaxing)
 .eh_frame      0x0000000008052bd0       0x20 /home/a/RIOT/RIOTNerf/fixed_point/bin/native/cpu.a(panic.o)
                                         0x38 (size before relaxing)
 .eh_frame      0x0000000008052bf0      0x304 /home/a/RIOT/RIOTNerf/fixed_point/bin/native/cpu.a(syscalls.o)
                                        0x35c (size before relaxing)
 .eh_frame      0x0000000008052ef4       0x40 /home/a/RIOT/RIOTNerf/fixed_point/bin/native/native-drivers.a(native-led.o)
                                         0xd8 (size before relaxing)
 .eh_frame      0x0000000008052f34       0x20 /home/a/RIOT/RIOTNerf/fixed_point/bin/native/periph.a(uart.o)
                                         0xb8 (size before relaxing)
 .eh_frame      0x0000000008052f54       0x30 /home/a/RIOT/RIOTNerf/fixed_point/bin/native/ps.a(ps.o)
                                         0x48 (size before relaxing)
 .eh_frame      0x0000000008052f84       0x20 /home/a/RIOT/RIOTNerf/fixed_point/bin/native/auto_init.a(auto_init.o)
                                         0x38 (size before relaxing)
 .eh_frame      0x0000000008052fa4        0x0 /home/a/RIOT/RIOTNerf/fixed_point/bin/native/cpu.a(async_read.o)
                                         0xc8 (size before relaxing)
 .eh_frame      0x0000000008052fa4       0x38 /usr/lib/gcc/x86_64-linux-gnu/4.8/32/libgcc.a(_divdi3.o)
                                         0x50 (size before relaxing)
 .eh_frame      0x0000000008052fdc       0x6c /usr/lib/gcc/x86_64-linux-gnu/4.8/32/libgcc.a(_udivdi3.o)
                                         0x84 (size before relaxing)
 .eh_frame      0x0000000008053048       0x50 /usr/lib32/libc_nonshared.a(elf-init.oS)
                                         0x7c (size before relaxing)
 .eh_frame      0x0000000008053098        0x4 /usr/lib/gcc/x86_64-linux-gnu/4.8/32/crtend.o

.gcc_except_table
 *(.gcc_except_table .gcc_except_table.*)

.exception_ranges
 *(.exception_ranges .exception_ranges*)
                0x000000000805309c                . = (ALIGN (0x1000) - ((0x1000 - .) & 0xfff))
                0x0000000008054efc                . = DATA_SEGMENT_ALIGN (0x1000, 0x1000)

.eh_frame
 *(.eh_frame)

.gcc_except_table
 *(.gcc_except_table .gcc_except_table.*)

.exception_ranges
 *(.exception_ranges .exception_ranges*)

.tdata
 *(.tdata .tdata.* .gnu.linkonce.td.*)

.tbss
 *(.tbss .tbss.* .gnu.linkonce.tb.*)
 *(.tcommon)

.preinit_array  0x0000000008054efc        0x0
                0x0000000008054efc                PROVIDE (__preinit_array_start, .)
 *(.preinit_array)
                0x0000000008054efc                PROVIDE (__preinit_array_end, .)

.init_array     0x0000000008054efc        0x8
                0x0000000008054efc                PROVIDE (__init_array_start, .)
 *(SORT(.init_array.*) SORT(.ctors.*))
 *(.init_array EXCLUDE_FILE(*crtend?.o *crtend.o *crtbegin?.o *crtbegin.o) .ctors)
 .init_array    0x0000000008054efc        0x4 /usr/lib/gcc/x86_64-linux-gnu/4.8/32/crtbegin.o
 .init_array    0x0000000008054f00        0x4 /home/a/RIOT/RIOTNerf/fixed_point/bin/native/cpu/startup.o
                0x0000000008054f04                PROVIDE (__init_array_end, .)

.fini_array     0x0000000008054f04        0x4
                0x0000000008054f04                PROVIDE (__fini_array_start, .)
 *(SORT(.fini_array.*) SORT(.dtors.*))
 *(.fini_array EXCLUDE_FILE(*crtend?.o *crtend.o *crtbegin?.o *crtbegin.o) .dtors)
 .fini_array    0x0000000008054f04        0x4 /usr/lib/gcc/x86_64-linux-gnu/4.8/32/crtbegin.o
                0x0000000008054f08                PROVIDE (__fini_array_end, .)

.ctors
 *crtbegin.o(.ctors)
 *crtbegin?.o(.ctors)
 *(EXCLUDE_FILE(*crtend?.o *crtend.o) .ctors)
 *(SORT(.ctors.*))
 *(.ctors)

.dtors
 *crtbegin.o(.dtors)
 *crtbegin?.o(.dtors)
 *(EXCLUDE_FILE(*crtend?.o *crtend.o) .dtors)
 *(SORT(.dtors.*))
 *(.dtors)

.jcr            0x0000000008054f08        0x4
 *(.jcr)
 .jcr           0x0000000008054f08        0x0 /usr/lib/gcc/x86_64-linux-gnu/4.8/32/crtbegin.o
 .jcr           0x0000000008054f08        0x4 /usr/lib/gcc/x86_64-linux-gnu/4.8/32/crtend.o

.data.rel.ro
 *(.data.rel.ro.local* .gnu.linkonce.d.rel.ro.local.*)
 *(.data.rel.ro .data.rel.ro.* .gnu.linkonce.d.rel.ro.*)

.dynamic        0x0000000008054f0c       0xf0
 *(.dynamic)
 .dynamic       0x0000000008054f0c       0xf0 /usr/lib/gcc/x86_64-linux-gnu/4.8/../../../../lib32/crt1.o
                0x0000000008054f0c                _DYNAMIC

.got            0x0000000008054ffc        0x4
 *(.got)
 .got           0x0000000008054ffc        0x4 /usr/lib/gcc/x86_64-linux-gnu/4.8/../../../../lib32/crt1.o
 *(.igot)
                0x0000000008055ff4                . = DATA_SEGMENT_RELRO_END (., (SIZEOF (.got.plt) >= 0xc)?0xc:0x0)

.got.plt        0x0000000008055000       0x6c
 *(.got.plt)
 .got.plt       0x0000000008055000       0x6c /usr/lib/gcc/x86_64-linux-gnu/4.8/../../../../lib32/crt1.o
                0x0000000008055000                _GLOBAL_OFFSET_TABLE_
 *(.igot.plt)
 .igot.plt      0x0000000000000000        0x0 /usr/lib/gcc/x86_64-linux-gnu/4.8/../../../../lib32/crt1.o

.data           0x0000000008055080       0x8c
 *(.data .data.* .gnu.linkonce.d.*)
 .data.test_functions
                0x0000000008055080       0x48 /home/a/RIOT/RIOTNerf/fixed_point/bin/native/fixed_point_application.a(tests.o)
 .data.main_name
                0x00000000080550c8        0x4 /home/a/RIOT/RIOTNerf/fixed_point/bin/native/core.a(kernel_init.o)
                0x00000000080550c8                main_name
 .data.idle_name
                0x00000000080550cc        0x4 /home/a/RIOT/RIOTNerf/fixed_point/bin/native/core.a(kernel_init.o)
                0x00000000080550cc                idle_name
 *fill*         0x00000000080550d0       0x10 
 .data.state_names
                0x00000000080550e0       0x2c /home/a/RIOT/RIOTNerf/fixed_point/bin/native/ps.a(ps.o)
                0x00000000080550e0                state_names

.tm_clone_table
                0x000000000805510c        0x0
 .tm_clone_table
                0x000000000805510c        0x0 /usr/lib/gcc/x86_64-linux-gnu/4.8/32/crtbegin.o
 .tm_clone_table
                0x000000000805510c        0x0 /usr/lib/gcc/x86_64-linux-gnu/4.8/32/crtend.o

.data1
 *(.data1)
                0x000000000805510c                _edata = .
                0x000000000805510c                PROVIDE (edata, .)
                0x000000000805510c                . = .
                0x000000000805510c                __bss_start = .

.bss            0x0000000008055120     0xba38
 *(.dynbss)
 .dynbss        0x0000000008055120       0x24 /usr/lib/gcc/x86_64-linux-gnu/4.8/../../../../lib32/crt1.o
                0x0000000008055120                stderr@@GLIBC_2.0
                0x0000000008055140                stdout@@GLIBC_2.0
 *(.bss .bss.* .gnu.linkonce.b.*)
 .bss           0x0000000008055144        0x1 /usr/lib/gcc/x86_64-linux-gnu/4.8/32/crtbegin.o
 *fill*         0x0000000008055145        0x3 
 .bss._native_null_in_pipe
                0x0000000008055148        0x8 /home/a/RIOT/RIOTNerf/fixed_point/bin/native/cpu/startup.o
                0x0000000008055148                _native_null_in_pipe
 .bss._native_null_out_file
                0x0000000008055150        0x4 /home/a/RIOT/RIOTNerf/fixed_point/bin/native/cpu/startup.o
                0x0000000008055150                _native_null_out_file
 .bss._progname
                0x0000000008055154        0x4 /home/a/RIOT/RIOTNerf/fixed_point/bin/native/cpu/startup.o
                0x0000000008055154                _progname
 .bss._native_argv
                0x0000000008055158        0x4 /home/a/RIOT/RIOTNerf/fixed_point/bin/native/cpu/startup.o
                0x0000000008055158                _native_argv
 .bss._native_pid
                0x000000000805515c        0x4 /home/a/RIOT/RIOTNerf/fixed_point/bin/native/cpu/startup.o
                0x000000000805515c                _native_pid
 .bss._native_id
                0x0000000008055160        0x4 /home/a/RIOT/RIOTNerf/fixed_point/bin/native/cpu/startup.o
                0x0000000008055160                _native_id
 .bss._native_rng_seed
                0x0000000008055164        0x4 /home/a/RIOT/RIOTNerf/fixed_point/bin/native/cpu/startup.o
                0x0000000008055164                _native_rng_seed
 .bss._native_rng_mode
                0x0000000008055168        0x4 /home/a/RIOT/RIOTNerf/fixed_point/bin/native/cpu/startup.o
                0x0000000008055168                _native_rng_mode
 .bss.tests_run
                0x000000000805516c        0x4 /home/a/RIOT/RIOTNerf/fixed_point/bin/native/fixed_point_application.a(tests.o)
                0x000000000805516c                tests_run
 .bss.lpm_prevent_sleep
                0x0000000008055170        0x4 /home/a/RIOT/RIOTNerf/fixed_point/bin/native/core.a(kernel_init.o)
                0x0000000008055170                lpm_prevent_sleep
 *fill*         0x0000000008055174        0xc 
 .bss.main_stack
                0x0000000008055180     0x3000 /home/a/RIOT/RIOTNerf/fixed_point/bin/native/core.a(kernel_init.o)
 .bss.idle_stack
                0x0000000008058180     0x2000 /home/a/RIOT/RIOTNerf/fixed_point/bin/native/core.a(kernel_init.o)
 .bss.crashed   0x000000000805a180        0x4 /home/a/RIOT/RIOTNerf/fixed_point/bin/native/core.a(panic.o)
 .bss.sched_num_threads
                0x000000000805a184        0x4 /home/a/RIOT/RIOTNerf/fixed_point/bin/native/core.a(sched.o)
                0x000000000805a184                sched_num_threads
 .bss.sched_context_switch_request
                0x000000000805a188        0x4 /home/a/RIOT/RIOTNerf/fixed_point/bin/native/core.a(sched.o)
                0x000000000805a188                sched_context_switch_request
 *fill*         0x000000000805a18c       0x14 
 .bss.sched_threads
                0x000000000805a1a0       0x84 /home/a/RIOT/RIOTNerf/fixed_point/bin/native/core.a(sched.o)
                0x000000000805a1a0                sched_threads
 .bss.sched_active_thread
                0x000000000805a224        0x4 /home/a/RIOT/RIOTNerf/fixed_point/bin/native/core.a(sched.o)
                0x000000000805a224                sched_active_thread
 .bss.sched_active_pid
                0x000000000805a228        0x2 /home/a/RIOT/RIOTNerf/fixed_point/bin/native/core.a(sched.o)
                0x000000000805a228                sched_active_pid
 *fill*         0x000000000805a22a       0x16 
 .bss.sched_runqueues
                0x000000000805a240       0x40 /home/a/RIOT/RIOTNerf/fixed_point/bin/native/core.a(sched.o)
                0x000000000805a240                sched_runqueues
 .bss.runqueue_bitcache
                0x000000000805a280        0x4 /home/a/RIOT/RIOTNerf/fixed_point/bin/native/core.a(sched.o)
 .bss.native_interrupts_enabled
                0x000000000805a284        0x4 /home/a/RIOT/RIOTNerf/fixed_point/bin/native/cpu.a(irq_cpu.o)
                0x000000000805a284                native_interrupts_enabled
 .bss._native_in_isr
                0x000000000805a288        0x4 /home/a/RIOT/RIOTNerf/fixed_point/bin/native/cpu.a(irq_cpu.o)
                0x000000000805a288                _native_in_isr
 .bss._native_in_syscall
                0x000000000805a28c        0x4 /home/a/RIOT/RIOTNerf/fixed_point/bin/native/cpu.a(irq_cpu.o)
                0x000000000805a28c                _native_in_syscall
 *fill*         0x000000000805a290       0x10 
 .bss._native_sig_set
                0x000000000805a2a0       0x80 /home/a/RIOT/RIOTNerf/fixed_point/bin/native/cpu.a(irq_cpu.o)
 .bss._native_sig_set_dint
                0x000000000805a320       0x80 /home/a/RIOT/RIOTNerf/fixed_point/bin/native/cpu.a(irq_cpu.o)
 .bss.__isr_stack
                0x000000000805a3a0     0x2000 /home/a/RIOT/RIOTNerf/fixed_point/bin/native/cpu.a(irq_cpu.o)
                0x000000000805a3a0                __isr_stack
 .bss.native_isr_context
                0x000000000805c3a0      0x15c /home/a/RIOT/RIOTNerf/fixed_point/bin/native/cpu.a(irq_cpu.o)
                0x000000000805c3a0                native_isr_context
 .bss._native_cur_ctx
                0x000000000805c4fc        0x4 /home/a/RIOT/RIOTNerf/fixed_point/bin/native/cpu.a(irq_cpu.o)
                0x000000000805c4fc                _native_cur_ctx
 .bss._native_isr_ctx
                0x000000000805c500        0x4 /home/a/RIOT/RIOTNerf/fixed_point/bin/native/cpu.a(irq_cpu.o)
                0x000000000805c500                _native_isr_ctx
 .bss._native_saved_eip
                0x000000000805c504        0x4 /home/a/RIOT/RIOTNerf/fixed_point/bin/native/cpu.a(irq_cpu.o)
                0x000000000805c504                _native_saved_eip
 .bss._native_sigpend
                0x000000000805c508        0x4 /home/a/RIOT/RIOTNerf/fixed_point/bin/native/cpu.a(irq_cpu.o)
                0x000000000805c508                _native_sigpend
 .bss._sig_pipefd
                0x000000000805c50c        0x8 /home/a/RIOT/RIOTNerf/fixed_point/bin/native/cpu.a(irq_cpu.o)
                0x000000000805c50c                _sig_pipefd
 *fill*         0x000000000805c514        0xc 
 .bss.native_irq_handlers
                0x000000000805c520      0x3fc /home/a/RIOT/RIOTNerf/fixed_point/bin/native/cpu.a(irq_cpu.o)
 *fill*         0x000000000805c91c        0x4 
 .bss.sigalt_stk
                0x000000000805c920     0x2000 /home/a/RIOT/RIOTNerf/fixed_point/bin/native/cpu.a(irq_cpu.o)
                0x000000000805c920                sigalt_stk
 .bss.sigstk.5042
                0x000000000805e920        0xc /home/a/RIOT/RIOTNerf/fixed_point/bin/native/cpu.a(irq_cpu.o)
 .bss.native_lpm
                0x000000000805e92c        0x4 /home/a/RIOT/RIOTNerf/fixed_point/bin/native/cpu.a(lpm_cpu.o)
 *fill*         0x000000000805e930       0x10 
 .bss.end_context
                0x000000000805e940      0x15c /home/a/RIOT/RIOTNerf/fixed_point/bin/native/cpu.a(native_cpu.o)
                0x000000000805e940                end_context
 *fill*         0x000000000805ea9c        0x4 
 .bss.__end_stack
                0x000000000805eaa0     0x2000 /home/a/RIOT/RIOTNerf/fixed_point/bin/native/cpu.a(native_cpu.o)
                0x000000000805eaa0                __end_stack
 .bss.real_read
                0x0000000008060aa0        0x4 /home/a/RIOT/RIOTNerf/fixed_point/bin/native/cpu.a(syscalls.o)
                0x0000000008060aa0                real_read
 .bss.real_write
                0x0000000008060aa4        0x4 /home/a/RIOT/RIOTNerf/fixed_point/bin/native/cpu.a(syscalls.o)
                0x0000000008060aa4                real_write
 .bss.real_fread
                0x0000000008060aa8        0x4 /home/a/RIOT/RIOTNerf/fixed_point/bin/native/cpu.a(syscalls.o)
                0x0000000008060aa8                real_fread
 .bss.real_clearerr
                0x0000000008060aac        0x4 /home/a/RIOT/RIOTNerf/fixed_point/bin/native/cpu.a(syscalls.o)
                0x0000000008060aac                real_clearerr
 .bss.real_exit
                0x0000000008060ab0        0x4 /home/a/RIOT/RIOTNerf/fixed_point/bin/native/cpu.a(syscalls.o)
                0x0000000008060ab0                real_exit
 .bss.real_free
                0x0000000008060ab4        0x4 /home/a/RIOT/RIOTNerf/fixed_point/bin/native/cpu.a(syscalls.o)
                0x0000000008060ab4                real_free
 .bss.real_malloc
                0x0000000008060ab8        0x4 /home/a/RIOT/RIOTNerf/fixed_point/bin/native/cpu.a(syscalls.o)
                0x0000000008060ab8                real_malloc
 .bss.real_calloc
                0x0000000008060abc        0x4 /home/a/RIOT/RIOTNerf/fixed_point/bin/native/cpu.a(syscalls.o)
                0x0000000008060abc                real_calloc
 .bss.real_realloc
                0x0000000008060ac0        0x4 /home/a/RIOT/RIOTNerf/fixed_point/bin/native/cpu.a(syscalls.o)
                0x0000000008060ac0                real_realloc
 .bss.real_freeaddrinfo
                0x0000000008060ac4        0x4 /home/a/RIOT/RIOTNerf/fixed_point/bin/native/cpu.a(syscalls.o)
                0x0000000008060ac4                real_freeaddrinfo
 .bss.real_freeifaddrs
                0x0000000008060ac8        0x4 /home/a/RIOT/RIOTNerf/fixed_point/bin/native/cpu.a(syscalls.o)
                0x0000000008060ac8                real_freeifaddrs
 .bss.real_srandom
                0x0000000008060acc        0x4 /home/a/RIOT/RIOTNerf/fixed_point/bin/native/cpu.a(syscalls.o)
                0x0000000008060acc                real_srandom
 .bss.real_accept
                0x0000000008060ad0        0x4 /home/a/RIOT/RIOTNerf/fixed_point/bin/native/cpu.a(syscalls.o)
                0x0000000008060ad0                real_accept
 .bss.real_bind
                0x0000000008060ad4        0x4 /home/a/RIOT/RIOTNerf/fixed_point/bin/native/cpu.a(syscalls.o)
                0x0000000008060ad4                real_bind
 .bss.real_printf
                0x0000000008060ad8        0x4 /home/a/RIOT/RIOTNerf/fixed_point/bin/native/cpu.a(syscalls.o)
                0x0000000008060ad8                real_printf
 .bss.real_getaddrinfo
                0x0000000008060adc        0x4 /home/a/RIOT/RIOTNerf/fixed_point/bin/native/cpu.a(syscalls.o)
                0x0000000008060adc                real_getaddrinfo
 .bss.real_getifaddrs
                0x0000000008060ae0        0x4 /home/a/RIOT/RIOTNerf/fixed_point/bin/native/cpu.a(syscalls.o)
                0x0000000008060ae0                real_getifaddrs
 .bss.real_getpid
                0x0000000008060ae4        0x4 /home/a/RIOT/RIOTNerf/fixed_point/bin/native/cpu.a(syscalls.o)
                0x0000000008060ae4                real_getpid
 .bss.real_chdir
                0x0000000008060ae8        0x4 /home/a/RIOT/RIOTNerf/fixed_point/bin/native/cpu.a(syscalls.o)
                0x0000000008060ae8                real_chdir
 .bss.real_close
                0x0000000008060aec        0x4 /home/a/RIOT/RIOTNerf/fixed_point/bin/native/cpu.a(syscalls.o)
                0x0000000008060aec                real_close
 .bss.real_creat
                0x0000000008060af0        0x4 /home/a/RIOT/RIOTNerf/fixed_point/bin/native/cpu.a(syscalls.o)
                0x0000000008060af0                real_creat
 .bss.real_dup2
                0x0000000008060af4        0x4 /home/a/RIOT/RIOTNerf/fixed_point/bin/native/cpu.a(syscalls.o)
                0x0000000008060af4                real_dup2
 .bss.real_execve
                0x0000000008060af8        0x4 /home/a/RIOT/RIOTNerf/fixed_point/bin/native/cpu.a(syscalls.o)
                0x0000000008060af8                real_execve
 .bss.real_fork
                0x0000000008060afc        0x4 /home/a/RIOT/RIOTNerf/fixed_point/bin/native/cpu.a(syscalls.o)
                0x0000000008060afc                real_fork
 .bss.real_feof
                0x0000000008060b00        0x4 /home/a/RIOT/RIOTNerf/fixed_point/bin/native/cpu.a(syscalls.o)
                0x0000000008060b00                real_feof
 .bss.real_ferror
                0x0000000008060b04        0x4 /home/a/RIOT/RIOTNerf/fixed_point/bin/native/cpu.a(syscalls.o)
                0x0000000008060b04                real_ferror
 .bss.real_listen
                0x0000000008060b08        0x4 /home/a/RIOT/RIOTNerf/fixed_point/bin/native/cpu.a(syscalls.o)
                0x0000000008060b08                real_listen
 .bss.real_ioctl
                0x0000000008060b0c        0x4 /home/a/RIOT/RIOTNerf/fixed_point/bin/native/cpu.a(syscalls.o)
                0x0000000008060b0c                real_ioctl
 .bss.real_open
                0x0000000008060b10        0x4 /home/a/RIOT/RIOTNerf/fixed_point/bin/native/cpu.a(syscalls.o)
                0x0000000008060b10                real_open
 .bss.real_pause
                0x0000000008060b14        0x4 /home/a/RIOT/RIOTNerf/fixed_point/bin/native/cpu.a(syscalls.o)
                0x0000000008060b14                real_pause
 .bss.real_pipe
                0x0000000008060b18        0x4 /home/a/RIOT/RIOTNerf/fixed_point/bin/native/cpu.a(syscalls.o)
                0x0000000008060b18                real_pipe
 .bss.real_select
                0x0000000008060b1c        0x4 /home/a/RIOT/RIOTNerf/fixed_point/bin/native/cpu.a(syscalls.o)
                0x0000000008060b1c                real_select
 .bss.real_setitimer
                0x0000000008060b20        0x4 /home/a/RIOT/RIOTNerf/fixed_point/bin/native/cpu.a(syscalls.o)
                0x0000000008060b20                real_setitimer
 .bss.real_setsid
                0x0000000008060b24        0x4 /home/a/RIOT/RIOTNerf/fixed_point/bin/native/cpu.a(syscalls.o)
                0x0000000008060b24                real_setsid
 .bss.real_setsockopt
                0x0000000008060b28        0x4 /home/a/RIOT/RIOTNerf/fixed_point/bin/native/cpu.a(syscalls.o)
                0x0000000008060b28                real_setsockopt
 .bss.real_socket
                0x0000000008060b2c        0x4 /home/a/RIOT/RIOTNerf/fixed_point/bin/native/cpu.a(syscalls.o)
                0x0000000008060b2c                real_socket
 .bss.real_unlink
                0x0000000008060b30        0x4 /home/a/RIOT/RIOTNerf/fixed_point/bin/native/cpu.a(syscalls.o)
                0x0000000008060b30                real_unlink
 .bss.real_random
                0x0000000008060b34        0x4 /home/a/RIOT/RIOTNerf/fixed_point/bin/native/cpu.a(syscalls.o)
                0x0000000008060b34                real_random
 .bss.real_gai_strerror
                0x0000000008060b38        0x4 /home/a/RIOT/RIOTNerf/fixed_point/bin/native/cpu.a(syscalls.o)
                0x0000000008060b38                real_gai_strerror
 .bss.real_fopen
                0x0000000008060b3c        0x4 /home/a/RIOT/RIOTNerf/fixed_point/bin/native/cpu.a(syscalls.o)
                0x0000000008060b3c                real_fopen
 .bss.real_umask
                0x0000000008060b40        0x4 /home/a/RIOT/RIOTNerf/fixed_point/bin/native/cpu.a(syscalls.o)
                0x0000000008060b40                real_umask
 .bss.real_writev
                0x0000000008060b44        0x4 /home/a/RIOT/RIOTNerf/fixed_point/bin/native/cpu.a(syscalls.o)
                0x0000000008060b44                real_writev
 .bss.real_clock_gettime
                0x0000000008060b48        0x4 /home/a/RIOT/RIOTNerf/fixed_point/bin/native/cpu.a(syscalls.o)
                0x0000000008060b48                real_clock_gettime
 .bss._native_in_malloc
                0x0000000008060b4c        0x4 /home/a/RIOT/RIOTNerf/fixed_point/bin/native/cpu.a(syscalls.o)
                0x0000000008060b4c                _native_in_malloc
 .bss._native_in_calloc
                0x0000000008060b50        0x4 /home/a/RIOT/RIOTNerf/fixed_point/bin/native/cpu.a(syscalls.o)
                0x0000000008060b50                _native_in_calloc
 .bss.tty_device_filenames
                0x0000000008060b54        0x4 /home/a/RIOT/RIOTNerf/fixed_point/bin/native/periph.a(uart.o)
 *(COMMON)
                0x0000000008060b58                . = ALIGN ((. != 0x0)?0x4:0x1)
                0x0000000008060b58                . = ALIGN (0x4)
                0x0000000008060b58                . = SEGMENT_START ("ldata-segment", .)
                0x0000000008060b58                . = ALIGN (0x4)
                0x0000000008060b58                _end = .
                0x0000000008060b58                PROVIDE (end, .)
                0x0000000008060b58                . = DATA_SEGMENT_END (.)

.stab
 *(.stab)

.stabstr
 *(.stabstr)

.stab.excl
 *(.stab.excl)

.stab.exclstr
 *(.stab.exclstr)

.stab.index
 *(.stab.index)

.stab.indexstr
 *(.stab.indexstr)

.comment        0x0000000000000000       0x24
 *(.comment)
 .comment       0x0000000000000000       0x24 /usr/lib/gcc/x86_64-linux-gnu/4.8/32/crtbegin.o
                                         0x25 (size before relaxing)
 .comment       0x0000000000000000       0x25 /home/a/RIOT/RIOTNerf/fixed_point/bin/native/cpu/startup.o
 .comment       0x0000000000000000       0x25 /home/a/RIOT/RIOTNerf/fixed_point/bin/native/fixed_point_application.a(main.o)
 .comment       0x0000000000000000       0x25 /home/a/RIOT/RIOTNerf/fixed_point/bin/native/fixed_point_application.a(tests.o)
 .comment       0x0000000000000000       0x25 /home/a/RIOT/RIOTNerf/fixed_point/bin/native/fixed_point_application.a(fixed_point.o)
 .comment       0x0000000000000000       0x25 /home/a/RIOT/RIOTNerf/fixed_point/bin/native/board.a(board_init.o)
 .comment       0x0000000000000000       0x25 /home/a/RIOT/RIOTNerf/fixed_point/bin/native/core.a(kernel_init.o)
 .comment       0x0000000000000000       0x25 /home/a/RIOT/RIOTNerf/fixed_point/bin/native/core.a(thread.o)
 .comment       0x0000000000000000       0x25 /home/a/RIOT/RIOTNerf/fixed_point/bin/native/core.a(panic.o)
 .comment       0x0000000000000000       0x25 /home/a/RIOT/RIOTNerf/fixed_point/bin/native/core.a(sched.o)
 .comment       0x0000000000000000       0x25 /home/a/RIOT/RIOTNerf/fixed_point/bin/native/core.a(bitarithm.o)
 .comment       0x0000000000000000       0x25 /home/a/RIOT/RIOTNerf/fixed_point/bin/native/cpu.a(irq_cpu.o)
 .comment       0x0000000000000000       0x25 /home/a/RIOT/RIOTNerf/fixed_point/bin/native/cpu.a(lpm_cpu.o)
 .comment       0x0000000000000000       0x25 /home/a/RIOT/RIOTNerf/fixed_point/bin/native/cpu.a(native_cpu.o)
 .comment       0x0000000000000000       0x25 /home/a/RIOT/RIOTNerf/fixed_point/bin/native/cpu.a(panic.o)
 .comment       0x0000000000000000       0x25 /home/a/RIOT/RIOTNerf/fixed_point/bin/native/cpu.a(syscalls.o)
 .comment       0x0000000000000000       0x25 /home/a/RIOT/RIOTNerf/fixed_point/bin/native/native-drivers.a(native-led.o)
 .comment       0x0000000000000000       0x25 /home/a/RIOT/RIOTNerf/fixed_point/bin/native/periph.a(uart.o)
 .comment       0x0000000000000000       0x25 /home/a/RIOT/RIOTNerf/fixed_point/bin/native/ps.a(ps.o)
 .comment       0x0000000000000000       0x25 /home/a/RIOT/RIOTNerf/fixed_point/bin/native/auto_init.a(auto_init.o)
 .comment       0x0000000000000000       0x25 /home/a/RIOT/RIOTNerf/fixed_point/bin/native/cpu.a(async_read.o)
 .comment       0x0000000000000000       0x25 /usr/lib/gcc/x86_64-linux-gnu/4.8/32/libgcc.a(_divdi3.o)
 .comment       0x0000000000000000       0x25 /usr/lib/gcc/x86_64-linux-gnu/4.8/32/libgcc.a(_udivdi3.o)
 .comment       0x0000000000000000       0x25 /usr/lib32/libc_nonshared.a(elf-init.oS)
 .comment       0x0000000000000000       0x25 /usr/lib/gcc/x86_64-linux-gnu/4.8/32/crtend.o

.debug
 *(.debug)

.line
 *(.line)

.debug_srcinfo
 *(.debug_srcinfo)

.debug_sfnames
 *(.debug_sfnames)

.debug_aranges
 *(.debug_aranges)

.debug_pubnames
 *(.debug_pubnames)

.debug_info
 *(.debug_info .gnu.linkonce.wi.*)

.debug_abbrev
 *(.debug_abbrev)

.debug_line
 *(.debug_line .debug_line.* .debug_line_end)

.debug_frame
 *(.debug_frame)

.debug_str
 *(.debug_str)

.debug_loc
 *(.debug_loc)

.debug_macinfo
 *(.debug_macinfo)

.debug_weaknames
 *(.debug_weaknames)

.debug_funcnames
 *(.debug_funcnames)

.debug_typenames
 *(.debug_typenames)

.debug_varnames
 *(.debug_varnames)

.debug_pubtypes
 *(.debug_pubtypes)

.debug_ranges
 *(.debug_ranges)

.debug_macro
 *(.debug_macro)

.gnu.attributes
 *(.gnu.attributes)

/DISCARD/
 *(.note.GNU-stack)
 *(.gnu_debuglink)