Archive member included to satisfy reference by file (symbol)

/home/phil/RIOT/udp_test/srv/bin/native/udp_test.a(main.o)
                              /usr/lib/gcc/x86_64-linux-gnu/4.9/../../../../lib32/crt1.o (main)
/home/phil/RIOT/udp_test/srv/bin/native/board.a(board_init.o)
                              /home/phil/RIOT/udp_test/srv/bin/native/cpu/startup.o (board_init)
/home/phil/RIOT/udp_test/srv/bin/native/core.a(panic.o)
                              /home/phil/RIOT/udp_test/srv/bin/native/cpp11-compat/cppsupport.o (core_panic)
/home/phil/RIOT/udp_test/srv/bin/native/core.a(kernel_init.o)
                              /home/phil/RIOT/udp_test/srv/bin/native/cpu/startup.o (kernel_init)
/home/phil/RIOT/udp_test/srv/bin/native/core.a(thread.o)
                              /home/phil/RIOT/udp_test/srv/bin/native/core.a(kernel_init.o) (thread_create)
/home/phil/RIOT/udp_test/srv/bin/native/core.a(sched.o)
                              /home/phil/RIOT/udp_test/srv/bin/native/core.a(thread.o) (sched_num_threads)
/home/phil/RIOT/udp_test/srv/bin/native/core.a(bitarithm.o)
                              /home/phil/RIOT/udp_test/srv/bin/native/core.a(sched.o) (bitarithm_lsb)
/home/phil/RIOT/udp_test/srv/bin/native/cpu.a(panic.o)
                              /home/phil/RIOT/udp_test/srv/bin/native/core.a(panic.o) (panic_arch)
/home/phil/RIOT/udp_test/srv/bin/native/cpu.a(lpm_cpu.o)
                              /home/phil/RIOT/udp_test/srv/bin/native/core.a(kernel_init.o) (lpm_set)
/home/phil/RIOT/udp_test/srv/bin/native/cpu.a(syscalls.o)
                              /home/phil/RIOT/udp_test/srv/bin/native/cpu/startup.o (real_exit)
/home/phil/RIOT/udp_test/srv/bin/native/cpu.a(irq_cpu.o)
                              /home/phil/RIOT/udp_test/srv/bin/native/cpu.a(syscalls.o) (native_interrupts_enabled)
/home/phil/RIOT/udp_test/srv/bin/native/cpu.a(native_cpu.o)
                              /home/phil/RIOT/udp_test/srv/bin/native/core.a(thread.o) (thread_stack_init)
/home/phil/RIOT/udp_test/srv/bin/native/cpu.a(tramp.o)
                              /home/phil/RIOT/udp_test/srv/bin/native/cpu.a(irq_cpu.o) (_native_sig_leave_tramp)
/home/phil/RIOT/udp_test/srv/bin/native/gnrc_sock_udp.a(gnrc_sock_udp.o)
                              /home/phil/RIOT/udp_test/srv/bin/native/udp_test.a(main.o) (sock_udp_create)
/home/phil/RIOT/udp_test/srv/bin/native/gnrc_udp.a(gnrc_udp.o)
                              /home/phil/RIOT/udp_test/srv/bin/native/gnrc_sock_udp.a(gnrc_sock_udp.o) (gnrc_udp_hdr_build)
/home/phil/RIOT/udp_test/srv/bin/native/inet_csum.a(inet_csum.o)
                              /home/phil/RIOT/udp_test/srv/bin/native/gnrc_udp.a(gnrc_udp.o) (inet_csum_slice)
/home/phil/RIOT/udp_test/srv/bin/native/ipv6_addr.a(ipv6_addr.o)
                              /home/phil/RIOT/udp_test/srv/bin/native/gnrc_sock_udp.a(gnrc_sock_udp.o) (ipv6_addr_unspecified)
/home/phil/RIOT/udp_test/srv/bin/native/ipv6_addr.a(ipv6_addr_to_str.o)
                              /home/phil/RIOT/udp_test/srv/bin/native/ipv6_addr.a(ipv6_addr.o) (ipv6_addr_to_str)
/home/phil/RIOT/udp_test/srv/bin/native/native-drivers.a(native-led.o)
                              /home/phil/RIOT/udp_test/srv/bin/native/board.a(board_init.o) (_native_LED_GREEN_ON)
/home/phil/RIOT/udp_test/srv/bin/native/netdev2_tap.a(netdev2_tap.o)
                              /home/phil/RIOT/udp_test/srv/bin/native/cpu/startup.o (netdev2_tap)
/home/phil/RIOT/udp_test/srv/bin/native/periph.a(uart.o)
                              /home/phil/RIOT/udp_test/srv/bin/native/cpu/startup.o (tty_uart_setup)
/home/phil/RIOT/udp_test/srv/bin/native/ps.a(ps.o)
                              /home/phil/RIOT/udp_test/srv/bin/native/core.a(panic.o) (ps)
/home/phil/RIOT/udp_test/srv/bin/native/random.a(prng_tinymt32.o)
                              /home/phil/RIOT/udp_test/srv/bin/native/gnrc_sock_udp.a(gnrc_sock_udp.o) (random_uint32)
/home/phil/RIOT/udp_test/srv/bin/native/tinymt32.a(tinymt32.o)
                              /home/phil/RIOT/udp_test/srv/bin/native/random.a(prng_tinymt32.o) (tinymt32_init)
/home/phil/RIOT/udp_test/srv/bin/native/xtimer.a(xtimer.o)
                              /home/phil/RIOT/udp_test/srv/bin/native/cpu.a(syscalls.o) (xtimer_now_timex)
/home/phil/RIOT/udp_test/srv/bin/native/xtimer.a(xtimer_core.o)
                              /home/phil/RIOT/udp_test/srv/bin/native/xtimer.a(xtimer.o) (xtimer_now64)
/home/phil/RIOT/udp_test/srv/bin/native/auto_init.a(auto_init.o)
                              /home/phil/RIOT/udp_test/srv/bin/native/core.a(kernel_init.o) (auto_init)
/home/phil/RIOT/udp_test/srv/bin/native/auto_init_gnrc_netif.a(auto_init_netdev2_tap.o)
                              /home/phil/RIOT/udp_test/srv/bin/native/auto_init.a(auto_init.o) (auto_init_netdev2_tap)
/home/phil/RIOT/udp_test/srv/bin/native/core.a(mutex.o)
                              /home/phil/RIOT/udp_test/srv/bin/native/xtimer.a(xtimer.o) (_mutex_lock)
[...]
Memory Configuration

Name             Origin             Length             Attributes
*default*        0x0000000000000000 0xffffffffffffffff

Linker script and memory map

LOAD /usr/lib/gcc/x86_64-linux-gnu/4.9/../../../../lib32/crt1.o
LOAD /usr/lib/gcc/x86_64-linux-gnu/4.9/../../../../lib32/crti.o
LOAD /usr/lib/gcc/x86_64-linux-gnu/4.9/32/crtbegin.o
LOAD /home/phil/RIOT/udp_test/srv/bin/native/cpu/startup.o
LOAD /home/phil/RIOT/udp_test/srv/bin/native/cpp11-compat/cppsupport.o
START GROUP
LOAD /home/phil/RIOT/udp_test/srv/bin/native/udp_test.a
LOAD /home/phil/RIOT/udp_test/srv/bin/native/auto_init.a
LOAD /home/phil/RIOT/udp_test/srv/bin/native/auto_init_gnrc_netif.a
LOAD /home/phil/RIOT/udp_test/srv/bin/native/bitfield.a
LOAD /home/phil/RIOT/udp_test/srv/bin/native/board.a
LOAD /home/phil/RIOT/udp_test/srv/bin/native/core.a
LOAD /home/phil/RIOT/udp_test/srv/bin/native/cpp11-compat.a
LOAD /home/phil/RIOT/udp_test/srv/bin/native/cpu.a
LOAD /home/phil/RIOT/udp_test/srv/bin/native/fib.a
LOAD /home/phil/RIOT/udp_test/srv/bin/native/gnrc.a
LOAD /home/phil/RIOT/udp_test/srv/bin/native/gnrc_conn.a
LOAD /home/phil/RIOT/udp_test/srv/bin/native/gnrc_conn_udp.a
LOAD /home/phil/RIOT/udp_test/srv/bin/native/gnrc_icmpv6.a
LOAD /home/phil/RIOT/udp_test/srv/bin/native/gnrc_icmpv6_echo.a
LOAD /home/phil/RIOT/udp_test/srv/bin/native/gnrc_ipv6.a
LOAD /home/phil/RIOT/udp_test/srv/bin/native/gnrc_ipv6_hdr.a
LOAD /home/phil/RIOT/udp_test/srv/bin/native/gnrc_ipv6_nc.a
LOAD /home/phil/RIOT/udp_test/srv/bin/native/gnrc_ipv6_netif.a
LOAD /home/phil/RIOT/udp_test/srv/bin/native/gnrc_ndp.a
LOAD /home/phil/RIOT/udp_test/srv/bin/native/gnrc_ndp_host.a
LOAD /home/phil/RIOT/udp_test/srv/bin/native/gnrc_ndp_internal.a
LOAD /home/phil/RIOT/udp_test/srv/bin/native/gnrc_ndp_node.a
LOAD /home/phil/RIOT/udp_test/srv/bin/native/gnrc_ndp_router.a
LOAD /home/phil/RIOT/udp_test/srv/bin/native/gnrc_netapi.a
LOAD /home/phil/RIOT/udp_test/srv/bin/native/gnrc_netdev2.a
LOAD /home/phil/RIOT/udp_test/srv/bin/native/gnrc_netif.a
LOAD /home/phil/RIOT/udp_test/srv/bin/native/gnrc_netif_hdr.a
LOAD /home/phil/RIOT/udp_test/srv/bin/native/gnrc_netreg.a
LOAD /home/phil/RIOT/udp_test/srv/bin/native/gnrc_pkt.a
LOAD /home/phil/RIOT/udp_test/srv/bin/native/gnrc_pktbuf_static.a
LOAD /home/phil/RIOT/udp_test/srv/bin/native/gnrc_pktdump.a
LOAD /home/phil/RIOT/udp_test/srv/bin/native/gnrc_rpl.a
LOAD /home/phil/RIOT/udp_test/srv/bin/native/gnrc_sock.a
LOAD /home/phil/RIOT/udp_test/srv/bin/native/gnrc_sock_udp.a
LOAD /home/phil/RIOT/udp_test/srv/bin/native/gnrc_udp.a
LOAD /home/phil/RIOT/udp_test/srv/bin/native/inet_csum.a
LOAD /home/phil/RIOT/udp_test/srv/bin/native/ipv6_addr.a
LOAD /home/phil/RIOT/udp_test/srv/bin/native/ipv6_hdr.a
LOAD /home/phil/RIOT/udp_test/srv/bin/native/libcoap.a
LOAD /home/phil/RIOT/udp_test/srv/bin/native/native-drivers.a
LOAD /home/phil/RIOT/udp_test/srv/bin/native/netdev2_eth.a
LOAD /home/phil/RIOT/udp_test/srv/bin/native/netdev2_tap.a
LOAD /home/phil/RIOT/udp_test/srv/bin/native/netopt.a
LOAD /home/phil/RIOT/udp_test/srv/bin/native/od.a
LOAD /home/phil/RIOT/udp_test/srv/bin/native/periph.a
LOAD /home/phil/RIOT/udp_test/srv/bin/native/posix.a
LOAD /home/phil/RIOT/udp_test/srv/bin/native/posix_sockets.a
LOAD /home/phil/RIOT/udp_test/srv/bin/native/ps.a
LOAD /home/phil/RIOT/udp_test/srv/bin/native/random.a
LOAD /home/phil/RIOT/udp_test/srv/bin/native/shell.a
LOAD /home/phil/RIOT/udp_test/srv/bin/native/shell_commands.a
LOAD /home/phil/RIOT/udp_test/srv/bin/native/sys.a
LOAD /home/phil/RIOT/udp_test/srv/bin/native/timex.a
LOAD /home/phil/RIOT/udp_test/srv/bin/native/tinymt32.a
LOAD /home/phil/RIOT/udp_test/srv/bin/native/trickle.a
LOAD /home/phil/RIOT/udp_test/srv/bin/native/udp.a
LOAD /home/phil/RIOT/udp_test/srv/bin/native/universal_address.a
LOAD /home/phil/RIOT/udp_test/srv/bin/native/xtimer.a
LOAD /usr/lib/gcc/x86_64-linux-gnu/4.9/../../../../lib32/libm.so
END GROUP
LOAD /usr/lib/gcc/x86_64-linux-gnu/4.9/../../../../lib32/libdl.so
LOAD /usr/lib/gcc/x86_64-linux-gnu/4.9/32/libgcc.a
LOAD /usr/lib/gcc/x86_64-linux-gnu/4.9/32/libgcc_s.so
LOAD /usr/lib/gcc/x86_64-linux-gnu/4.9/../../../../lib32/libc.so
START GROUP
LOAD /lib32/libc.so.6
LOAD /usr/lib32/libc_nonshared.a
LOAD /lib32/ld-linux.so.2
END GROUP
LOAD /usr/lib/gcc/x86_64-linux-gnu/4.9/32/libgcc.a
LOAD /usr/lib/gcc/x86_64-linux-gnu/4.9/32/libgcc_s.so
LOAD /usr/lib/gcc/x86_64-linux-gnu/4.9/32/crtend.o
LOAD /usr/lib/gcc/x86_64-linux-gnu/4.9/../../../../lib32/crtn.o
                0x0000000008048000                PROVIDE (__executable_start, 0x8048000)
                0x0000000008048134                . = (0x8048000 + SIZEOF_HEADERS)

.interp         0x0000000008048134       0x13
 *(.interp)
 .interp        0x0000000008048134       0x13 /usr/lib/gcc/x86_64-linux-gnu/4.9/../../../../lib32/crt1.o

.note.ABI-tag   0x0000000008048148       0x20
 .note.ABI-tag  0x0000000008048148       0x20 /usr/lib/gcc/x86_64-linux-gnu/4.9/../../../../lib32/crt1.o

.note.gnu.build-id
                0x0000000008048168       0x24
 *(.note.gnu.build-id)
 .note.gnu.build-id
                0x0000000008048168       0x24 /usr/lib/gcc/x86_64-linux-gnu/4.9/../../../../lib32/crt1.o

.hash
 *(.hash)

.gnu.hash       0x000000000804818c       0xbc
 *(.gnu.hash)
 .gnu.hash      0x000000000804818c       0xbc /usr/lib/gcc/x86_64-linux-gnu/4.9/../../../../lib32/crt1.o

.dynsym         0x0000000008048248      0x3a0
 *(.dynsym)
 .dynsym        0x0000000008048248      0x3a0 /usr/lib/gcc/x86_64-linux-gnu/4.9/../../../../lib32/crt1.o

.dynstr         0x00000000080485e8      0x233
 *(.dynstr)
 .dynstr        0x00000000080485e8      0x233 /usr/lib/gcc/x86_64-linux-gnu/4.9/../../../../lib32/crt1.o

.gnu.version    0x000000000804881c       0x74
 *(.gnu.version)
 .gnu.version   0x000000000804881c       0x74 /usr/lib/gcc/x86_64-linux-gnu/4.9/../../../../lib32/crt1.o

.gnu.version_d  0x0000000008048890        0x0
 *(.gnu.version_d)
 .gnu.version_d
                0x0000000008048890        0x0 /usr/lib/gcc/x86_64-linux-gnu/4.9/../../../../lib32/crt1.o

.gnu.version_r  0x0000000008048890       0x60
 *(.gnu.version_r)
 .gnu.version_r
                0x0000000008048890       0x60 /usr/lib/gcc/x86_64-linux-gnu/4.9/../../../../lib32/crt1.o

.rel.dyn        0x00000000080488f0       0x10
 *(.rel.init)
 *(.rel.text .rel.text.* .rel.gnu.linkonce.t.*)
 .rel.text      0x00000000080488f0        0x0 /usr/lib/gcc/x86_64-linux-gnu/4.9/../../../../lib32/crt1.o
 .rel.text._native_null_in
                0x00000000080488f0        0x0 /usr/lib/gcc/x86_64-linux-gnu/4.9/../../../../lib32/crt1.o
 .rel.text._native_log_stdout
                0x00000000080488f0        0x0 /usr/lib/gcc/x86_64-linux-gnu/4.9/../../../../lib32/crt1.o
 .rel.text._native_log_stderr
                0x00000000080488f0        0x0 /usr/lib/gcc/x86_64-linux-gnu/4.9/../../../../lib32/crt1.o
 .rel.text.daemonize
                0x00000000080488f0        0x0 /usr/lib/gcc/x86_64-linux-gnu/4.9/../../../../lib32/crt1.o
 .rel.text.filter_daemonize_argv
                0x00000000080488f0        0x0 /usr/lib/gcc/x86_64-linux-gnu/4.9/../../../../lib32/crt1.o
 .rel.text.usage_exit
                0x00000000080488f0        0x0 /usr/lib/gcc/x86_64-linux-gnu/4.9/../../../../lib32/crt1.o
 .rel.text.startup
                0x00000000080488f0        0x0 /usr/lib/gcc/x86_64-linux-gnu/4.9/../../../../lib32/crt1.o
 .rel.text.__cxa_pure_virtual
                0x00000000080488f0        0x0 /usr/lib/gcc/x86_64-linux-gnu/4.9/../../../../lib32/crt1.o
 .rel.text.__cxa_atexit
                0x00000000080488f0        0x0 /usr/lib/gcc/x86_64-linux-gnu/4.9/../../../../lib32/crt1.o
 .rel.text._ZN9__gnu_cxx27__verbose_terminate_handlerEv
                0x00000000080488f0        0x0 /usr/lib/gcc/x86_64-linux-gnu/4.9/../../../../lib32/crt1.o
 .rel.text._Znwj
                0x00000000080488f0        0x0 /usr/lib/gcc/x86_64-linux-gnu/4.9/../../../../lib32/crt1.o
 .rel.text._Znaj
                0x00000000080488f0        0x0 /usr/lib/gcc/x86_64-linux-gnu/4.9/../../../../lib32/crt1.o
 .rel.text._ZdlPv
                0x00000000080488f0        0x0 /usr/lib/gcc/x86_64-linux-gnu/4.9/../../../../lib32/crt1.o
 .rel.text._ZdaPv
                0x00000000080488f0        0x0 /usr/lib/gcc/x86_64-linux-gnu/4.9/../../../../lib32/crt1.o
 .rel.text._ZnwjRKSt9nothrow_t
                0x00000000080488f0        0x0 /usr/lib/gcc/x86_64-linux-gnu/4.9/../../../../lib32/crt1.o
 .rel.text._ZnajRKSt9nothrow_t
                0x00000000080488f0        0x0 /usr/lib/gcc/x86_64-linux-gnu/4.9/../../../../lib32/crt1.o
 .rel.text._ZdlPvRKSt9nothrow_t
                0x00000000080488f0        0x0 /usr/lib/gcc/x86_64-linux-gnu/4.9/../../../../lib32/crt1.o
 .rel.text._ZdaPvRKSt9nothrow_t
                0x00000000080488f0        0x0 /usr/lib/gcc/x86_64-linux-gnu/4.9/../../../../lib32/crt1.o
 .rel.text.main
                0x00000000080488f0        0x0 /usr/lib/gcc/x86_64-linux-gnu/4.9/../../../../lib32/crt1.o
 .rel.text.board_init
                0x00000000080488f0        0x0 /usr/lib/gcc/x86_64-linux-gnu/4.9/../../../../lib32/crt1.o
 .rel.text.core_panic
                0x00000000080488f0        0x0 /usr/lib/gcc/x86_64-linux-gnu/4.9/../../../../lib32/crt1.o
 .rel.text.main_trampoline
                0x00000000080488f0        0x0 /usr/lib/gcc/x86_64-linux-gnu/4.9/../../../../lib32/crt1.o
 .rel.text.idle_thread
                0x00000000080488f0        0x0 /usr/lib/gcc/x86_64-linux-gnu/4.9/../../../../lib32/crt1.o
 .rel.text.kernel_init
                0x00000000080488f0        0x0 /usr/lib/gcc/x86_64-linux-gnu/4.9/../../../../lib32/crt1.o
 .rel.text.clist_lpoprpush
                0x00000000080488f0        0x0 /usr/lib/gcc/x86_64-linux-gnu/4.9/../../../../lib32/crt1.o
 .rel.text.cib_init
                0x00000000080488f0        0x0 /usr/lib/gcc/x86_64-linux-gnu/4.9/../../../../lib32/crt1.o
 .rel.text.pid_is_valid
                0x00000000080488f0        0x0 /usr/lib/gcc/x86_64-linux-gnu/4.9/../../../../lib32/crt1.o
 .rel.text.thread_get
                0x00000000080488f0        0x0 /usr/lib/gcc/x86_64-linux-gnu/4.9/../../../../lib32/crt1.o
 .rel.text.thread_getstatus
                0x00000000080488f0        0x0 /usr/lib/gcc/x86_64-linux-gnu/4.9/../../../../lib32/crt1.o
 .rel.text.thread_getname
                0x00000000080488f0        0x0 /usr/lib/gcc/x86_64-linux-gnu/4.9/../../../../lib32/crt1.o
 .rel.text.thread_sleep
                0x00000000080488f0        0x0 /usr/lib/gcc/x86_64-linux-gnu/4.9/../../../../lib32/crt1.o
 .rel.text.thread_wakeup
                0x00000000080488f0        0x0 /usr/lib/gcc/x86_64-linux-gnu/4.9/../../../../lib32/crt1.o
 .rel.text.thread_yield
                0x00000000080488f0        0x0 /usr/lib/gcc/x86_64-linux-gnu/4.9/../../../../lib32/crt1.o
 .rel.text.thread_add_to_list
                0x00000000080488f0        0x0 /usr/lib/gcc/x86_64-linux-gnu/4.9/../../../../lib32/crt1.o
 .rel.text.thread_measure_stack_free
                0x00000000080488f0        0x0 /usr/lib/gcc/x86_64-linux-gnu/4.9/../../../../lib32/crt1.o
 .rel.text.thread_create
                0x00000000080488f0        0x0 /usr/lib/gcc/x86_64-linux-gnu/4.9/../../../../lib32/crt1.o
 .rel.text.clist_rpush
                0x00000000080488f0        0x0 /usr/lib/gcc/x86_64-linux-gnu/4.9/../../../../lib32/crt1.o
 .rel.text.clist_lpop
                0x00000000080488f0        0x0 /usr/lib/gcc/x86_64-linux-gnu/4.9/../../../../lib32/crt1.o
 .rel.text.sched_run
                0x00000000080488f0        0x0 /usr/lib/gcc/x86_64-linux-gnu/4.9/../../../../lib32/crt1.o
 .rel.text.sched_set_status
                0x00000000080488f0        0x0 /usr/lib/gcc/x86_64-linux-gnu/4.9/../../../../lib32/crt1.o
 .rel.text.sched_switch
                0x00000000080488f0        0x0 /usr/lib/gcc/x86_64-linux-gnu/4.9/../../../../lib32/crt1.o
 .rel.text.sched_task_exit
                0x00000000080488f0        0x0 /usr/lib/gcc/x86_64-linux-gnu/4.9/../../../../lib32/crt1.o
 .rel.text.bitarithm_msb
                0x00000000080488f0        0x0 /usr/lib/gcc/x86_64-linux-gnu/4.9/../../../../lib32/crt1.o
 .rel.text.bitarithm_lsb
                0x00000000080488f0        0x0 /usr/lib/gcc/x86_64-linux-gnu/4.9/../../../../lib32/crt1.o
 .rel.text.bitarithm_bits_set
                0x00000000080488f0        0x0 /usr/lib/gcc/x86_64-linux-gnu/4.9/../../../../lib32/crt1.o
 .rel.text.panic_arch
                0x00000000080488f0        0x0 /usr/lib/gcc/x86_64-linux-gnu/4.9/../../../../lib32/crt1.o
 .rel.text.lpm_init
                0x00000000080488f0        0x0 /usr/lib/gcc/x86_64-linux-gnu/4.9/../../../../lib32/crt1.o
 .rel.text._native_lpm_sleep
                0x00000000080488f0        0x0 /usr/lib/gcc/x86_64-linux-gnu/4.9/../../../../lib32/crt1.o
 .rel.text.lpm_set
                0x00000000080488f0        0x0 /usr/lib/gcc/x86_64-linux-gnu/4.9/../../../../lib32/crt1.o
 .rel.text.lpm_awake
                0x00000000080488f0        0x0 /usr/lib/gcc/x86_64-linux-gnu/4.9/../../../../lib32/crt1.o
 .rel.text.lpm_begin_awake
                0x00000000080488f0        0x0 /usr/lib/gcc/x86_64-linux-gnu/4.9/../../../../lib32/crt1.o
 .rel.text.lpm_end_awake
                0x00000000080488f0        0x0 /usr/lib/gcc/x86_64-linux-gnu/4.9/../../../../lib32/crt1.o
 .rel.text.lpm_get
                0x00000000080488f0        0x0 /usr/lib/gcc/x86_64-linux-gnu/4.9/../../../../lib32/crt1.o
 .rel.text._native_syscall_enter
                0x00000000080488f0        0x0 /usr/lib/gcc/x86_64-linux-gnu/4.9/../../../../lib32/crt1.o
 .rel.text._native_syscall_leave
                0x00000000080488f0        0x0 /usr/lib/gcc/x86_64-linux-gnu/4.9/../../../../lib32/crt1.o
 .rel.text.malloc
                0x00000000080488f0        0x0 /usr/lib/gcc/x86_64-linux-gnu/4.9/../../../../lib32/crt1.o
 .rel.text.free
                0x00000000080488f0        0x0 /usr/lib/gcc/x86_64-linux-gnu/4.9/../../../../lib32/crt1.o
 .rel.text.calloc
                0x00000000080488f0        0x0 /usr/lib/gcc/x86_64-linux-gnu/4.9/../../../../lib32/crt1.o
 .rel.text.realloc
                0x00000000080488f0        0x0 /usr/lib/gcc/x86_64-linux-gnu/4.9/../../../../lib32/crt1.o
 .rel.text._native_read
                0x00000000080488f0        0x0 /usr/lib/gcc/x86_64-linux-gnu/4.9/../../../../lib32/crt1.o
 .rel.text._native_write
                0x00000000080488f0        0x0 /usr/lib/gcc/x86_64-linux-gnu/4.9/../../../../lib32/crt1.o
 .rel.text._native_writev
                0x00000000080488f0        0x0 /usr/lib/gcc/x86_64-linux-gnu/4.9/../../../../lib32/crt1.o
 .rel.text.putchar
                0x00000000080488f0        0x0 /usr/lib/gcc/x86_64-linux-gnu/4.9/../../../../lib32/crt1.o
 .rel.text.puts
                0x00000000080488f0        0x0 /usr/lib/gcc/x86_64-linux-gnu/4.9/../../../../lib32/crt1.o
 .rel.text.make_message
                0x00000000080488f0        0x0 /usr/lib/gcc/x86_64-linux-gnu/4.9/../../../../lib32/crt1.o
 .rel.text.printf
                0x00000000080488f0        0x0 /usr/lib/gcc/x86_64-linux-gnu/4.9/../../../../lib32/crt1.o
 .rel.text.vprintf
                0x00000000080488f0        0x0 /usr/lib/gcc/x86_64-linux-gnu/4.9/../../../../lib32/crt1.o
 .rel.text.fprintf
                0x00000000080488f0        0x0 /usr/lib/gcc/x86_64-linux-gnu/4.9/../../../../lib32/crt1.o
 .rel.text.vfprintf
                0x00000000080488f0        0x0 /usr/lib/gcc/x86_64-linux-gnu/4.9/../../../../lib32/crt1.o
 .rel.text.vwarn
                0x00000000080488f0        0x0 /usr/lib/gcc/x86_64-linux-gnu/4.9/../../../../lib32/crt1.o
 .rel.text.vwarnx
                0x00000000080488f0        0x0 /usr/lib/gcc/x86_64-linux-gnu/4.9/../../../../lib32/crt1.o
 .rel.text.warn
                0x00000000080488f0        0x0 /usr/lib/gcc/x86_64-linux-gnu/4.9/../../../../lib32/crt1.o
 .rel.text.warnx
                0x00000000080488f0        0x0 /usr/lib/gcc/x86_64-linux-gnu/4.9/../../../../lib32/crt1.o
 .rel.text.getpid
                0x00000000080488f0        0x0 /usr/lib/gcc/x86_64-linux-gnu/4.9/../../../../lib32/crt1.o
 .rel.text._gettimeofday
                0x00000000080488f0        0x0 /usr/lib/gcc/x86_64-linux-gnu/4.9/../../../../lib32/crt1.o
 .rel.text._native_init_syscalls
                0x00000000080488f0        0x0 /usr/lib/gcc/x86_64-linux-gnu/4.9/../../../../lib32/crt1.o
 .rel.text.thread_arch_isr_stack_pointer
                0x00000000080488f0        0x0 /usr/lib/gcc/x86_64-linux-gnu/4.9/../../../../lib32/crt1.o
 .rel.text.thread_arch_isr_stack_start
                0x00000000080488f0        0x0 /usr/lib/gcc/x86_64-linux-gnu/4.9/../../../../lib32/crt1.o
 .rel.text.print_thread_sigmask
                0x00000000080488f0        0x0 /usr/lib/gcc/x86_64-linux-gnu/4.9/../../../../lib32/crt1.o
 .rel.text.print_sigmasks
                0x00000000080488f0        0x0 /usr/lib/gcc/x86_64-linux-gnu/4.9/../../../../lib32/crt1.o
 .rel.text.native_print_signals
                0x00000000080488f0        0x0 /usr/lib/gcc/x86_64-linux-gnu/4.9/../../../../lib32/crt1.o
 .rel.text.irq_disable
                0x00000000080488f0        0x0 /usr/lib/gcc/x86_64-linux-gnu/4.9/../../../../lib32/crt1.o
 .rel.text.irq_enable
                0x00000000080488f0        0x0 /usr/lib/gcc/x86_64-linux-gnu/4.9/../../../../lib32/crt1.o
 .rel.text.irq_restore
                0x00000000080488f0        0x0 /usr/lib/gcc/x86_64-linux-gnu/4.9/../../../../lib32/crt1.o
 .rel.text.irq_is_in
                0x00000000080488f0        0x0 /usr/lib/gcc/x86_64-linux-gnu/4.9/../../../../lib32/crt1.o
 .rel.text._native_popsig
                0x00000000080488f0        0x0 /usr/lib/gcc/x86_64-linux-gnu/4.9/../../../../lib32/crt1.o
 .rel.text.native_irq_handler
                0x00000000080488f0        0x0 /usr/lib/gcc/x86_64-linux-gnu/4.9/../../../../lib32/crt1.o
 .rel.text.isr_set_sigmask
                0x00000000080488f0        0x0 /usr/lib/gcc/x86_64-linux-gnu/4.9/../../../../lib32/crt1.o
 .rel.text.native_isr_entry
                0x00000000080488f0        0x0 /usr/lib/gcc/x86_64-linux-gnu/4.9/../../../../lib32/crt1.o
 .rel.text.set_signal_handler
                0x00000000080488f0        0x0 /usr/lib/gcc/x86_64-linux-gnu/4.9/../../../../lib32/crt1.o
 .rel.text.register_interrupt
                0x00000000080488f0        0x0 /usr/lib/gcc/x86_64-linux-gnu/4.9/../../../../lib32/crt1.o
 .rel.text.unregister_interrupt
                0x00000000080488f0        0x0 /usr/lib/gcc/x86_64-linux-gnu/4.9/../../../../lib32/crt1.o
 .rel.text.native_shutdown
                0x00000000080488f0        0x0 /usr/lib/gcc/x86_64-linux-gnu/4.9/../../../../lib32/crt1.o
 .rel.text.native_interrupt_init
                0x00000000080488f0        0x0 /usr/lib/gcc/x86_64-linux-gnu/4.9/../../../../lib32/crt1.o
 .rel.text._native_mod_ctx_leave_sigh
                0x00000000080488f0        0x0 /usr/lib/gcc/x86_64-linux-gnu/4.9/../../../../lib32/crt1.o
 .rel.text.thread_print_stack
                0x00000000080488f0        0x0 /usr/lib/gcc/x86_64-linux-gnu/4.9/../../../../lib32/crt1.o
 .rel.text.thread_arch_isr_stack_usage
                0x00000000080488f0        0x0 /usr/lib/gcc/x86_64-linux-gnu/4.9/../../../../lib32/crt1.o
 .rel.text.thread_stack_init
                0x00000000080488f0        0x0 /usr/lib/gcc/x86_64-linux-gnu/4.9/../../../../lib32/crt1.o
 .rel.text.isr_cpu_switch_context_exit
                0x00000000080488f0        0x0 /usr/lib/gcc/x86_64-linux-gnu/4.9/../../../../lib32/crt1.o
 .rel.text.cpu_switch_context_exit
                0x00000000080488f0        0x0 /usr/lib/gcc/x86_64-linux-gnu/4.9/../../../../lib32/crt1.o
 .rel.text.isr_thread_yield
                0x00000000080488f0        0x0 /usr/lib/gcc/x86_64-linux-gnu/4.9/../../../../lib32/crt1.o
 .rel.text.thread_yield_higher
                0x00000000080488f0        0x0 /usr/lib/gcc/x86_64-linux-gnu/4.9/../../../../lib32/crt1.o
 .rel.text.native_cpu_init
                0x00000000080488f0        0x0 /usr/lib/gcc/x86_64-linux-gnu/4.9/../../../../lib32/crt1.o
 .rel.text.byteorder_swaps
                0x00000000080488f0        0x0 /usr/lib/gcc/x86_64-linux-gnu/4.9/../../../../lib32/crt1.o
 .rel.text.byteorder_ntohs
                0x00000000080488f0        0x0 /usr/lib/gcc/x86_64-linux-gnu/4.9/../../../../lib32/crt1.o
 .rel.text.gnrc_pktbuf_release
                0x00000000080488f0        0x0 /usr/lib/gcc/x86_64-linux-gnu/4.9/../../../../lib32/crt1.o
 .rel.text.gnrc_af_not_supported
                0x00000000080488f0        0x0 /usr/lib/gcc/x86_64-linux-gnu/4.9/../../../../lib32/crt1.o
 .rel.text.gnrc_ep_addr_any
                0x00000000080488f0        0x0 /usr/lib/gcc/x86_64-linux-gnu/4.9/../../../../lib32/crt1.o
 .rel.text.sock_udp_create
                0x00000000080488f0        0x0 /usr/lib/gcc/x86_64-linux-gnu/4.9/../../../../lib32/crt1.o
 .rel.text.sock_udp_close
                0x00000000080488f0        0x0 /usr/lib/gcc/x86_64-linux-gnu/4.9/../../../../lib32/crt1.o
 .rel.text.sock_udp_get_local
                0x00000000080488f0        0x0 /usr/lib/gcc/x86_64-linux-gnu/4.9/../../../../lib32/crt1.o
 .rel.text.sock_udp_get_remote
                0x00000000080488f0        0x0 /usr/lib/gcc/x86_64-linux-gnu/4.9/../../../../lib32/crt1.o
 .rel.text.sock_udp_recv
                0x00000000080488f0        0x0 /usr/lib/gcc/x86_64-linux-gnu/4.9/../../../../lib32/crt1.o
 .rel.text.sock_udp_send
                0x00000000080488f0        0x0 /usr/lib/gcc/x86_64-linux-gnu/4.9/../../../../lib32/crt1.o
 .rel.text.byteorder_htons
                0x00000000080488f0        0x0 /usr/lib/gcc/x86_64-linux-gnu/4.9/../../../../lib32/crt1.o
 .rel.text.inet_csum
                0x00000000080488f0        0x0 /usr/lib/gcc/x86_64-linux-gnu/4.9/../../../../lib32/crt1.o
 .rel.text.ipv6_hdr_inet_csum
                0x00000000080488f0        0x0 /usr/lib/gcc/x86_64-linux-gnu/4.9/../../../../lib32/crt1.o
 .rel.text.gnrc_pkt_len
                0x00000000080488f0        0x0 /usr/lib/gcc/x86_64-linux-gnu/4.9/../../../../lib32/crt1.o
 .rel.text.gnrc_netapi_dispatch_send
                0x00000000080488f0        0x0 /usr/lib/gcc/x86_64-linux-gnu/4.9/../../../../lib32/crt1.o
 .rel.text.gnrc_netapi_dispatch_receive
                0x00000000080488f0        0x0 /usr/lib/gcc/x86_64-linux-gnu/4.9/../../../../lib32/crt1.o
 .rel.text._calc_csum
                0x00000000080488f0        0x0 /usr/lib/gcc/x86_64-linux-gnu/4.9/../../../../lib32/crt1.o
 .rel.text._receive
                0x00000000080488f0        0x0 /usr/lib/gcc/x86_64-linux-gnu/4.9/../../../../lib32/crt1.o
 .rel.text._send
                0x00000000080488f0        0x0 /usr/lib/gcc/x86_64-linux-gnu/4.9/../../../../lib32/crt1.o
 .rel.text._event_loop
                0x00000000080488f0        0x0 /usr/lib/gcc/x86_64-linux-gnu/4.9/../../../../lib32/crt1.o
 .rel.text.gnrc_udp_calc_csum
                0x00000000080488f0        0x0 /usr/lib/gcc/x86_64-linux-gnu/4.9/../../../../lib32/crt1.o
 .rel.text.gnrc_udp_hdr_build
                0x00000000080488f0        0x0 /usr/lib/gcc/x86_64-linux-gnu/4.9/../../../../lib32/crt1.o
 .rel.text.gnrc_udp_init
                0x00000000080488f0        0x0 /usr/lib/gcc/x86_64-linux-gnu/4.9/../../../../lib32/crt1.o
 .rel.text.inet_csum_slice
                0x00000000080488f0        0x0 /usr/lib/gcc/x86_64-linux-gnu/4.9/../../../../lib32/crt1.o
 .rel.text.ipv6_addr_equal
                0x00000000080488f0        0x0 /usr/lib/gcc/x86_64-linux-gnu/4.9/../../../../lib32/crt1.o
 .rel.text.ipv6_addr_match_prefix
                0x00000000080488f0        0x0 /usr/lib/gcc/x86_64-linux-gnu/4.9/../../../../lib32/crt1.o
 .rel.text.ipv6_addr_init_prefix
                0x00000000080488f0        0x0 /usr/lib/gcc/x86_64-linux-gnu/4.9/../../../../lib32/crt1.o
 .rel.text.ipv6_addr_init_iid
                0x00000000080488f0        0x0 /usr/lib/gcc/x86_64-linux-gnu/4.9/../../../../lib32/crt1.o
 .rel.text.ipv6_addr_split
                0x00000000080488f0        0x0 /usr/lib/gcc/x86_64-linux-gnu/4.9/../../../../lib32/crt1.o
 .rel.text.ipv6_addr_print
                0x00000000080488f0        0x0 /usr/lib/gcc/x86_64-linux-gnu/4.9/../../../../lib32/crt1.o
 .rel.text.ipv6_addr_to_str
                0x00000000080488f0        0x0 /usr/lib/gcc/x86_64-linux-gnu/4.9/../../../../lib32/crt1.o
 .rel.text._native_LED_GREEN_OFF
                0x00000000080488f0        0x0 /usr/lib/gcc/x86_64-linux-gnu/4.9/../../../../lib32/crt1.o
 .rel.text._native_LED_GREEN_ON
                0x00000000080488f0        0x0 /usr/lib/gcc/x86_64-linux-gnu/4.9/../../../../lib32/crt1.o
 .rel.text._native_LED_GREEN_TOGGLE
                0x00000000080488f0        0x0 /usr/lib/gcc/x86_64-linux-gnu/4.9/../../../../lib32/crt1.o
 .rel.text._native_LED_RED_OFF
                0x00000000080488f0        0x0 /usr/lib/gcc/x86_64-linux-gnu/4.9/../../../../lib32/crt1.o
 .rel.text._native_LED_RED_ON
                0x00000000080488f0        0x0 /usr/lib/gcc/x86_64-linux-gnu/4.9/../../../../lib32/crt1.o
 .rel.text._native_LED_RED_TOGGLE
                0x00000000080488f0        0x0 /usr/lib/gcc/x86_64-linux-gnu/4.9/../../../../lib32/crt1.o
 .rel.text._get_mac_addr
                0x00000000080488f0        0x0 /usr/lib/gcc/x86_64-linux-gnu/4.9/../../../../lib32/crt1.o
 .rel.text._set_mac_addr
                0x00000000080488f0        0x0 /usr/lib/gcc/x86_64-linux-gnu/4.9/../../../../lib32/crt1.o
 .rel.text._get_promiscous
                0x00000000080488f0        0x0 /usr/lib/gcc/x86_64-linux-gnu/4.9/../../../../lib32/crt1.o
 .rel.text._set_promiscous
                0x00000000080488f0        0x0 /usr/lib/gcc/x86_64-linux-gnu/4.9/../../../../lib32/crt1.o
 .rel.text._isr
                0x00000000080488f0        0x0 /usr/lib/gcc/x86_64-linux-gnu/4.9/../../../../lib32/crt1.o
 .rel.text._get
                0x00000000080488f0        0x0 /usr/lib/gcc/x86_64-linux-gnu/4.9/../../../../lib32/crt1.o
 .rel.text._set
                0x00000000080488f0        0x0 /usr/lib/gcc/x86_64-linux-gnu/4.9/../../../../lib32/crt1.o
 .rel.text._is_addr_broadcast
                0x00000000080488f0        0x0 /usr/lib/gcc/x86_64-linux-gnu/4.9/../../../../lib32/crt1.o
 .rel.text._is_addr_multicast
                0x00000000080488f0        0x0 /usr/lib/gcc/x86_64-linux-gnu/4.9/../../../../lib32/crt1.o
 .rel.text._continue_reading
                0x00000000080488f0        0x0 /usr/lib/gcc/x86_64-linux-gnu/4.9/../../../../lib32/crt1.o
 .rel.text._recv
                0x00000000080488f0        0x0 /usr/lib/gcc/x86_64-linux-gnu/4.9/../../../../lib32/crt1.o
 .rel.text.netdev2_tap_setup
                0x00000000080488f0        0x0 /usr/lib/gcc/x86_64-linux-gnu/4.9/../../../../lib32/crt1.o
 .rel.text._tap_isr
                0x00000000080488f0        0x0 /usr/lib/gcc/x86_64-linux-gnu/4.9/../../../../lib32/crt1.o
 .rel.text._init
                0x00000000080488f0        0x0 /usr/lib/gcc/x86_64-linux-gnu/4.9/../../../../lib32/crt1.o
 .rel.text.netdev2_tap_cleanup
                0x00000000080488f0        0x0 /usr/lib/gcc/x86_64-linux-gnu/4.9/../../../../lib32/crt1.o
 .rel.text.tty_uart_setup
                0x00000000080488f0        0x0 /usr/lib/gcc/x86_64-linux-gnu/4.9/../../../../lib32/crt1.o
 .rel.text.io_signal_handler
                0x00000000080488f0        0x0 /usr/lib/gcc/x86_64-linux-gnu/4.9/../../../../lib32/crt1.o
 .rel.text.uart_init
                0x00000000080488f0        0x0 /usr/lib/gcc/x86_64-linux-gnu/4.9/../../../../lib32/crt1.o
 .rel.text.uart_write
                0x00000000080488f0        0x0 /usr/lib/gcc/x86_64-linux-gnu/4.9/../../../../lib32/crt1.o
 .rel.text.uart_cleanup
                0x00000000080488f0        0x0 /usr/lib/gcc/x86_64-linux-gnu/4.9/../../../../lib32/crt1.o
 .rel.text.ps   0x00000000080488f0        0x0 /usr/lib/gcc/x86_64-linux-gnu/4.9/../../../../lib32/crt1.o
 .rel.text.tinymt32_next_state
                0x00000000080488f0        0x0 /usr/lib/gcc/x86_64-linux-gnu/4.9/../../../../lib32/crt1.o
 .rel.text.tinymt32_temper
                0x00000000080488f0        0x0 /usr/lib/gcc/x86_64-linux-gnu/4.9/../../../../lib32/crt1.o
 .rel.text.tinymt32_generate_uint32
                0x00000000080488f0        0x0 /usr/lib/gcc/x86_64-linux-gnu/4.9/../../../../lib32/crt1.o
 .rel.text.random_init
                0x00000000080488f0        0x0 /usr/lib/gcc/x86_64-linux-gnu/4.9/../../../../lib32/crt1.o
 .rel.text.random_uint32
                0x00000000080488f0        0x0 /usr/lib/gcc/x86_64-linux-gnu/4.9/../../../../lib32/crt1.o
 .rel.text.random_init_by_array
                0x00000000080488f0        0x0 /usr/lib/gcc/x86_64-linux-gnu/4.9/../../../../lib32/crt1.o
 .rel.text.ini_func1
                0x00000000080488f0        0x0 /usr/lib/gcc/x86_64-linux-gnu/4.9/../../../../lib32/crt1.o
 .rel.text.ini_func2
                0x00000000080488f0        0x0 /usr/lib/gcc/x86_64-linux-gnu/4.9/../../../../lib32/crt1.o
 .rel.text.period_certification
                0x00000000080488f0        0x0 /usr/lib/gcc/x86_64-linux-gnu/4.9/../../../../lib32/crt1.o
 .rel.text.tinymt32_init
                0x00000000080488f0        0x0 /usr/lib/gcc/x86_64-linux-gnu/4.9/../../../../lib32/crt1.o
 .rel.text.tinymt32_init_by_array
                0x00000000080488f0        0x0 /usr/lib/gcc/x86_64-linux-gnu/4.9/../../../../lib32/crt1.o
 .rel.text._xtimer_lltimer_now
                0x00000000080488f0        0x0 /usr/lib/gcc/x86_64-linux-gnu/4.9/../../../../lib32/crt1.o
 .rel.text.xtimer_now
                0x00000000080488f0        0x0 /usr/lib/gcc/x86_64-linux-gnu/4.9/../../../../lib32/crt1.o
 .rel.text.xtimer_spin
                0x00000000080488f0        0x0 /usr/lib/gcc/x86_64-linux-gnu/4.9/../../../../lib32/crt1.o
 .rel.text.mutex_lock
                0x00000000080488f0        0x0 /usr/lib/gcc/x86_64-linux-gnu/4.9/../../../../lib32/crt1.o
 .rel.text.div_u64_by_15625
                0x00000000080488f0        0x0 /usr/lib/gcc/x86_64-linux-gnu/4.9/../../../../lib32/crt1.o
 .rel.text.div_u64_by_1000000
                0x00000000080488f0        0x0 /usr/lib/gcc/x86_64-linux-gnu/4.9/../../../../lib32/crt1.o
 .rel.text._callback_unlock_mutex
                0x00000000080488f0        0x0 /usr/lib/gcc/x86_64-linux-gnu/4.9/../../../../lib32/crt1.o
 .rel.text._xtimer_sleep
                0x00000000080488f0        0x0 /usr/lib/gcc/x86_64-linux-gnu/4.9/../../../../lib32/crt1.o
 .rel.text.xtimer_periodic_wakeup
                0x00000000080488f0        0x0 /usr/lib/gcc/x86_64-linux-gnu/4.9/../../../../lib32/crt1.o
 .rel.text._callback_msg
                0x00000000080488f0        0x0 /usr/lib/gcc/x86_64-linux-gnu/4.9/../../../../lib32/crt1.o
 .rel.text._setup_msg
                0x00000000080488f0        0x0 /usr/lib/gcc/x86_64-linux-gnu/4.9/../../../../lib32/crt1.o
 .rel.text.xtimer_set_msg
                0x00000000080488f0        0x0 /usr/lib/gcc/x86_64-linux-gnu/4.9/../../../../lib32/crt1.o
 .rel.text.xtimer_set_msg64
                0x00000000080488f0        0x0 /usr/lib/gcc/x86_64-linux-gnu/4.9/../../../../lib32/crt1.o
 .rel.text._callback_wakeup
                0x00000000080488f0        0x0 /usr/lib/gcc/x86_64-linux-gnu/4.9/../../../../lib32/crt1.o
 .rel.text.xtimer_set_wakeup
                0x00000000080488f0        0x0 /usr/lib/gcc/x86_64-linux-gnu/4.9/../../../../lib32/crt1.o
 .rel.text.xtimer_set_wakeup64
                0x00000000080488f0        0x0 /usr/lib/gcc/x86_64-linux-gnu/4.9/../../../../lib32/crt1.o
 .rel.text.xtimer_now_timex
                0x00000000080488f0        0x0 /usr/lib/gcc/x86_64-linux-gnu/4.9/../../../../lib32/crt1.o
 .rel.text._setup_timer_msg
                0x00000000080488f0        0x0 /usr/lib/gcc/x86_64-linux-gnu/4.9/../../../../lib32/crt1.o
 .rel.text._msg_wait
                0x00000000080488f0        0x0 /usr/lib/gcc/x86_64-linux-gnu/4.9/../../../../lib32/crt1.o
 .rel.text.xtimer_msg_receive_timeout64
                0x00000000080488f0        0x0 /usr/lib/gcc/x86_64-linux-gnu/4.9/../../../../lib32/crt1.o
 .rel.text.xtimer_msg_receive_timeout
                0x00000000080488f0        0x0 /usr/lib/gcc/x86_64-linux-gnu/4.9/../../../../lib32/crt1.o
 .rel.text._xtimer_lltimer_mask
                0x00000000080488f0        0x0 /usr/lib/gcc/x86_64-linux-gnu/4.9/../../../../lib32/crt1.o
 .rel.text._is_set
                0x00000000080488f0        0x0 /usr/lib/gcc/x86_64-linux-gnu/4.9/../../../../lib32/crt1.o
 .rel.text.xtimer_spin_until
                0x00000000080488f0        0x0 /usr/lib/gcc/x86_64-linux-gnu/4.9/../../../../lib32/crt1.o
 .rel.text.xtimer_init
                0x00000000080488f0        0x0 /usr/lib/gcc/x86_64-linux-gnu/4.9/../../../../lib32/crt1.o
 .rel.text._xtimer_now64
                0x00000000080488f0        0x0 /usr/lib/gcc/x86_64-linux-gnu/4.9/../../../../lib32/crt1.o
 .rel.text.xtimer_now64
                0x00000000080488f0        0x0 /usr/lib/gcc/x86_64-linux-gnu/4.9/../../../../lib32/crt1.o
 .rel.text._xtimer_set64
                0x00000000080488f0        0x0 /usr/lib/gcc/x86_64-linux-gnu/4.9/../../../../lib32/crt1.o
 .rel.text.xtimer_set
                0x00000000080488f0        0x0 /usr/lib/gcc/x86_64-linux-gnu/4.9/../../../../lib32/crt1.o
 .rel.text._periph_timer_callback
                0x00000000080488f0        0x0 /usr/lib/gcc/x86_64-linux-gnu/4.9/../../../../lib32/crt1.o
 .rel.text._shoot
                0x00000000080488f0        0x0 /usr/lib/gcc/x86_64-linux-gnu/4.9/../../../../lib32/crt1.o
 .rel.text._lltimer_set
                0x00000000080488f0        0x0 /usr/lib/gcc/x86_64-linux-gnu/4.9/../../../../lib32/crt1.o
 .rel.text._xtimer_set_absolute
                0x00000000080488f0        0x0 /usr/lib/gcc/x86_64-linux-gnu/4.9/../../../../lib32/crt1.o
 .rel.text._add_timer_to_list
                0x00000000080488f0        0x0 /usr/lib/gcc/x86_64-linux-gnu/4.9/../../../../lib32/crt1.o
 .rel.text._add_timer_to_long_list
                0x00000000080488f0        0x0 /usr/lib/gcc/x86_64-linux-gnu/4.9/../../../../lib32/crt1.o
 .rel.text._remove_timer_from_list
                0x00000000080488f0        0x0 /usr/lib/gcc/x86_64-linux-gnu/4.9/../../../../lib32/crt1.o
 .rel.text._remove
                0x00000000080488f0        0x0 /usr/lib/gcc/x86_64-linux-gnu/4.9/../../../../lib32/crt1.o
 .rel.text.xtimer_remove
                0x00000000080488f0        0x0 /usr/lib/gcc/x86_64-linux-gnu/4.9/../../../../lib32/crt1.o
 .rel.text._time_left
                0x00000000080488f0        0x0 /usr/lib/gcc/x86_64-linux-gnu/4.9/../../../../lib32/crt1.o
 .rel.text._this_high_period
                0x00000000080488f0        0x0 /usr/lib/gcc/x86_64-linux-gnu/4.9/../../../../lib32/crt1.o
 .rel.text._compare
                0x00000000080488f0        0x0 /usr/lib/gcc/x86_64-linux-gnu/4.9/../../../../lib32/crt1.o
 .rel.text._merge_lists
                0x00000000080488f0        0x0 /usr/lib/gcc/x86_64-linux-gnu/4.9/../../../../lib32/crt1.o
 .rel.text._select_long_timers
                0x00000000080488f0        0x0 /usr/lib/gcc/x86_64-linux-gnu/4.9/../../../../lib32/crt1.o
 .rel.text._next_period
                0x00000000080488f0        0x0 /usr/lib/gcc/x86_64-linux-gnu/4.9/../../../../lib32/crt1.o
 .rel.text._timer_callback
                0x00000000080488f0        0x0 /usr/lib/gcc/x86_64-linux-gnu/4.9/../../../../lib32/crt1.o
 .rel.text.auto_init
                0x00000000080488f0        0x0 /usr/lib/gcc/x86_64-linux-gnu/4.9/../../../../lib32/crt1.o
 .rel.text.auto_init_netdev2_tap
                0x00000000080488f0        0x0 /usr/lib/gcc/x86_64-linux-gnu/4.9/../../../../lib32/crt1.o
 .rel.text.list_remove_head
                0x00000000080488f0        0x0 /usr/lib/gcc/x86_64-linux-gnu/4.9/../../../../lib32/crt1.o
 .rel.text._mutex_lock
                0x00000000080488f0        0x0 /usr/lib/gcc/x86_64-linux-gnu/4.9/../../../../lib32/crt1.o
 .rel.text.mutex_unlock
                0x00000000080488f0        0x0 /usr/lib/gcc/x86_64-linux-gnu/4.9/../../../../lib32/crt1.o
 .rel.text.mutex_unlock_and_sleep
                0x00000000080488f0        0x0 /usr/lib/gcc/x86_64-linux-gnu/4.9/../../../../lib32/crt1.o
 .rel.text.cib_avail
                0x00000000080488f0        0x0 /usr/lib/gcc/x86_64-linux-gnu/4.9/../../../../lib32/crt1.o
 .rel.text.cib_get
                0x00000000080488f0        0x0 /usr/lib/gcc/x86_64-linux-gnu/4.9/../../../../lib32/crt1.o
 .rel.text.cib_put
                0x00000000080488f0        0x0 /usr/lib/gcc/x86_64-linux-gnu/4.9/../../../../lib32/crt1.o
 .rel.text.queue_msg
                0x00000000080488f0        0x0 /usr/lib/gcc/x86_64-linux-gnu/4.9/../../../../lib32/crt1.o
 .rel.text.msg_send
                0x00000000080488f0        0x0 /usr/lib/gcc/x86_64-linux-gnu/4.9/../../../../lib32/crt1.o
 .rel.text.msg_try_send
                0x00000000080488f0        0x0 /usr/lib/gcc/x86_64-linux-gnu/4.9/../../../../lib32/crt1.o
 .rel.text._msg_send
                0x00000000080488f0        0x0 /usr/lib/gcc/x86_64-linux-gnu/4.9/../../../../lib32/crt1.o
 .rel.text.msg_send_to_self
                0x00000000080488f0        0x0 /usr/lib/gcc/x86_64-linux-gnu/4.9/../../../../lib32/crt1.o
 .rel.text.msg_send_int
                0x00000000080488f0        0x0 /usr/lib/gcc/x86_64-linux-gnu/4.9/../../../../lib32/crt1.o
 .rel.text.msg_send_receive
                0x00000000080488f0        0x0 /usr/lib/gcc/x86_64-linux-gnu/4.9/../../../../lib32/crt1.o
 .rel.text.msg_reply
                0x00000000080488f0        0x0 /usr/lib/gcc/x86_64-linux-gnu/4.9/../../../../lib32/crt1.o
 .rel.text.msg_reply_int
                0x00000000080488f0        0x0 /usr/lib/gcc/x86_64-linux-gnu/4.9/../../../../lib32/crt1.o
 .rel.text.msg_try_receive
                0x00000000080488f0        0x0 /usr/lib/gcc/x86_64-linux-gnu/4.9/../../../../lib32/crt1.o
 .rel.text.msg_receive
                0x00000000080488f0        0x0 /usr/lib/gcc/x86_64-linux-gnu/4.9/../../../../lib32/crt1.o
 .rel.text._msg_receive
                0x00000000080488f0        0x0 /usr/lib/gcc/x86_64-linux-gnu/4.9/../../../../lib32/crt1.o
 .rel.text.msg_avail
                0x00000000080488f0        0x0 /usr/lib/gcc/x86_64-linux-gnu/4.9/../../../../lib32/crt1.o
 .rel.text.msg_init_queue
                0x00000000080488f0        0x0 /usr/lib/gcc/x86_64-linux-gnu/4.9/../../../../lib32/crt1.o
 .rel.text.msg_queue_print
                0x00000000080488f0        0x0 /usr/lib/gcc/x86_64-linux-gnu/4.9/../../../../lib32/crt1.o
 .rel.text._async_io_isr
                0x00000000080488f0        0x0 /usr/lib/gcc/x86_64-linux-gnu/4.9/../../../../lib32/crt1.o
 .rel.text.native_async_read_setup
                0x00000000080488f0        0x0 /usr/lib/gcc/x86_64-linux-gnu/4.9/../../../../lib32/crt1.o
 .rel.text.native_async_read_cleanup
                0x00000000080488f0        0x0 /usr/lib/gcc/x86_64-linux-gnu/4.9/../../../../lib32/crt1.o
 .rel.text.native_async_read_continue
                0x00000000080488f0        0x0 /usr/lib/gcc/x86_64-linux-gnu/4.9/../../../../lib32/crt1.o
 .rel.text.native_async_read_add_handler
                0x00000000080488f0        0x0 /usr/lib/gcc/x86_64-linux-gnu/4.9/../../../../lib32/crt1.o
 .rel.text.gnrc_nettype_from_protnum
                0x00000000080488f0        0x0 /usr/lib/gcc/x86_64-linux-gnu/4.9/../../../../lib32/crt1.o
 .rel.text.gnrc_nettype_to_protnum
                0x00000000080488f0        0x0 /usr/lib/gcc/x86_64-linux-gnu/4.9/../../../../lib32/crt1.o
 .rel.text.gnrc_pkt_len_upto
                0x00000000080488f0        0x0 /usr/lib/gcc/x86_64-linux-gnu/4.9/../../../../lib32/crt1.o
 .rel.text.ipv6_addr_is_unspecified
                0x00000000080488f0        0x0 /usr/lib/gcc/x86_64-linux-gnu/4.9/../../../../lib32/crt1.o
 .rel.text.ipv6_addr_is_loopback
                0x00000000080488f0        0x0 /usr/lib/gcc/x86_64-linux-gnu/4.9/../../../../lib32/crt1.o
 .rel.text.ipv6_addr_is_multicast
                0x00000000080488f0        0x0 /usr/lib/gcc/x86_64-linux-gnu/4.9/../../../../lib32/crt1.o
 .rel.text.ipv6_addr_is_link_local
                0x00000000080488f0        0x0 /usr/lib/gcc/x86_64-linux-gnu/4.9/../../../../lib32/crt1.o
 .rel.text.ipv6_addr_set_loopback
                0x00000000080488f0        0x0 /usr/lib/gcc/x86_64-linux-gnu/4.9/../../../../lib32/crt1.o
 .rel.text.ipv6_hdr_is
                0x00000000080488f0        0x0 /usr/lib/gcc/x86_64-linux-gnu/4.9/../../../../lib32/crt1.o
 .rel.text.gnrc_ipv6_init
                0x00000000080488f0        0x0 /usr/lib/gcc/x86_64-linux-gnu/4.9/../../../../lib32/crt1.o
 .rel.text.gnrc_ipv6_demux
                0x00000000080488f0        0x0 /usr/lib/gcc/x86_64-linux-gnu/4.9/../../../../lib32/crt1.o
 .rel.text.gnrc_ipv6_get_header
                0x00000000080488f0        0x0 /usr/lib/gcc/x86_64-linux-gnu/4.9/../../../../lib32/crt1.o
 .rel.text._dispatch_next_header
                0x00000000080488f0        0x0 /usr/lib/gcc/x86_64-linux-gnu/4.9/../../../../lib32/crt1.o
 .rel.text._send_to_iface
                0x00000000080488f0        0x0 /usr/lib/gcc/x86_64-linux-gnu/4.9/../../../../lib32/crt1.o
 .rel.text._create_netif_hdr
                0x00000000080488f0        0x0 /usr/lib/gcc/x86_64-linux-gnu/4.9/../../../../lib32/crt1.o
 .rel.text._send_unicast
                0x00000000080488f0        0x0 /usr/lib/gcc/x86_64-linux-gnu/4.9/../../../../lib32/crt1.o
 .rel.text._fill_ipv6_hdr
                0x00000000080488f0        0x0 /usr/lib/gcc/x86_64-linux-gnu/4.9/../../../../lib32/crt1.o
 .rel.text._send_multicast_over_iface
                0x00000000080488f0        0x0 /usr/lib/gcc/x86_64-linux-gnu/4.9/../../../../lib32/crt1.o
 .rel.text._send_multicast
                0x00000000080488f0        0x0 /usr/lib/gcc/x86_64-linux-gnu/4.9/../../../../lib32/crt1.o
 .rel.text._next_hop_l2addr
                0x00000000080488f0        0x0 /usr/lib/gcc/x86_64-linux-gnu/4.9/../../../../lib32/crt1.o
 .rel.text._pkt_not_for_me
                0x00000000080488f0        0x0 /usr/lib/gcc/x86_64-linux-gnu/4.9/../../../../lib32/crt1.o
 .rel.text._decapsulate
                0x00000000080488f0        0x0 /usr/lib/gcc/x86_64-linux-gnu/4.9/../../../../lib32/crt1.o
 .rel.text.mutex_init
                0x00000000080488f0        0x0 /usr/lib/gcc/x86_64-linux-gnu/4.9/../../../../lib32/crt1.o
 .rel.text.bf_set
                0x00000000080488f0        0x0 /usr/lib/gcc/x86_64-linux-gnu/4.9/../../../../lib32/crt1.o
 .rel.text.bf_isset
                0x00000000080488f0        0x0 /usr/lib/gcc/x86_64-linux-gnu/4.9/../../../../lib32/crt1.o
 .rel.text.byteorder_swapl
                0x00000000080488f0        0x0 /usr/lib/gcc/x86_64-linux-gnu/4.9/../../../../lib32/crt1.o
 .rel.text.byteorder_swapll
                0x00000000080488f0        0x0 /usr/lib/gcc/x86_64-linux-gnu/4.9/../../../../lib32/crt1.o
 .rel.text.byteorder_htonl
                0x00000000080488f0        0x0 /usr/lib/gcc/x86_64-linux-gnu/4.9/../../../../lib32/crt1.o
 .rel.text.byteorder_htonll
                0x00000000080488f0        0x0 /usr/lib/gcc/x86_64-linux-gnu/4.9/../../../../lib32/crt1.o
 .rel.text.ipv6_addr_is_site_local
                0x00000000080488f0        0x0 /usr/lib/gcc/x86_64-linux-gnu/4.9/../../../../lib32/crt1.o
 .rel.text.ipv6_addr_set_unspecified
                0x00000000080488f0        0x0 /usr/lib/gcc/x86_64-linux-gnu/4.9/../../../../lib32/crt1.o
 .rel.text.ipv6_addr_set_link_local_prefix
                0x00000000080488f0        0x0 /usr/lib/gcc/x86_64-linux-gnu/4.9/../../../../lib32/crt1.o
 .rel.text.ipv6_addr_set_aiid
                0x00000000080488f0        0x0 /usr/lib/gcc/x86_64-linux-gnu/4.9/../../../../lib32/crt1.o
 .rel.text.ipv6_addr_set_solicited_nodes
                0x00000000080488f0        0x0 /usr/lib/gcc/x86_64-linux-gnu/4.9/../../../../lib32/crt1.o
 .rel.text.gnrc_ipv6_netif_addr_is_non_unicast
                0x00000000080488f0        0x0 /usr/lib/gcc/x86_64-linux-gnu/4.9/../../../../lib32/crt1.o
 .rel.text._add_addr_to_entry
                0x00000000080488f0        0x0 /usr/lib/gcc/x86_64-linux-gnu/4.9/../../../../lib32/crt1.o
 .rel.text._reset_addr_from_entry
                0x00000000080488f0        0x0 /usr/lib/gcc/x86_64-linux-gnu/4.9/../../../../lib32/crt1.o
 .rel.text._ipv6_netif_remove
                0x00000000080488f0        0x0 /usr/lib/gcc/x86_64-linux-gnu/4.9/../../../../lib32/crt1.o
 .rel.text.gnrc_ipv6_netif_init
                0x00000000080488f0        0x0 /usr/lib/gcc/x86_64-linux-gnu/4.9/../../../../lib32/crt1.o
 .rel.text.gnrc_ipv6_netif_add
                0x00000000080488f0        0x0 /usr/lib/gcc/x86_64-linux-gnu/4.9/../../../../lib32/crt1.o
 .rel.text.gnrc_ipv6_netif_remove
                0x00000000080488f0        0x0 /usr/lib/gcc/x86_64-linux-gnu/4.9/../../../../lib32/crt1.o
 .rel.text.gnrc_ipv6_netif_get
                0x00000000080488f0        0x0 /usr/lib/gcc/x86_64-linux-gnu/4.9/../../../../lib32/crt1.o
 .rel.text.gnrc_ipv6_netif_set_router
                0x00000000080488f0        0x0 /usr/lib/gcc/x86_64-linux-gnu/4.9/../../../../lib32/crt1.o
 .rel.text.gnrc_ipv6_netif_set_rtr_adv
                0x00000000080488f0        0x0 /usr/lib/gcc/x86_64-linux-gnu/4.9/../../../../lib32/crt1.o
 .rel.text.gnrc_ipv6_netif_add_addr
                0x00000000080488f0        0x0 /usr/lib/gcc/x86_64-linux-gnu/4.9/../../../../lib32/crt1.o
 .rel.text._remove_addr_from_entry
                0x00000000080488f0        0x0 /usr/lib/gcc/x86_64-linux-gnu/4.9/../../../../lib32/crt1.o
 .rel.text.gnrc_ipv6_netif_remove_addr
                0x00000000080488f0        0x0 /usr/lib/gcc/x86_64-linux-gnu/4.9/../../../../lib32/crt1.o
 .rel.text.gnrc_ipv6_netif_reset_addr
                0x00000000080488f0        0x0 /usr/lib/gcc/x86_64-linux-gnu/4.9/../../../../lib32/crt1.o
 .rel.text.gnrc_ipv6_netif_find_by_addr
                0x00000000080488f0        0x0 /usr/lib/gcc/x86_64-linux-gnu/4.9/../../../../lib32/crt1.o
 .rel.text.gnrc_ipv6_netif_find_addr
                0x00000000080488f0        0x0 /usr/lib/gcc/x86_64-linux-gnu/4.9/../../../../lib32/crt1.o
 .rel.text._find_by_prefix_unsafe
                0x00000000080488f0        0x0 /usr/lib/gcc/x86_64-linux-gnu/4.9/../../../../lib32/crt1.o
 .rel.text.gnrc_ipv6_netif_find_by_prefix
                0x00000000080488f0        0x0 /usr/lib/gcc/x86_64-linux-gnu/4.9/../../../../lib32/crt1.o
 .rel.text._create_candidate_set
                0x00000000080488f0        0x0 /usr/lib/gcc/x86_64-linux-gnu/4.9/../../../../lib32/crt1.o
 .rel.text.gnrc_ipv6_netif_match_prefix
                0x00000000080488f0        0x0 /usr/lib/gcc/x86_64-linux-gnu/4.9/../../../../lib32/crt1.o
 .rel.text._get_scope
                0x00000000080488f0        0x0 /usr/lib/gcc/x86_64-linux-gnu/4.9/../../../../lib32/crt1.o
 .rel.text._source_address_selection
                0x00000000080488f0        0x0 /usr/lib/gcc/x86_64-linux-gnu/4.9/../../../../lib32/crt1.o
 .rel.text.gnrc_ipv6_netif_find_best_src_addr
                0x00000000080488f0        0x0 /usr/lib/gcc/x86_64-linux-gnu/4.9/../../../../lib32/crt1.o
 .rel.text.gnrc_ipv6_netif_init_by_dev
                0x00000000080488f0        0x0 /usr/lib/gcc/x86_64-linux-gnu/4.9/../../../../lib32/crt1.o
 .rel.text.byteorder_ntohl
                0x00000000080488f0        0x0 /usr/lib/gcc/x86_64-linux-gnu/4.9/../../../../lib32/crt1.o
 .rel.text.ipv6_addr_is_solicited_node
                0x00000000080488f0        0x0 /usr/lib/gcc/x86_64-linux-gnu/4.9/../../../../lib32/crt1.o
 .rel.text.thread_getpid
                0x00000000080488f0        0x0 /usr/lib/gcc/x86_64-linux-gnu/4.9/../../../../lib32/crt1.o
 .rel.text.gnrc_pktqueue_remove
                0x00000000080488f0        0x0 /usr/lib/gcc/x86_64-linux-gnu/4.9/../../../../lib32/crt1.o
 .rel.text.gnrc_pktqueue_remove_head
                0x00000000080488f0        0x0 /usr/lib/gcc/x86_64-linux-gnu/4.9/../../../../lib32/crt1.o
 .rel.text.gnrc_ipv6_nc_get_state
                0x00000000080488f0        0x0 /usr/lib/gcc/x86_64-linux-gnu/4.9/../../../../lib32/crt1.o
 .rel.text.random_uint32_range
                0x00000000080488f0        0x0 /usr/lib/gcc/x86_64-linux-gnu/4.9/../../../../lib32/crt1.o
 .rel.text.gnrc_ndp_internal_reset_nbr_sol_timer
                0x00000000080488f0        0x0 /usr/lib/gcc/x86_64-linux-gnu/4.9/../../../../lib32/crt1.o
 .rel.text._stale_nc
                0x00000000080488f0        0x0 /usr/lib/gcc/x86_64-linux-gnu/4.9/../../../../lib32/crt1.o
 .rel.text.gnrc_ndp_nbr_sol_handle
                0x00000000080488f0        0x0 /usr/lib/gcc/x86_64-linux-gnu/4.9/../../../../lib32/crt1.o
 .rel.text._pkt_has_l2addr
                0x00000000080488f0        0x0 /usr/lib/gcc/x86_64-linux-gnu/4.9/../../../../lib32/crt1.o
 .rel.text.gnrc_ndp_nbr_adv_handle
                0x00000000080488f0        0x0 /usr/lib/gcc/x86_64-linux-gnu/4.9/../../../../lib32/crt1.o
 .rel.text.gnrc_ndp_rtr_sol_handle
                0x00000000080488f0        0x0 /usr/lib/gcc/x86_64-linux-gnu/4.9/../../../../lib32/crt1.o
 .rel.text._set_reach_time
                0x00000000080488f0        0x0 /usr/lib/gcc/x86_64-linux-gnu/4.9/../../../../lib32/crt1.o
 .rel.text.gnrc_ndp_rtr_adv_handle
                0x00000000080488f0        0x0 /usr/lib/gcc/x86_64-linux-gnu/4.9/../../../../lib32/crt1.o
 .rel.text.gnrc_ndp_retrans_nbr_sol
                0x00000000080488f0        0x0 /usr/lib/gcc/x86_64-linux-gnu/4.9/../../../../lib32/crt1.o
 .rel.text.gnrc_ndp_state_timeout
                0x00000000080488f0        0x0 /usr/lib/gcc/x86_64-linux-gnu/4.9/../../../../lib32/crt1.o
 .rel.text.gnrc_ndp_netif_add
                0x00000000080488f0        0x0 /usr/lib/gcc/x86_64-linux-gnu/4.9/../../../../lib32/crt1.o
 .rel.text.gnrc_ndp_netif_remove
                0x00000000080488f0        0x0 /usr/lib/gcc/x86_64-linux-gnu/4.9/../../../../lib32/crt1.o
 .rel.text.gnrc_ndp_nbr_sol_build
                0x00000000080488f0        0x0 /usr/lib/gcc/x86_64-linux-gnu/4.9/../../../../lib32/crt1.o
 .rel.text.gnrc_ndp_nbr_adv_build
                0x00000000080488f0        0x0 /usr/lib/gcc/x86_64-linux-gnu/4.9/../../../../lib32/crt1.o
 .rel.text.gnrc_ndp_rtr_sol_build
                0x00000000080488f0        0x0 /usr/lib/gcc/x86_64-linux-gnu/4.9/../../../../lib32/crt1.o
 .rel.text._ceil8
                0x00000000080488f0        0x0 /usr/lib/gcc/x86_64-linux-gnu/4.9/../../../../lib32/crt1.o
 .rel.text.gnrc_ndp_opt_build
                0x00000000080488f0        0x0 /usr/lib/gcc/x86_64-linux-gnu/4.9/../../../../lib32/crt1.o
 .rel.text._opt_l2a_build
                0x00000000080488f0        0x0 /usr/lib/gcc/x86_64-linux-gnu/4.9/../../../../lib32/crt1.o
 .rel.text.gnrc_ndp_opt_sl2a_build
                0x00000000080488f0        0x0 /usr/lib/gcc/x86_64-linux-gnu/4.9/../../../../lib32/crt1.o
 .rel.text.gnrc_ndp_opt_tl2a_build
                0x00000000080488f0        0x0 /usr/lib/gcc/x86_64-linux-gnu/4.9/../../../../lib32/crt1.o
 .rel.text.gnrc_ndp_rtr_adv_build
                0x00000000080488f0        0x0 /usr/lib/gcc/x86_64-linux-gnu/4.9/../../../../lib32/crt1.o
 .rel.text.gnrc_ndp_opt_pi_build
                0x00000000080488f0        0x0 /usr/lib/gcc/x86_64-linux-gnu/4.9/../../../../lib32/crt1.o
 .rel.text.gnrc_ndp_opt_mtu_build
                0x00000000080488f0        0x0 /usr/lib/gcc/x86_64-linux-gnu/4.9/../../../../lib32/crt1.o
 .rel.text._reschedule_rtr_sol
                0x00000000080488f0        0x0 /usr/lib/gcc/x86_64-linux-gnu/4.9/../../../../lib32/crt1.o
 .rel.text.gnrc_ndp_host_init
                0x00000000080488f0        0x0 /usr/lib/gcc/x86_64-linux-gnu/4.9/../../../../lib32/crt1.o
 .rel.text.gnrc_ndp_host_retrans_rtr_sol
                0x00000000080488f0        0x0 /usr/lib/gcc/x86_64-linux-gnu/4.9/../../../../lib32/crt1.o
 .rel.text.ipv6_addr_set_all_nodes_multicast
                0x00000000080488f0        0x0 /usr/lib/gcc/x86_64-linux-gnu/4.9/../../../../lib32/crt1.o
 .rel.text.gnrc_ipv6_netif_addr_get
                0x00000000080488f0        0x0 /usr/lib/gcc/x86_64-linux-gnu/4.9/../../../../lib32/crt1.o
 .rel.text._send_delayed
                0x00000000080488f0        0x0 /usr/lib/gcc/x86_64-linux-gnu/4.9/../../../../lib32/crt1.o
 .rel.text.gnrc_ndp_internal_default_router
                0x00000000080488f0        0x0 /usr/lib/gcc/x86_64-linux-gnu/4.9/../../../../lib32/crt1.o
 .rel.text.gnrc_ndp_internal_set_state
                0x00000000080488f0        0x0 /usr/lib/gcc/x86_64-linux-gnu/4.9/../../../../lib32/crt1.o
 .rel.text.gnrc_ndp_internal_send_nbr_adv
                0x00000000080488f0        0x0 /usr/lib/gcc/x86_64-linux-gnu/4.9/../../../../lib32/crt1.o
 .rel.text.gnrc_ndp_internal_send_nbr_sol
                0x00000000080488f0        0x0 /usr/lib/gcc/x86_64-linux-gnu/4.9/../../../../lib32/crt1.o
 .rel.text.gnrc_ndp_internal_send_rtr_sol
                0x00000000080488f0        0x0 /usr/lib/gcc/x86_64-linux-gnu/4.9/../../../../lib32/crt1.o
 .rel.text._pio_from_iface_addr
                0x00000000080488f0        0x0 /usr/lib/gcc/x86_64-linux-gnu/4.9/../../../../lib32/crt1.o
 .rel.text._check_prefixes
                0x00000000080488f0        0x0 /usr/lib/gcc/x86_64-linux-gnu/4.9/../../../../lib32/crt1.o
 .rel.text._add_pios
                0x00000000080488f0        0x0 /usr/lib/gcc/x86_64-linux-gnu/4.9/../../../../lib32/crt1.o
 .rel.text.gnrc_ndp_internal_send_rtr_adv
                0x00000000080488f0        0x0 /usr/lib/gcc/x86_64-linux-gnu/4.9/../../../../lib32/crt1.o
 .rel.text.gnrc_ndp_internal_sl2a_opt_handle
                0x00000000080488f0        0x0 /usr/lib/gcc/x86_64-linux-gnu/4.9/../../../../lib32/crt1.o
 .rel.text.gnrc_ndp_internal_tl2a_opt_handle
                0x00000000080488f0        0x0 /usr/lib/gcc/x86_64-linux-gnu/4.9/../../../../lib32/crt1.o
 .rel.text.gnrc_ndp_internal_mtu_opt_handle
                0x00000000080488f0        0x0 /usr/lib/gcc/x86_64-linux-gnu/4.9/../../../../lib32/crt1.o
 .rel.text.gnrc_ndp_internal_pi_opt_handle
                0x00000000080488f0        0x0 /usr/lib/gcc/x86_64-linux-gnu/4.9/../../../../lib32/crt1.o
 .rel.text._get_l2src
                0x00000000080488f0        0x0 /usr/lib/gcc/x86_64-linux-gnu/4.9/../../../../lib32/crt1.o
 .rel.text._build_headers
                0x00000000080488f0        0x0 /usr/lib/gcc/x86_64-linux-gnu/4.9/../../../../lib32/crt1.o
 .rel.text.gnrc_pktqueue_add
                0x00000000080488f0        0x0 /usr/lib/gcc/x86_64-linux-gnu/4.9/../../../../lib32/crt1.o
 .rel.text.gnrc_ipv6_nc_is_reachable
                0x00000000080488f0        0x0 /usr/lib/gcc/x86_64-linux-gnu/4.9/../../../../lib32/crt1.o
 .rel.text._alloc_pkt_node
                0x00000000080488f0        0x0 /usr/lib/gcc/x86_64-linux-gnu/4.9/../../../../lib32/crt1.o
 .rel.text.gnrc_ndp_node_next_hop_l2addr
                0x00000000080488f0        0x0 /usr/lib/gcc/x86_64-linux-gnu/4.9/../../../../lib32/crt1.o
 .rel.text.gnrc_ndp_router_set_router
                0x00000000080488f0        0x0 /usr/lib/gcc/x86_64-linux-gnu/4.9/../../../../lib32/crt1.o
 .rel.text.gnrc_ndp_router_set_rtr_adv
                0x00000000080488f0        0x0 /usr/lib/gcc/x86_64-linux-gnu/4.9/../../../../lib32/crt1.o
 .rel.text.gnrc_ndp_router_retrans_rtr_adv
                0x00000000080488f0        0x0 /usr/lib/gcc/x86_64-linux-gnu/4.9/../../../../lib32/crt1.o
 .rel.text.gnrc_ndp_router_send_rtr_adv
                0x00000000080488f0        0x0 /usr/lib/gcc/x86_64-linux-gnu/4.9/../../../../lib32/crt1.o
 .rel.text._send_rtr_adv
                0x00000000080488f0        0x0 /usr/lib/gcc/x86_64-linux-gnu/4.9/../../../../lib32/crt1.o
 .rel.text.mbox_try_put
                0x00000000080488f0        0x0 /usr/lib/gcc/x86_64-linux-gnu/4.9/../../../../lib32/crt1.o
 .rel.text._get_set
                0x00000000080488f0        0x0 /usr/lib/gcc/x86_64-linux-gnu/4.9/../../../../lib32/crt1.o
 .rel.text._snd_rcv
                0x00000000080488f0        0x0 /usr/lib/gcc/x86_64-linux-gnu/4.9/../../../../lib32/crt1.o
 .rel.text._snd_rcv_mbox
                0x00000000080488f0        0x0 /usr/lib/gcc/x86_64-linux-gnu/4.9/../../../../lib32/crt1.o
 .rel.text.gnrc_netapi_dispatch
                0x00000000080488f0        0x0 /usr/lib/gcc/x86_64-linux-gnu/4.9/../../../../lib32/crt1.o
 .rel.text.gnrc_netapi_send
                0x00000000080488f0        0x0 /usr/lib/gcc/x86_64-linux-gnu/4.9/../../../../lib32/crt1.o
 .rel.text.gnrc_netapi_receive
                0x00000000080488f0        0x0 /usr/lib/gcc/x86_64-linux-gnu/4.9/../../../../lib32/crt1.o
 .rel.text.gnrc_netapi_get
                0x00000000080488f0        0x0 /usr/lib/gcc/x86_64-linux-gnu/4.9/../../../../lib32/crt1.o
 .rel.text.gnrc_netapi_set
                0x00000000080488f0        0x0 /usr/lib/gcc/x86_64-linux-gnu/4.9/../../../../lib32/crt1.o
 .rel.text.gnrc_nettype_from_ethertype
                0x00000000080488f0        0x0 /usr/lib/gcc/x86_64-linux-gnu/4.9/../../../../lib32/crt1.o
 .rel.text.gnrc_nettype_to_ethertype
                0x00000000080488f0        0x0 /usr/lib/gcc/x86_64-linux-gnu/4.9/../../../../lib32/crt1.o
 .rel.text.gnrc_netif_hdr_init
                0x00000000080488f0        0x0 /usr/lib/gcc/x86_64-linux-gnu/4.9/../../../../lib32/crt1.o
 .rel.text.gnrc_netif_hdr_get_src_addr
                0x00000000080488f0        0x0 /usr/lib/gcc/x86_64-linux-gnu/4.9/../../../../lib32/crt1.o
 .rel.text.gnrc_netif_hdr_set_src_addr
                0x00000000080488f0        0x0 /usr/lib/gcc/x86_64-linux-gnu/4.9/../../../../lib32/crt1.o
 .rel.text.gnrc_netif_hdr_get_dst_addr
                0x00000000080488f0        0x0 /usr/lib/gcc/x86_64-linux-gnu/4.9/../../../../lib32/crt1.o
 .rel.text.gnrc_netif_hdr_set_dst_addr
                0x00000000080488f0        0x0 /usr/lib/gcc/x86_64-linux-gnu/4.9/../../../../lib32/crt1.o
 .rel.text._addr_set_broadcast
                0x00000000080488f0        0x0 /usr/lib/gcc/x86_64-linux-gnu/4.9/../../../../lib32/crt1.o
 .rel.text._addr_set_multicast
                0x00000000080488f0        0x0 /usr/lib/gcc/x86_64-linux-gnu/4.9/../../../../lib32/crt1.o
 .rel.text.gnrc_netdev2_eth_init
                0x00000000080488f0        0x0 /usr/lib/gcc/x86_64-linux-gnu/4.9/../../../../lib32/crt1.o
 .rel.text._event_cb
                0x00000000080488f0        0x0 /usr/lib/gcc/x86_64-linux-gnu/4.9/../../../../lib32/crt1.o
 .rel.text._pass_on_packet
                0x00000000080488f0        0x0 /usr/lib/gcc/x86_64-linux-gnu/4.9/../../../../lib32/crt1.o
 .rel.text._gnrc_netdev2_thread
                0x00000000080488f0        0x0 /usr/lib/gcc/x86_64-linux-gnu/4.9/../../../../lib32/crt1.o
 .rel.text.gnrc_netdev2_init
                0x00000000080488f0        0x0 /usr/lib/gcc/x86_64-linux-gnu/4.9/../../../../lib32/crt1.o
 .rel.text.gnrc_netif_init
                0x00000000080488f0        0x0 /usr/lib/gcc/x86_64-linux-gnu/4.9/../../../../lib32/crt1.o
 .rel.text.gnrc_netif_add
                0x00000000080488f0        0x0 /usr/lib/gcc/x86_64-linux-gnu/4.9/../../../../lib32/crt1.o
 .rel.text.gnrc_netif_remove
                0x00000000080488f0        0x0 /usr/lib/gcc/x86_64-linux-gnu/4.9/../../../../lib32/crt1.o
 .rel.text.gnrc_netif_get
                0x00000000080488f0        0x0 /usr/lib/gcc/x86_64-linux-gnu/4.9/../../../../lib32/crt1.o
 .rel.text.gnrc_netif_exist
                0x00000000080488f0        0x0 /usr/lib/gcc/x86_64-linux-gnu/4.9/../../../../lib32/crt1.o
 .rel.text.gnrc_netif_hdr_build
                0x00000000080488f0        0x0 /usr/lib/gcc/x86_64-linux-gnu/4.9/../../../../lib32/crt1.o
 .rel.text.gnrc_netreg_init
                0x00000000080488f0        0x0 /usr/lib/gcc/x86_64-linux-gnu/4.9/../../../../lib32/crt1.o
 .rel.text.gnrc_netreg_register
                0x00000000080488f0        0x0 /usr/lib/gcc/x86_64-linux-gnu/4.9/../../../../lib32/crt1.o
 .rel.text.gnrc_netreg_unregister
                0x00000000080488f0        0x0 /usr/lib/gcc/x86_64-linux-gnu/4.9/../../../../lib32/crt1.o
 .rel.text.gnrc_netreg_lookup
                0x00000000080488f0        0x0 /usr/lib/gcc/x86_64-linux-gnu/4.9/../../../../lib32/crt1.o
 .rel.text.gnrc_netreg_num
                0x00000000080488f0        0x0 /usr/lib/gcc/x86_64-linux-gnu/4.9/../../../../lib32/crt1.o
 .rel.text.gnrc_netreg_getnext
                0x00000000080488f0        0x0 /usr/lib/gcc/x86_64-linux-gnu/4.9/../../../../lib32/crt1.o
 .rel.text.gnrc_netreg_calc_csum
                0x00000000080488f0        0x0 /usr/lib/gcc/x86_64-linux-gnu/4.9/../../../../lib32/crt1.o
 .rel.text.gnrc_pktsnip_search_type
                0x00000000080488f0        0x0 /usr/lib/gcc/x86_64-linux-gnu/4.9/../../../../lib32/crt1.o
 .rel.text.gnrc_pkt_count
                0x00000000080488f0        0x0 /usr/lib/gcc/x86_64-linux-gnu/4.9/../../../../lib32/crt1.o
 .rel.text._pktbuf_contains
                0x00000000080488f0        0x0 /usr/lib/gcc/x86_64-linux-gnu/4.9/../../../../lib32/crt1.o
 .rel.text._align
                0x00000000080488f0        0x0 /usr/lib/gcc/x86_64-linux-gnu/4.9/../../../../lib32/crt1.o
 .rel.text._set_pktsnip
                0x00000000080488f0        0x0 /usr/lib/gcc/x86_64-linux-gnu/4.9/../../../../lib32/crt1.o
 .rel.text.gnrc_pktbuf_init
                0x00000000080488f0        0x0 /usr/lib/gcc/x86_64-linux-gnu/4.9/../../../../lib32/crt1.o
 .rel.text.gnrc_pktbuf_add
                0x00000000080488f0        0x0 /usr/lib/gcc/x86_64-linux-gnu/4.9/../../../../lib32/crt1.o
 .rel.text.gnrc_pktbuf_mark
                0x00000000080488f0        0x0 /usr/lib/gcc/x86_64-linux-gnu/4.9/../../../../lib32/crt1.o
 .rel.text.gnrc_pktbuf_realloc_data
                0x00000000080488f0        0x0 /usr/lib/gcc/x86_64-linux-gnu/4.9/../../../../lib32/crt1.o
 .rel.text.gnrc_pktbuf_hold
                0x00000000080488f0        0x0 /usr/lib/gcc/x86_64-linux-gnu/4.9/../../../../lib32/crt1.o
 .rel.text._release_error_locked
                0x00000000080488f0        0x0 /usr/lib/gcc/x86_64-linux-gnu/4.9/../../../../lib32/crt1.o
 .rel.text.gnrc_pktbuf_release_error
                0x00000000080488f0        0x0 /usr/lib/gcc/x86_64-linux-gnu/4.9/../../../../lib32/crt1.o
 .rel.text.gnrc_pktbuf_start_write
                0x00000000080488f0        0x0 /usr/lib/gcc/x86_64-linux-gnu/4.9/../../../../lib32/crt1.o
 .rel.text.gnrc_pktbuf_get_iovec
                0x00000000080488f0        0x0 /usr/lib/gcc/x86_64-linux-gnu/4.9/../../../../lib32/crt1.o
 .rel.text._print_chunk
                0x00000000080488f0        0x0 /usr/lib/gcc/x86_64-linux-gnu/4.9/../../../../lib32/crt1.o
 .rel.text._print_unused
                0x00000000080488f0        0x0 /usr/lib/gcc/x86_64-linux-gnu/4.9/../../../../lib32/crt1.o
 .rel.text.gnrc_pktbuf_stats
                0x00000000080488f0        0x0 /usr/lib/gcc/x86_64-linux-gnu/4.9/../../../../lib32/crt1.o
 .rel.text._create_snip
                0x00000000080488f0        0x0 /usr/lib/gcc/x86_64-linux-gnu/4.9/../../../../lib32/crt1.o
 .rel.text._pktbuf_alloc
                0x00000000080488f0        0x0 /usr/lib/gcc/x86_64-linux-gnu/4.9/../../../../lib32/crt1.o
 .rel.text._too_small_hole
                0x00000000080488f0        0x0 /usr/lib/gcc/x86_64-linux-gnu/4.9/../../../../lib32/crt1.o
 .rel.text._merge
                0x00000000080488f0        0x0 /usr/lib/gcc/x86_64-linux-gnu/4.9/../../../../lib32/crt1.o
 .rel.text._pktbuf_free
                0x00000000080488f0        0x0 /usr/lib/gcc/x86_64-linux-gnu/4.9/../../../../lib32/crt1.o
 .rel.text.gnrc_pktbuf_remove_snip
                0x00000000080488f0        0x0 /usr/lib/gcc/x86_64-linux-gnu/4.9/../../../../lib32/crt1.o
 .rel.text.gnrc_pktbuf_replace_snip
                0x00000000080488f0        0x0 /usr/lib/gcc/x86_64-linux-gnu/4.9/../../../../lib32/crt1.o
 .rel.text.gnrc_pktbuf_duplicate_upto
                0x00000000080488f0        0x0 /usr/lib/gcc/x86_64-linux-gnu/4.9/../../../../lib32/crt1.o
 .rel.text.od_hex_dump
                0x00000000080488f0        0x0 /usr/lib/gcc/x86_64-linux-gnu/4.9/../../../../lib32/crt1.o
 .rel.text._dump_snip
                0x00000000080488f0        0x0 /usr/lib/gcc/x86_64-linux-gnu/4.9/../../../../lib32/crt1.o
 .rel.text._dump
                0x00000000080488f0        0x0 /usr/lib/gcc/x86_64-linux-gnu/4.9/../../../../lib32/crt1.o
 .rel.text.gnrc_pktdump_init
                0x00000000080488f0        0x0 /usr/lib/gcc/x86_64-linux-gnu/4.9/../../../../lib32/crt1.o
 .rel.text.mbox_init
                0x00000000080488f0        0x0 /usr/lib/gcc/x86_64-linux-gnu/4.9/../../../../lib32/crt1.o
 .rel.text.mbox_get
                0x00000000080488f0        0x0 /usr/lib/gcc/x86_64-linux-gnu/4.9/../../../../lib32/crt1.o
 .rel.text.mbox_try_get
                0x00000000080488f0        0x0 /usr/lib/gcc/x86_64-linux-gnu/4.9/../../../../lib32/crt1.o
 .rel.text.gnrc_netreg_entry_init_mbox
                0x00000000080488f0        0x0 /usr/lib/gcc/x86_64-linux-gnu/4.9/../../../../lib32/crt1.o
 .rel.text._callback_put
                0x00000000080488f0        0x0 /usr/lib/gcc/x86_64-linux-gnu/4.9/../../../../lib32/crt1.o
 .rel.text.gnrc_sock_create
                0x00000000080488f0        0x0 /usr/lib/gcc/x86_64-linux-gnu/4.9/../../../../lib32/crt1.o
 .rel.text.gnrc_sock_recv
                0x00000000080488f0        0x0 /usr/lib/gcc/x86_64-linux-gnu/4.9/../../../../lib32/crt1.o
 .rel.text.gnrc_sock_send
                0x00000000080488f0        0x0 /usr/lib/gcc/x86_64-linux-gnu/4.9/../../../../lib32/crt1.o
 .rel.text.ipv6_hdr_get_version
                0x00000000080488f0        0x0 /usr/lib/gcc/x86_64-linux-gnu/4.9/../../../../lib32/crt1.o
 .rel.text.ipv6_hdr_get_tc
                0x00000000080488f0        0x0 /usr/lib/gcc/x86_64-linux-gnu/4.9/../../../../lib32/crt1.o
 .rel.text.ipv6_hdr_get_tc_ecn
                0x00000000080488f0        0x0 /usr/lib/gcc/x86_64-linux-gnu/4.9/../../../../lib32/crt1.o
 .rel.text.ipv6_hdr_get_tc_dscp
                0x00000000080488f0        0x0 /usr/lib/gcc/x86_64-linux-gnu/4.9/../../../../lib32/crt1.o
 .rel.text.ipv6_hdr_get_fl
                0x00000000080488f0        0x0 /usr/lib/gcc/x86_64-linux-gnu/4.9/../../../../lib32/crt1.o
 .rel.text.ipv6_hdr_print
                0x00000000080488f0        0x0 /usr/lib/gcc/x86_64-linux-gnu/4.9/../../../../lib32/crt1.o
 .rel.text.ethernet_get_iid
                0x00000000080488f0        0x0 /usr/lib/gcc/x86_64-linux-gnu/4.9/../../../../lib32/crt1.o
 .rel.text._get_iid
                0x00000000080488f0        0x0 /usr/lib/gcc/x86_64-linux-gnu/4.9/../../../../lib32/crt1.o
 .rel.text.netdev2_eth_get
                0x00000000080488f0        0x0 /usr/lib/gcc/x86_64-linux-gnu/4.9/../../../../lib32/crt1.o
 .rel.text.netdev2_eth_set
                0x00000000080488f0        0x0 /usr/lib/gcc/x86_64-linux-gnu/4.9/../../../../lib32/crt1.o
 .rel.text._address_format
                0x00000000080488f0        0x0 /usr/lib/gcc/x86_64-linux-gnu/4.9/../../../../lib32/crt1.o
 .rel.text._length
                0x00000000080488f0        0x0 /usr/lib/gcc/x86_64-linux-gnu/4.9/../../../../lib32/crt1.o
 .rel.text._bytes_format
                0x00000000080488f0        0x0 /usr/lib/gcc/x86_64-linux-gnu/4.9/../../../../lib32/crt1.o
 .rel.text._print_date
                0x00000000080488f0        0x0 /usr/lib/gcc/x86_64-linux-gnu/4.9/../../../../lib32/crt1.o
 .rel.text._log10
                0x00000000080488f0        0x0 /usr/lib/gcc/x86_64-linux-gnu/4.9/../../../../lib32/crt1.o
 .rel.text.od   0x00000000080488f0        0x0 /usr/lib/gcc/x86_64-linux-gnu/4.9/../../../../lib32/crt1.o
 .rel.text.ts2ticks
                0x00000000080488f0        0x0 /usr/lib/gcc/x86_64-linux-gnu/4.9/../../../../lib32/crt1.o
 .rel.text.native_isr_timer
                0x00000000080488f0        0x0 /usr/lib/gcc/x86_64-linux-gnu/4.9/../../../../lib32/crt1.o
 .rel.text.timer_init
                0x00000000080488f0        0x0 /usr/lib/gcc/x86_64-linux-gnu/4.9/../../../../lib32/crt1.o
 .rel.text.do_timer_set
                0x00000000080488f0        0x0 /usr/lib/gcc/x86_64-linux-gnu/4.9/../../../../lib32/crt1.o
 .rel.text.timer_set
                0x00000000080488f0        0x0 /usr/lib/gcc/x86_64-linux-gnu/4.9/../../../../lib32/crt1.o
 .rel.text.timer_set_absolute
                0x00000000080488f0        0x0 /usr/lib/gcc/x86_64-linux-gnu/4.9/../../../../lib32/crt1.o
 .rel.text.timer_clear
                0x00000000080488f0        0x0 /usr/lib/gcc/x86_64-linux-gnu/4.9/../../../../lib32/crt1.o
 .rel.text.timer_irq_enable
                0x00000000080488f0        0x0 /usr/lib/gcc/x86_64-linux-gnu/4.9/../../../../lib32/crt1.o
 .rel.text.timer_irq_disable
                0x00000000080488f0        0x0 /usr/lib/gcc/x86_64-linux-gnu/4.9/../../../../lib32/crt1.o
 .rel.text.timer_start
                0x00000000080488f0        0x0 /usr/lib/gcc/x86_64-linux-gnu/4.9/../../../../lib32/crt1.o
 .rel.text.timer_stop
                0x00000000080488f0        0x0 /usr/lib/gcc/x86_64-linux-gnu/4.9/../../../../lib32/crt1.o
 .rel.text.timer_read
                0x00000000080488f0        0x0 /usr/lib/gcc/x86_64-linux-gnu/4.9/../../../../lib32/crt1.o
 .rel.text.udp_hdr_print
                0x00000000080488f0        0x0 /usr/lib/gcc/x86_64-linux-gnu/4.9/../../../../lib32/crt1.o
 .rel.text.cib_full
                0x00000000080488f0        0x0 /usr/lib/gcc/x86_64-linux-gnu/4.9/../../../../lib32/crt1.o
 .rel.text.cib_get_unsafe
                0x00000000080488f0        0x0 /usr/lib/gcc/x86_64-linux-gnu/4.9/../../../../lib32/crt1.o
 .rel.text.cib_put_unsafe
                0x00000000080488f0        0x0 /usr/lib/gcc/x86_64-linux-gnu/4.9/../../../../lib32/crt1.o
 .rel.text._wake_waiter
                0x00000000080488f0        0x0 /usr/lib/gcc/x86_64-linux-gnu/4.9/../../../../lib32/crt1.o
 .rel.text._wait
                0x00000000080488f0        0x0 /usr/lib/gcc/x86_64-linux-gnu/4.9/../../../../lib32/crt1.o
 .rel.text._mbox_put
                0x00000000080488f0        0x0 /usr/lib/gcc/x86_64-linux-gnu/4.9/../../../../lib32/crt1.o
 .rel.text._mbox_get
                0x00000000080488f0        0x0 /usr/lib/gcc/x86_64-linux-gnu/4.9/../../../../lib32/crt1.o
 .rel.text.fib_lifetime_to_absolute
                0x00000000080488f0        0x0 /usr/lib/gcc/x86_64-linux-gnu/4.9/../../../../lib32/crt1.o
 .rel.text.fib_find_entry
                0x00000000080488f0        0x0 /usr/lib/gcc/x86_64-linux-gnu/4.9/../../../../lib32/crt1.o
 .rel.text.fib_upd_entry
                0x00000000080488f0        0x0 /usr/lib/gcc/x86_64-linux-gnu/4.9/../../../../lib32/crt1.o
 .rel.text.fib_create_entry
                0x00000000080488f0        0x0 /usr/lib/gcc/x86_64-linux-gnu/4.9/../../../../lib32/crt1.o
 .rel.text.fib_remove
                0x00000000080488f0        0x0 /usr/lib/gcc/x86_64-linux-gnu/4.9/../../../../lib32/crt1.o
 .rel.text.fib_signal_rp
                0x00000000080488f0        0x0 /usr/lib/gcc/x86_64-linux-gnu/4.9/../../../../lib32/crt1.o
 .rel.text.fib_add_entry
                0x00000000080488f0        0x0 /usr/lib/gcc/x86_64-linux-gnu/4.9/../../../../lib32/crt1.o
 .rel.text.fib_update_entry
                0x00000000080488f0        0x0 /usr/lib/gcc/x86_64-linux-gnu/4.9/../../../../lib32/crt1.o
 .rel.text.fib_remove_entry
                0x00000000080488f0        0x0 /usr/lib/gcc/x86_64-linux-gnu/4.9/../../../../lib32/crt1.o
 .rel.text.fib_flush
                0x00000000080488f0        0x0 /usr/lib/gcc/x86_64-linux-gnu/4.9/../../../../lib32/crt1.o
 .rel.text.fib_get_next_hop
                0x00000000080488f0        0x0 /usr/lib/gcc/x86_64-linux-gnu/4.9/../../../../lib32/crt1.o
 .rel.text.fib_get_destination_set
                0x00000000080488f0        0x0 /usr/lib/gcc/x86_64-linux-gnu/4.9/../../../../lib32/crt1.o
 .rel.text.fib_init
                0x00000000080488f0        0x0 /usr/lib/gcc/x86_64-linux-gnu/4.9/../../../../lib32/crt1.o
 .rel.text.fib_deinit
                0x00000000080488f0        0x0 /usr/lib/gcc/x86_64-linux-gnu/4.9/../../../../lib32/crt1.o
 .rel.text.fib_register_rp
                0x00000000080488f0        0x0 /usr/lib/gcc/x86_64-linux-gnu/4.9/../../../../lib32/crt1.o
 .rel.text.fib_get_num_used_entries
                0x00000000080488f0        0x0 /usr/lib/gcc/x86_64-linux-gnu/4.9/../../../../lib32/crt1.o
 .rel.text.fib_sr_create
                0x00000000080488f0        0x0 /usr/lib/gcc/x86_64-linux-gnu/4.9/../../../../lib32/crt1.o
 .rel.text.fib_sr_check_lifetime
                0x00000000080488f0        0x0 /usr/lib/gcc/x86_64-linux-gnu/4.9/../../../../lib32/crt1.o
 .rel.text.fib_sr_new_entry
                0x00000000080488f0        0x0 /usr/lib/gcc/x86_64-linux-gnu/4.9/../../../../lib32/crt1.o
 .rel.text.fib_is_sr_in_table
                0x00000000080488f0        0x0 /usr/lib/gcc/x86_64-linux-gnu/4.9/../../../../lib32/crt1.o
 .rel.text.fib_sr_read_head
                0x00000000080488f0        0x0 /usr/lib/gcc/x86_64-linux-gnu/4.9/../../../../lib32/crt1.o
 .rel.text.fib_sr_read_destination
                0x00000000080488f0        0x0 /usr/lib/gcc/x86_64-linux-gnu/4.9/../../../../lib32/crt1.o
 .rel.text.fib_sr_set
                0x00000000080488f0        0x0 /usr/lib/gcc/x86_64-linux-gnu/4.9/../../../../lib32/crt1.o
 .rel.text.fib_sr_delete
                0x00000000080488f0        0x0 /usr/lib/gcc/x86_64-linux-gnu/4.9/../../../../lib32/crt1.o
 .rel.text.fib_sr_next
                0x00000000080488f0        0x0 /usr/lib/gcc/x86_64-linux-gnu/4.9/../../../../lib32/crt1.o
 .rel.text.fib_sr_search
                0x00000000080488f0        0x0 /usr/lib/gcc/x86_64-linux-gnu/4.9/../../../../lib32/crt1.o
 .rel.text.fib_sr_entry_append
                0x00000000080488f0        0x0 /usr/lib/gcc/x86_64-linux-gnu/4.9/../../../../lib32/crt1.o
 .rel.text.fib_sr_entry_add
                0x00000000080488f0        0x0 /usr/lib/gcc/x86_64-linux-gnu/4.9/../../../../lib32/crt1.o
 .rel.text.fib_sr_entry_delete
                0x00000000080488f0        0x0 /usr/lib/gcc/x86_64-linux-gnu/4.9/../../../../lib32/crt1.o
 .rel.text.fib_sr_entry_overwrite
                0x00000000080488f0        0x0 /usr/lib/gcc/x86_64-linux-gnu/4.9/../../../../lib32/crt1.o
 .rel.text.fib_sr_entry_get_address
                0x00000000080488f0        0x0 /usr/lib/gcc/x86_64-linux-gnu/4.9/../../../../lib32/crt1.o
 .rel.text._fib_create_sr_from_partial
                0x00000000080488f0        0x0 /usr/lib/gcc/x86_64-linux-gnu/4.9/../../../../lib32/crt1.o
 .rel.text.fib_sr_get_route
                0x00000000080488f0        0x0 /usr/lib/gcc/x86_64-linux-gnu/4.9/../../../../lib32/crt1.o
 .rel.text.fib_print_notify_rp
                0x00000000080488f0        0x0 /usr/lib/gcc/x86_64-linux-gnu/4.9/../../../../lib32/crt1.o
 .rel.text.fib_print_fib_table
                0x00000000080488f0        0x0 /usr/lib/gcc/x86_64-linux-gnu/4.9/../../../../lib32/crt1.o
 .rel.text.fib_print_sr
                0x00000000080488f0        0x0 /usr/lib/gcc/x86_64-linux-gnu/4.9/../../../../lib32/crt1.o
 .rel.text.fib_print_address
                0x00000000080488f0        0x0 /usr/lib/gcc/x86_64-linux-gnu/4.9/../../../../lib32/crt1.o
 .rel.text.fib_print_routes
                0x00000000080488f0        0x0 /usr/lib/gcc/x86_64-linux-gnu/4.9/../../../../lib32/crt1.o
 .rel.text.gnrc_icmpv6_demux
                0x00000000080488f0        0x0 /usr/lib/gcc/x86_64-linux-gnu/4.9/../../../../lib32/crt1.o
 .rel.text.gnrc_icmpv6_build
                0x00000000080488f0        0x0 /usr/lib/gcc/x86_64-linux-gnu/4.9/../../../../lib32/crt1.o
 .rel.text.gnrc_icmpv6_calc_csum
                0x00000000080488f0        0x0 /usr/lib/gcc/x86_64-linux-gnu/4.9/../../../../lib32/crt1.o
 .rel.text.gnrc_icmpv6_echo_build
                0x00000000080488f0        0x0 /usr/lib/gcc/x86_64-linux-gnu/4.9/../../../../lib32/crt1.o
 .rel.text.gnrc_icmpv6_echo_req_handle
                0x00000000080488f0        0x0 /usr/lib/gcc/x86_64-linux-gnu/4.9/../../../../lib32/crt1.o
 .rel.text.gnrc_ipv6_hdr_build
                0x00000000080488f0        0x0 /usr/lib/gcc/x86_64-linux-gnu/4.9/../../../../lib32/crt1.o
 .rel.text._nc_remove
                0x00000000080488f0        0x0 /usr/lib/gcc/x86_64-linux-gnu/4.9/../../../../lib32/crt1.o
 .rel.text.gnrc_ipv6_nc_init
                0x00000000080488f0        0x0 /usr/lib/gcc/x86_64-linux-gnu/4.9/../../../../lib32/crt1.o
 .rel.text._find_free_entry
                0x00000000080488f0        0x0 /usr/lib/gcc/x86_64-linux-gnu/4.9/../../../../lib32/crt1.o
 .rel.text.gnrc_ipv6_nc_add
                0x00000000080488f0        0x0 /usr/lib/gcc/x86_64-linux-gnu/4.9/../../../../lib32/crt1.o
 .rel.text.gnrc_ipv6_nc_remove
                0x00000000080488f0        0x0 /usr/lib/gcc/x86_64-linux-gnu/4.9/../../../../lib32/crt1.o
 .rel.text.gnrc_ipv6_nc_get
                0x00000000080488f0        0x0 /usr/lib/gcc/x86_64-linux-gnu/4.9/../../../../lib32/crt1.o
 .rel.text.gnrc_ipv6_nc_get_next
                0x00000000080488f0        0x0 /usr/lib/gcc/x86_64-linux-gnu/4.9/../../../../lib32/crt1.o
 .rel.text.gnrc_ipv6_nc_get_next_router
                0x00000000080488f0        0x0 /usr/lib/gcc/x86_64-linux-gnu/4.9/../../../../lib32/crt1.o
 .rel.text.gnrc_ipv6_nc_still_reachable
                0x00000000080488f0        0x0 /usr/lib/gcc/x86_64-linux-gnu/4.9/../../../../lib32/crt1.o
 .rel.text.gnrc_ipv6_nc_get_l2_addr
                0x00000000080488f0        0x0 /usr/lib/gcc/x86_64-linux-gnu/4.9/../../../../lib32/crt1.o
 .rel.text.gnrc_netif_hdr_print
                0x00000000080488f0        0x0 /usr/lib/gcc/x86_64-linux-gnu/4.9/../../../../lib32/crt1.o
 .rel.text.universal_address_find_entry
                0x00000000080488f0        0x0 /usr/lib/gcc/x86_64-linux-gnu/4.9/../../../../lib32/crt1.o
 .rel.text.universal_address_get_next_unused_entry
                0x00000000080488f0        0x0 /usr/lib/gcc/x86_64-linux-gnu/4.9/../../../../lib32/crt1.o
 .rel.text.universal_address_add
                0x00000000080488f0        0x0 /usr/lib/gcc/x86_64-linux-gnu/4.9/../../../../lib32/crt1.o
 .rel.text.universal_address_rem
                0x00000000080488f0        0x0 /usr/lib/gcc/x86_64-linux-gnu/4.9/../../../../lib32/crt1.o
 .rel.text.universal_address_get_address
                0x00000000080488f0        0x0 /usr/lib/gcc/x86_64-linux-gnu/4.9/../../../../lib32/crt1.o
 .rel.text.universal_address_compare
                0x00000000080488f0        0x0 /usr/lib/gcc/x86_64-linux-gnu/4.9/../../../../lib32/crt1.o
 .rel.text.universal_address_compare_prefix
                0x00000000080488f0        0x0 /usr/lib/gcc/x86_64-linux-gnu/4.9/../../../../lib32/crt1.o
 .rel.text.universal_address_init
                0x00000000080488f0        0x0 /usr/lib/gcc/x86_64-linux-gnu/4.9/../../../../lib32/crt1.o
 .rel.text.universal_address_reset
                0x00000000080488f0        0x0 /usr/lib/gcc/x86_64-linux-gnu/4.9/../../../../lib32/crt1.o
 .rel.text.universal_address_print_entry
                0x00000000080488f0        0x0 /usr/lib/gcc/x86_64-linux-gnu/4.9/../../../../lib32/crt1.o
 .rel.text.universal_address_get_num_used_entries
                0x00000000080488f0        0x0 /usr/lib/gcc/x86_64-linux-gnu/4.9/../../../../lib32/crt1.o
 .rel.text.universal_address_print_table
                0x00000000080488f0        0x0 /usr/lib/gcc/x86_64-linux-gnu/4.9/../../../../lib32/crt1.o
 .rel.text._half_byte_to_char
                0x00000000080488f0        0x0 /usr/lib/gcc/x86_64-linux-gnu/4.9/../../../../lib32/crt1.o
 .rel.text.gnrc_netif_addr_to_str
                0x00000000080488f0        0x0 /usr/lib/gcc/x86_64-linux-gnu/4.9/../../../../lib32/crt1.o
 *(.rel.fini)
 *(.rel.rodata .rel.rodata.* .rel.gnu.linkonce.r.*)
 *(.rel.data.rel.ro .rel.data.rel.ro.* .rel.gnu.linkonce.d.rel.ro.*)
 *(.rel.data .rel.data.* .rel.gnu.linkonce.d.*)
 *(.rel.tdata .rel.tdata.* .rel.gnu.linkonce.td.*)
 *(.rel.tbss .rel.tbss.* .rel.gnu.linkonce.tb.*)
 *(.rel.ctors)
 *(.rel.dtors)
 *(.rel.got)
 .rel.got       0x00000000080488f0        0x8 /usr/lib/gcc/x86_64-linux-gnu/4.9/../../../../lib32/crt1.o
 *(.rel.bss .rel.bss.* .rel.gnu.linkonce.b.*)
 .rel.bss       0x00000000080488f8        0x8 /usr/lib/gcc/x86_64-linux-gnu/4.9/../../../../lib32/crt1.o
 *(.rel.ifunc)

.rel.plt        0x0000000008048900      0x100
 *(.rel.plt)
 .rel.plt       0x0000000008048900      0x100 /usr/lib/gcc/x86_64-linux-gnu/4.9/../../../../lib32/crt1.o
                0x0000000008048a00                PROVIDE (__rel_iplt_start, .)
 *(.rel.iplt)
 .rel.iplt      0x0000000008048a00        0x0 /usr/lib/gcc/x86_64-linux-gnu/4.9/../../../../lib32/crt1.o
                0x0000000008048a00                PROVIDE (__rel_iplt_end, .)

.init           0x0000000008048a00       0x23
 *(SORT(.init))
 .init          0x0000000008048a00       0x1e /usr/lib/gcc/x86_64-linux-gnu/4.9/../../../../lib32/crti.o
                0x0000000008048a00                _init
 .init          0x0000000008048a1e        0x5 /usr/lib/gcc/x86_64-linux-gnu/4.9/../../../../lib32/crtn.o

.plt            0x0000000008048a30      0x210
 *(.plt)
 .plt           0x0000000008048a30      0x210 /usr/lib/gcc/x86_64-linux-gnu/4.9/../../../../lib32/crt1.o
                0x0000000008048a40                strcmp@@GLIBC_2.0
                0x0000000008048a50                sigprocmask@@GLIBC_2.0
                0x0000000008048a60                memcpy@@GLIBC_2.0
                0x0000000008048a70                setcontext@@GLIBC_2.0
                0x0000000008048a80                memcmp@@GLIBC_2.0
                0x0000000008048a90                __stack_chk_fail@@GLIBC_2.4
                0x0000000008048aa0                strcpy@@GLIBC_2.0
                0x0000000008048ab0                strerror@@GLIBC_2.0
                0x0000000008048ad0                kill@@GLIBC_2.0
                0x0000000008048ae0                strlen@@GLIBC_2.0
                0x0000000008048af0                __libc_start_main@@GLIBC_2.0
                0x0000000008048b00                sigdelset@@GLIBC_2.0
                0x0000000008048b10                atol@@GLIBC_2.0
                0x0000000008048b20                getcontext@@GLIBC_2.1
                0x0000000008048b30                fcntl@@GLIBC_2.0
                0x0000000008048b40                sigaddset@@GLIBC_2.0
                0x0000000008048b50                dlsym@@GLIBC_2.0
                0x0000000008048b60                sigfillset@@GLIBC_2.0
                0x0000000008048b70                memset@@GLIBC_2.0
                0x0000000008048b80                snprintf@@GLIBC_2.0
                0x0000000008048b90                swapcontext@@GLIBC_2.1
                0x0000000008048ba0                __errno_location@@GLIBC_2.0
                0x0000000008048bb0                strncpy@@GLIBC_2.0
                0x0000000008048bc0                fileno@@GLIBC_2.0
                0x0000000008048bd0                makecontext@@GLIBC_2.1
                0x0000000008048be0                strndup@@GLIBC_2.0
                0x0000000008048bf0                sigemptyset@@GLIBC_2.0
                0x0000000008048c00                sprintf@@GLIBC_2.0
                0x0000000008048c10                vsnprintf@@GLIBC_2.0
                0x0000000008048c20                sigaction@@GLIBC_2.0
                0x0000000008048c30                sigaltstack@@GLIBC_2.0
 *(.iplt)
 .iplt          0x0000000008048c40        0x0 /usr/lib/gcc/x86_64-linux-gnu/4.9/../../../../lib32/crt1.o

.text           0x0000000008048c40    0x15902
 *(.text.unlikely .text.*_unlikely .text.unlikely.*)
 *(.text.exit .text.exit.*)
 *(.text.startup .text.startup.*)
 .text.startup  0x0000000008048c40      0x3b0 /home/phil/RIOT/udp_test/srv/bin/native/cpu/startup.o
 *(.text.hot .text.hot.*)
 *(.text .stub .text.* .gnu.linkonce.t.*)
 .text          0x0000000008048ff0       0x22 /usr/lib/gcc/x86_64-linux-gnu/4.9/../../../../lib32/crt1.o
                0x0000000008048ff0                _start
 *fill*         0x0000000008049012        0xe 
 .gnu.linkonce.t.__x86.get_pc_thunk.bx
                0x0000000008049020        0x4 /usr/lib/gcc/x86_64-linux-gnu/4.9/../../../../lib32/crti.o
                0x0000000008049020                __x86.get_pc_thunk.bx
 *fill*         0x0000000008049024        0xc 
 .text          0x0000000008049030       0xbb /usr/lib/gcc/x86_64-linux-gnu/4.9/32/crtbegin.o
 .text._native_null_in
                0x00000000080490eb       0x93 /home/phil/RIOT/udp_test/srv/bin/native/cpu/startup.o
                0x00000000080490eb                _native_null_in
 .text._native_log_stdout
                0x000000000804917e      0x15e /home/phil/RIOT/udp_test/srv/bin/native/cpu/startup.o
                0x000000000804917e                _native_log_stdout
 .text._native_log_stderr
                0x00000000080492dc      0x149 /home/phil/RIOT/udp_test/srv/bin/native/cpu/startup.o
                0x00000000080492dc                _native_log_stderr
 .text.daemonize
                0x0000000008049425       0xd3 /home/phil/RIOT/udp_test/srv/bin/native/cpu/startup.o
                0x0000000008049425                daemonize
 .text.filter_daemonize_argv
                0x00000000080494f8       0x8e /home/phil/RIOT/udp_test/srv/bin/native/cpu/startup.o
 .text.usage_exit
                0x0000000008049586       0xa9 /home/phil/RIOT/udp_test/srv/bin/native/cpu/startup.o
                0x0000000008049586                usage_exit
 .text.__cxa_atexit
                0x000000000804962f       0x3b /home/phil/RIOT/udp_test/srv/bin/native/cpp11-compat/cppsupport.o
                0x000000000804962f                __cxa_atexit
 .text.main     0x000000000804966a      0x15f /home/phil/RIOT/udp_test/srv/bin/native/udp_test.a(main.o)
                0x000000000804966a                main
 .text.board_init
                0x00000000080497c9       0x3e /home/phil/RIOT/udp_test/srv/bin/native/board.a(board_init.o)
                0x00000000080497c9                board_init
 .text.core_panic
                0x0000000008049807       0x89 /home/phil/RIOT/udp_test/srv/bin/native/core.a(panic.o)
                0x0000000008049807                core_panic
 .text.main_trampoline
                0x0000000008049890       0x49 /home/phil/RIOT/udp_test/srv/bin/native/core.a(kernel_init.o)
 .text.idle_thread
                0x00000000080498d9       0x3e /home/phil/RIOT/udp_test/srv/bin/native/core.a(kernel_init.o)
 .text.kernel_init
                0x0000000008049917       0x67 /home/phil/RIOT/udp_test/srv/bin/native/core.a(kernel_init.o)
                0x0000000008049917                kernel_init
 .text.clist_lpoprpush
                0x000000000804997e       0x3f /home/phil/RIOT/udp_test/srv/bin/native/core.a(thread.o)
 .text.cib_init
                0x00000000080499bd       0x77 /home/phil/RIOT/udp_test/srv/bin/native/core.a(thread.o)
 .text.thread_yield
                0x0000000008049a34       0x70 /home/phil/RIOT/udp_test/srv/bin/native/core.a(thread.o)
                0x0000000008049a34                thread_yield
 .text.thread_add_to_list
                0x0000000008049aa4       0xa9 /home/phil/RIOT/udp_test/srv/bin/native/core.a(thread.o)
                0x0000000008049aa4                thread_add_to_list
 .text.thread_measure_stack_free
                0x0000000008049b4d       0x52 /home/phil/RIOT/udp_test/srv/bin/native/core.a(thread.o)
                0x0000000008049b4d                thread_measure_stack_free
 .text.thread_create
                0x0000000008049b9f      0x263 /home/phil/RIOT/udp_test/srv/bin/native/core.a(thread.o)
                0x0000000008049b9f                thread_create
 .text.clist_rpush
                0x0000000008049e02       0x61 /home/phil/RIOT/udp_test/srv/bin/native/core.a(sched.o)
 .text.clist_lpop
                0x0000000008049e63       0x68 /home/phil/RIOT/udp_test/srv/bin/native/core.a(sched.o)
 .text.sched_run
                0x0000000008049ecb       0xaa /home/phil/RIOT/udp_test/srv/bin/native/core.a(sched.o)
                0x0000000008049ecb                sched_run
 .text.sched_set_status
                0x0000000008049f75       0xfd /home/phil/RIOT/udp_test/srv/bin/native/core.a(sched.o)
                0x0000000008049f75                sched_set_status
 .text.sched_switch
                0x000000000804a072       0x7d /home/phil/RIOT/udp_test/srv/bin/native/core.a(sched.o)
                0x000000000804a072                sched_switch
 .text.sched_task_exit
                0x000000000804a0ef       0x58 /home/phil/RIOT/udp_test/srv/bin/native/core.a(sched.o)
                0x000000000804a0ef                sched_task_exit
 .text.bitarithm_lsb
                0x000000000804a147       0x44 /home/phil/RIOT/udp_test/srv/bin/native/core.a(bitarithm.o)
                0x000000000804a147                bitarithm_lsb
 .text.panic_arch
                0x000000000804a18b       0x37 /home/phil/RIOT/udp_test/srv/bin/native/cpu.a(panic.o)
                0x000000000804a18b                panic_arch
 .text._native_lpm_sleep
                0x000000000804a1c2       0x60 /home/phil/RIOT/udp_test/srv/bin/native/cpu.a(lpm_cpu.o)
                0x000000000804a1c2                _native_lpm_sleep
 .text.lpm_set  0x000000000804a222       0xa0 /home/phil/RIOT/udp_test/srv/bin/native/cpu.a(lpm_cpu.o)
                0x000000000804a222                lpm_set
 .text._native_syscall_enter
                0x000000000804a2c2       0x31 /home/phil/RIOT/udp_test/srv/bin/native/cpu.a(syscalls.o)
                0x000000000804a2c2                _native_syscall_enter
 .text._native_syscall_leave
                0x000000000804a2f3       0xee /home/phil/RIOT/udp_test/srv/bin/native/cpu.a(syscalls.o)
                0x000000000804a2f3                _native_syscall_leave
 .text.malloc   0x000000000804a3e1       0x94 /home/phil/RIOT/udp_test/srv/bin/native/cpu.a(syscalls.o)
                0x000000000804a3e1                malloc
 .text.free     0x000000000804a475       0x44 /home/phil/RIOT/udp_test/srv/bin/native/cpu.a(syscalls.o)
                0x000000000804a475                free
 .text.calloc   0x000000000804a4b9       0x9d /home/phil/RIOT/udp_test/srv/bin/native/cpu.a(syscalls.o)
                0x000000000804a4b9                calloc
 .text.realloc  0x000000000804a556       0x53 /home/phil/RIOT/udp_test/srv/bin/native/cpu.a(syscalls.o)
                0x000000000804a556                realloc
 .text._native_write
                0x000000000804a5a9       0x5c /home/phil/RIOT/udp_test/srv/bin/native/cpu.a(syscalls.o)
                0x000000000804a5a9                _native_write
 .text._native_writev
                0x000000000804a605       0x5c /home/phil/RIOT/udp_test/srv/bin/native/cpu.a(syscalls.o)
                0x000000000804a605                _native_writev
 .text.putchar  0x000000000804a661       0x42 /home/phil/RIOT/udp_test/srv/bin/native/cpu.a(syscalls.o)
                0x000000000804a661                putchar
 .text.puts     0x000000000804a6a3       0x5c /home/phil/RIOT/udp_test/srv/bin/native/cpu.a(syscalls.o)
                0x000000000804a6a3                puts
 .text.make_message
                0x000000000804a6ff       0xc9 /home/phil/RIOT/udp_test/srv/bin/native/cpu.a(syscalls.o)
                0x000000000804a6ff                make_message
 .text.printf   0x000000000804a7c8       0x4e /home/phil/RIOT/udp_test/srv/bin/native/cpu.a(syscalls.o)
                0x000000000804a7c8                printf
 .text.vprintf  0x000000000804a816       0x47 /home/phil/RIOT/udp_test/srv/bin/native/cpu.a(syscalls.o)
                0x000000000804a816                vprintf
 .text.fprintf  0x000000000804a85d       0x51 /home/phil/RIOT/udp_test/srv/bin/native/cpu.a(syscalls.o)
                0x000000000804a85d                fprintf
 .text.vfprintf
                0x000000000804a8ae       0xa5 /home/phil/RIOT/udp_test/srv/bin/native/cpu.a(syscalls.o)
                0x000000000804a8ae                vfprintf
 .text.vwarn    0x000000000804a953      0x12f /home/phil/RIOT/udp_test/srv/bin/native/cpu.a(syscalls.o)
                0x000000000804a953                vwarn
 .text.vwarnx   0x000000000804aa82       0xe6 /home/phil/RIOT/udp_test/srv/bin/native/cpu.a(syscalls.o)
                0x000000000804aa82                vwarnx
 .text.verr     0x000000000804ab68       0x41 /home/phil/RIOT/udp_test/srv/bin/native/cpu.a(syscalls.o)
                0x000000000804ab68                verr
 .text.verrx    0x000000000804aba9       0x41 /home/phil/RIOT/udp_test/srv/bin/native/cpu.a(syscalls.o)
                0x000000000804aba9                verrx
 .text.warn     0x000000000804abea       0x42 /home/phil/RIOT/udp_test/srv/bin/native/cpu.a(syscalls.o)
                0x000000000804abea                warn
 .text.warnx    0x000000000804ac2c       0x42 /home/phil/RIOT/udp_test/srv/bin/native/cpu.a(syscalls.o)
                0x000000000804ac2c                warnx
 .text.err      0x000000000804ac6e       0x35 /home/phil/RIOT/udp_test/srv/bin/native/cpu.a(syscalls.o)
                0x000000000804ac6e                err
 .text.errx     0x000000000804aca3       0x35 /home/phil/RIOT/udp_test/srv/bin/native/cpu.a(syscalls.o)
                0x000000000804aca3                errx
 .text.getpid   0x000000000804acd8       0x39 /home/phil/RIOT/udp_test/srv/bin/native/cpu.a(syscalls.o)
                0x000000000804acd8                getpid
 .text._native_init_syscalls
                0x000000000804ad11      0x45b /home/phil/RIOT/udp_test/srv/bin/native/cpu.a(syscalls.o)
                0x000000000804ad11                _native_init_syscalls
 .text.thread_arch_isr_stack_pointer
                0x000000000804b16c       0x29 /home/phil/RIOT/udp_test/srv/bin/native/cpu.a(irq_cpu.o)
                0x000000000804b16c                thread_arch_isr_stack_pointer
 .text.thread_arch_isr_stack_start
                0x000000000804b195       0x29 /home/phil/RIOT/udp_test/srv/bin/native/cpu.a(irq_cpu.o)
                0x000000000804b195                thread_arch_isr_stack_start
 .text.irq_disable
                0x000000000804b1be       0x70 /home/phil/RIOT/udp_test/srv/bin/native/cpu.a(irq_cpu.o)
                0x000000000804b1be                irq_disable
 .text.irq_enable
                0x000000000804b22e       0x8b /home/phil/RIOT/udp_test/srv/bin/native/cpu.a(irq_cpu.o)
                0x000000000804b22e                irq_enable
 .text.irq_restore
                0x000000000804b2b9       0x3d /home/phil/RIOT/udp_test/srv/bin/native/cpu.a(irq_cpu.o)
                0x000000000804b2b9                irq_restore
 .text.irq_is_in
                0x000000000804b2f6       0x29 /home/phil/RIOT/udp_test/srv/bin/native/cpu.a(irq_cpu.o)
                0x000000000804b2f6                irq_is_in
 .text._native_popsig
                0x000000000804b31f       0x8c /home/phil/RIOT/udp_test/srv/bin/native/cpu.a(irq_cpu.o)
                0x000000000804b31f                _native_popsig
 .text.native_irq_handler
                0x000000000804b3ab       0x7c /home/phil/RIOT/udp_test/srv/bin/native/cpu.a(irq_cpu.o)
                0x000000000804b3ab                native_irq_handler
 .text.isr_set_sigmask
                0x000000000804b427       0x55 /home/phil/RIOT/udp_test/srv/bin/native/cpu.a(irq_cpu.o)
                0x000000000804b427                isr_set_sigmask
 .text.native_isr_entry
                0x000000000804b47c      0x151 /home/phil/RIOT/udp_test/srv/bin/native/cpu.a(irq_cpu.o)
                0x000000000804b47c                native_isr_entry
 .text.set_signal_handler