Archive member included to satisfy reference by file (symbol)

/home/darjush/Repositories/RIOTNerf/pHAL/bin/samr21-xpro/core.a(sched.o)
                              /home/darjush/Repositories/RIOTNerf/pHAL/bin/samr21-xpro/newlib_syscalls_default/syscalls.o (sched_active_pid)
/home/darjush/Repositories/RIOTNerf/pHAL/bin/samr21-xpro/core.a(bitarithm.o)
                              /home/darjush/Repositories/RIOTNerf/pHAL/bin/samr21-xpro/core.a(sched.o) (bitarithm_lsb)
/home/darjush/Repositories/RIOTNerf/pHAL/bin/samr21-xpro/cortexm_common.a(thread_arch.o)
                              /home/darjush/Repositories/RIOTNerf/pHAL/bin/samr21-xpro/core.a(sched.o) (thread_arch_start_threading)
/home/darjush/Repositories/RIOTNerf/pHAL/bin/samr21-xpro/cortexm_common.a(reboot_arch.o)
                              /home/darjush/Repositories/RIOTNerf/pHAL/bin/samr21-xpro/newlib_syscalls_default/syscalls.o (reboot)
/home/darjush/Repositories/RIOTNerf/pHAL/bin/samr21-xpro/cortexm_common.a(irq_arch.o)
                              /home/darjush/Repositories/RIOTNerf/pHAL/bin/samr21-xpro/newlib_syscalls_default/syscalls.o (irq_arch_disable)
/home/darjush/Repositories/RIOTNerf/pHAL/bin/samr21-xpro/cortexm_common.a(vectors_cortexm.o)
                              /home/darjush/Repositories/RIOTNerf/pHAL/bin/samr21-xpro/cpu/vectors.o (reset_handler_default)
/home/darjush/Repositories/RIOTNerf/pHAL/bin/samr21-xpro/uart_stdio.a(uart_stdio.o)
                              /home/darjush/Repositories/RIOTNerf/pHAL/bin/samr21-xpro/newlib_syscalls_default/syscalls.o (uart_stdio_init)
/home/darjush/Repositories/RIOTNerf/pHAL/bin/samr21-xpro/xtimer.a(xtimer_core.o)
                              /home/darjush/Repositories/RIOTNerf/pHAL/bin/samr21-xpro/newlib_syscalls_default/syscalls.o (xtimer_now64)
/home/darjush/Repositories/RIOTNerf/pHAL/bin/samr21-xpro/board.a(board.o)
                              /home/darjush/Repositories/RIOTNerf/pHAL/bin/samr21-xpro/cortexm_common.a(vectors_cortexm.o) (board_init)
/home/darjush/Repositories/RIOTNerf/pHAL/bin/samr21-xpro/core.a(panic.o)
                              /home/darjush/Repositories/RIOTNerf/pHAL/bin/samr21-xpro/cortexm_common.a(vectors_cortexm.o) (core_panic)
/home/darjush/Repositories/RIOTNerf/pHAL/bin/samr21-xpro/core.a(mutex.o)
                              /home/darjush/Repositories/RIOTNerf/pHAL/bin/samr21-xpro/uart_stdio.a(uart_stdio.o) (_mutex_lock)
/home/darjush/Repositories/RIOTNerf/pHAL/bin/samr21-xpro/core.a(kernel_init.o)
                              /home/darjush/Repositories/RIOTNerf/pHAL/bin/samr21-xpro/cortexm_common.a(vectors_cortexm.o) (kernel_init)
/home/darjush/Repositories/RIOTNerf/pHAL/bin/samr21-xpro/core.a(thread.o)
                              /home/darjush/Repositories/RIOTNerf/pHAL/bin/samr21-xpro/core.a(mutex.o) (thread_add_to_list)
/home/darjush/Repositories/RIOTNerf/pHAL/bin/samr21-xpro/cortexm_common.a(panic.o)
                              /home/darjush/Repositories/RIOTNerf/pHAL/bin/samr21-xpro/core.a(panic.o) (panic_arch)
/home/darjush/Repositories/RIOTNerf/pHAL/bin/samr21-xpro/cpu.a(cpu.o)
                              /home/darjush/Repositories/RIOTNerf/pHAL/bin/samr21-xpro/board.a(board.o) (cpu_init)
/home/darjush/Repositories/RIOTNerf/pHAL/bin/samr21-xpro/cpu.a(lpm_arch.o)
                              /home/darjush/Repositories/RIOTNerf/pHAL/bin/samr21-xpro/core.a(kernel_init.o) (lpm_arch_set)
/home/darjush/Repositories/RIOTNerf/pHAL/bin/samr21-xpro/periph.a(uart.o)
                              /home/darjush/Repositories/RIOTNerf/pHAL/bin/samr21-xpro/uart_stdio.a(uart_stdio.o) (uart_write)
/home/darjush/Repositories/RIOTNerf/pHAL/bin/samr21-xpro/periph.a(gpio.o)
                              /home/darjush/Repositories/RIOTNerf/pHAL/bin/samr21-xpro/periph.a(uart.o) (gpio_init_mux)
/home/darjush/Repositories/RIOTNerf/pHAL/bin/samr21-xpro/periph.a(timer.o)
                              /home/darjush/Repositories/RIOTNerf/pHAL/bin/samr21-xpro/xtimer.a(xtimer_core.o) (timer_set_absolute)
/home/darjush/Repositories/RIOTNerf/pHAL/bin/samr21-xpro/tsrb.a(tsrb.o)
                              /home/darjush/Repositories/RIOTNerf/pHAL/bin/samr21-xpro/uart_stdio.a(uart_stdio.o) (tsrb_get)
/home/darjush/Repositories/RIOTNerf/pHAL/bin/samr21-xpro/pHAL_test.a(main.o)
                              /home/darjush/Repositories/RIOTNerf/pHAL/bin/samr21-xpro/core.a(kernel_init.o) (main)
/home/darjush/Repositories/RIOTNerf/pHAL/bin/samr21-xpro/pHAL_test.a(pHAL.o)
                              /home/darjush/Repositories/RIOTNerf/pHAL/bin/samr21-xpro/pHAL_test.a(main.o) (pHAL_init)
/home/darjush/Repositories/RIOTNerf/pHAL/bin/samr21-xpro/auto_init.a(auto_init.o)
                              /home/darjush/Repositories/RIOTNerf/pHAL/bin/samr21-xpro/core.a(kernel_init.o) (auto_init)
/home/darjush/Repositories/RIOTNerf/pHAL/bin/samr21-xpro/cortexm_common.a(cortexm_init.o)
[...]
Memory Configuration

Name             Origin             Length             Attributes
rom              0x0000000000000000 0x0000000000040000 xr
ram              0x0000000020000000 0x0000000000008000 xrw
*default*        0x0000000000000000 0xffffffffffffffff

Linker script and memory map

LOAD /home/darjush/Repositories/RIOTNerf/pHAL/bin/samr21-xpro/newlib_syscalls_default/syscalls.o
LOAD /home/darjush/Repositories/RIOTNerf/pHAL/bin/samr21-xpro/cpu/vectors.o
START GROUP
LOAD /home/darjush/Repositories/RIOTNerf/pHAL/bin/samr21-xpro/pHAL_test.a
LOAD /home/darjush/Repositories/RIOTNerf/pHAL/bin/samr21-xpro/auto_init.a
LOAD /home/darjush/Repositories/RIOTNerf/pHAL/bin/samr21-xpro/board.a
LOAD /home/darjush/Repositories/RIOTNerf/pHAL/bin/samr21-xpro/core.a
LOAD /home/darjush/Repositories/RIOTNerf/pHAL/bin/samr21-xpro/cortexm_common.a
LOAD /home/darjush/Repositories/RIOTNerf/pHAL/bin/samr21-xpro/cpu.a
LOAD /home/darjush/Repositories/RIOTNerf/pHAL/bin/samr21-xpro/newlib_syscalls_default.a
LOAD /home/darjush/Repositories/RIOTNerf/pHAL/bin/samr21-xpro/periph.a
LOAD /home/darjush/Repositories/RIOTNerf/pHAL/bin/samr21-xpro/periph_common.a
LOAD /home/darjush/Repositories/RIOTNerf/pHAL/bin/samr21-xpro/sam21_common_periph.a
LOAD /home/darjush/Repositories/RIOTNerf/pHAL/bin/samr21-xpro/servo.a
LOAD /home/darjush/Repositories/RIOTNerf/pHAL/bin/samr21-xpro/shell.a
LOAD /home/darjush/Repositories/RIOTNerf/pHAL/bin/samr21-xpro/sys.a
LOAD /home/darjush/Repositories/RIOTNerf/pHAL/bin/samr21-xpro/tsrb.a
LOAD /home/darjush/Repositories/RIOTNerf/pHAL/bin/samr21-xpro/uart_stdio.a
LOAD /home/darjush/Repositories/RIOTNerf/pHAL/bin/samr21-xpro/xtimer.a
LOAD /usr/bin/../lib/gcc/arm-none-eabi/5.4.1/../../../../arm-none-eabi/lib/armv6-m/libm.a
END GROUP
LOAD /usr/bin/../lib/gcc/arm-none-eabi/5.4.1/armv6-m/libgcc.a
LOAD /usr/bin/../lib/gcc/arm-none-eabi/5.4.1/../../../../arm-none-eabi/lib/armv6-m/libc_nano.a
LOAD /usr/bin/../lib/gcc/arm-none-eabi/5.4.1/../../../../arm-none-eabi/lib/armv6-m/libnosys.a
START GROUP
LOAD /usr/bin/../lib/gcc/arm-none-eabi/5.4.1/armv6-m/libgcc.a
LOAD /usr/bin/../lib/gcc/arm-none-eabi/5.4.1/../../../../arm-none-eabi/lib/armv6-m/libg_nano.a
LOAD /usr/bin/../lib/gcc/arm-none-eabi/5.4.1/../../../../arm-none-eabi/lib/armv6-m/libc_nano.a
END GROUP
START GROUP
LOAD /usr/bin/../lib/gcc/arm-none-eabi/5.4.1/armv6-m/libgcc.a
LOAD /usr/bin/../lib/gcc/arm-none-eabi/5.4.1/../../../../arm-none-eabi/lib/armv6-m/libc_nano.a
END GROUP

.text           0x0000000000000000     0x3794
                0x0000000000000000                . = ALIGN (0x4)
                0x0000000000000000                _sfixed = .
 *(.vectors .vectors.*)
 .vectors       0x0000000000000000       0xb0 /home/darjush/Repositories/RIOTNerf/pHAL/bin/samr21-xpro/cpu/vectors.o
                0x0000000000000000                interrupt_vector
 *(.text .text.* .gnu.linkonce.t.*)
 .text._init    0x00000000000000b0        0x8 /home/darjush/Repositories/RIOTNerf/pHAL/bin/samr21-xpro/newlib_syscalls_default/syscalls.o
                0x00000000000000b0                _init
 .text._fini    0x00000000000000b8        0x2 /home/darjush/Repositories/RIOTNerf/pHAL/bin/samr21-xpro/newlib_syscalls_default/syscalls.o
                0x00000000000000b8                _fini
 *fill*         0x00000000000000ba        0x2 
 .text._sbrk_r  0x00000000000000bc       0x3c /home/darjush/Repositories/RIOTNerf/pHAL/bin/samr21-xpro/newlib_syscalls_default/syscalls.o
                0x00000000000000bc                _sbrk_r
 .text._read_r  0x00000000000000f8        0xc /home/darjush/Repositories/RIOTNerf/pHAL/bin/samr21-xpro/newlib_syscalls_default/syscalls.o
                0x00000000000000f8                _read_r
 .text._write_r
                0x0000000000000104        0xc /home/darjush/Repositories/RIOTNerf/pHAL/bin/samr21-xpro/newlib_syscalls_default/syscalls.o
                0x0000000000000104                _write_r
 .text._close_r
                0x0000000000000110        0xa /home/darjush/Repositories/RIOTNerf/pHAL/bin/samr21-xpro/newlib_syscalls_default/syscalls.o
                0x0000000000000110                _close_r
 .text._lseek_r
                0x000000000000011a        0xa /home/darjush/Repositories/RIOTNerf/pHAL/bin/samr21-xpro/newlib_syscalls_default/syscalls.o
                0x000000000000011a                _lseek_r
 .text._fstat_r
                0x0000000000000124        0xa /home/darjush/Repositories/RIOTNerf/pHAL/bin/samr21-xpro/newlib_syscalls_default/syscalls.o
                0x0000000000000124                _fstat_r
 .text._isatty_r
                0x000000000000012e        0xe /home/darjush/Repositories/RIOTNerf/pHAL/bin/samr21-xpro/newlib_syscalls_default/syscalls.o
                0x000000000000012e                _isatty_r
 .text.dummy_handler
                0x000000000000013c        0x8 /home/darjush/Repositories/RIOTNerf/pHAL/bin/samr21-xpro/cpu/vectors.o
                0x000000000000013c                isr_evsys
                0x000000000000013c                isr_dac
                0x000000000000013c                isr_tc6
                0x000000000000013c                isr_ptc
                0x000000000000013c                isr_dmac
                0x000000000000013c                isr_tc7
                0x000000000000013c                isr_sysctrl
                0x000000000000013c                isr_tcc0
                0x000000000000013c                isr_pm
                0x000000000000013c                isr_tc5
                0x000000000000013c                dummy_handler
                0x000000000000013c                isr_adc
                0x000000000000013c                isr_wdt
                0x000000000000013c                isr_sercom3
                0x000000000000013c                isr_ac
                0x000000000000013c                isr_tcc2
                0x000000000000013c                isr_i2c
                0x000000000000013c                isr_rtc
                0x000000000000013c                isr_usb
                0x000000000000013c                isr_sercom2
                0x000000000000013c                isr_sercom4
                0x000000000000013c                isr_nvmctrl
                0x000000000000013c                isr_tcc1
                0x000000000000013c                isr_sercom1
                0x000000000000013c                isr_systick
 .text.sched_run
                0x0000000000000144       0x58 /home/darjush/Repositories/RIOTNerf/pHAL/bin/samr21-xpro/core.a(sched.o)
                0x0000000000000144                sched_run
 .text.sched_set_status
                0x000000000000019c       0x7c /home/darjush/Repositories/RIOTNerf/pHAL/bin/samr21-xpro/core.a(sched.o)
                0x000000000000019c                sched_set_status
 .text.sched_switch
                0x0000000000000218       0x30 /home/darjush/Repositories/RIOTNerf/pHAL/bin/samr21-xpro/core.a(sched.o)
                0x0000000000000218                sched_switch
 .text.sched_task_exit
                0x0000000000000248       0x3c /home/darjush/Repositories/RIOTNerf/pHAL/bin/samr21-xpro/core.a(sched.o)
                0x0000000000000248                sched_task_exit
 .text.bitarithm_lsb
                0x0000000000000284       0x12 /home/darjush/Repositories/RIOTNerf/pHAL/bin/samr21-xpro/core.a(bitarithm.o)
                0x0000000000000284                bitarithm_lsb
 *fill*         0x0000000000000296        0x2 
 .text.thread_arch_stack_init
                0x0000000000000298       0x90 /home/darjush/Repositories/RIOTNerf/pHAL/bin/samr21-xpro/cortexm_common.a(thread_arch.o)
                0x0000000000000298                thread_arch_stack_init
 .text.thread_arch_start_threading
                0x0000000000000328        0x8 /home/darjush/Repositories/RIOTNerf/pHAL/bin/samr21-xpro/cortexm_common.a(thread_arch.o)
                0x0000000000000328                thread_arch_start_threading
 .text.thread_arch_yield
                0x0000000000000330       0x14 /home/darjush/Repositories/RIOTNerf/pHAL/bin/samr21-xpro/cortexm_common.a(thread_arch.o)
                0x0000000000000330                thread_arch_yield
 .text.isr_pendsv
                0x0000000000000344       0x28 /home/darjush/Repositories/RIOTNerf/pHAL/bin/samr21-xpro/cortexm_common.a(thread_arch.o)
                0x0000000000000344                isr_pendsv
 .text.isr_svc  0x000000000000036c       0x2c /home/darjush/Repositories/RIOTNerf/pHAL/bin/samr21-xpro/cortexm_common.a(thread_arch.o)
                0x000000000000036c                isr_svc
 .text.reboot   0x0000000000000398       0x1c /home/darjush/Repositories/RIOTNerf/pHAL/bin/samr21-xpro/cortexm_common.a(reboot_arch.o)
                0x0000000000000398                reboot
 .text.irq_arch_disable
                0x00000000000003b4        0x8 /home/darjush/Repositories/RIOTNerf/pHAL/bin/samr21-xpro/cortexm_common.a(irq_arch.o)
                0x00000000000003b4                irq_arch_disable
 .text.irq_arch_enable
                0x00000000000003bc        0x8 /home/darjush/Repositories/RIOTNerf/pHAL/bin/samr21-xpro/cortexm_common.a(irq_arch.o)
                0x00000000000003bc                irq_arch_enable
 .text.irq_arch_restore
                0x00000000000003c4        0x6 /home/darjush/Repositories/RIOTNerf/pHAL/bin/samr21-xpro/cortexm_common.a(irq_arch.o)
                0x00000000000003c4                irq_arch_restore
 .text.irq_arch_in
                0x00000000000003ca        0x8 /home/darjush/Repositories/RIOTNerf/pHAL/bin/samr21-xpro/cortexm_common.a(irq_arch.o)
                0x00000000000003ca                irq_arch_in
 .text.pre_startup
                0x00000000000003d2        0x2 /home/darjush/Repositories/RIOTNerf/pHAL/bin/samr21-xpro/cortexm_common.a(vectors_cortexm.o)
                0x00000000000003d2                pre_startup
 .text.post_startup
                0x00000000000003d4        0x2 /home/darjush/Repositories/RIOTNerf/pHAL/bin/samr21-xpro/cortexm_common.a(vectors_cortexm.o)
                0x00000000000003d4                post_startup
 *fill*         0x00000000000003d6        0x2 
 .text.reset_handler_default
                0x00000000000003d8       0x50 /home/darjush/Repositories/RIOTNerf/pHAL/bin/samr21-xpro/cortexm_common.a(vectors_cortexm.o)
                0x00000000000003d8                reset_handler_default
 .text.nmi_default
                0x0000000000000428       0x10 /home/darjush/Repositories/RIOTNerf/pHAL/bin/samr21-xpro/cortexm_common.a(vectors_cortexm.o)
                0x0000000000000428                nmi_default
 .text.hard_fault_default
                0x0000000000000438       0x10 /home/darjush/Repositories/RIOTNerf/pHAL/bin/samr21-xpro/cortexm_common.a(vectors_cortexm.o)
                0x0000000000000438                hard_fault_default
 .text.dummy_handler_default
                0x0000000000000448       0x10 /home/darjush/Repositories/RIOTNerf/pHAL/bin/samr21-xpro/cortexm_common.a(vectors_cortexm.o)
                0x0000000000000448                dummy_handler_default
 .text.uart_stdio_rx_cb
                0x0000000000000458       0x18 /home/darjush/Repositories/RIOTNerf/pHAL/bin/samr21-xpro/uart_stdio.a(uart_stdio.o)
                0x0000000000000458                uart_stdio_rx_cb
 .text.uart_stdio_init
                0x0000000000000470       0x18 /home/darjush/Repositories/RIOTNerf/pHAL/bin/samr21-xpro/uart_stdio.a(uart_stdio.o)
                0x0000000000000470                uart_stdio_init
 .text.uart_stdio_read
                0x0000000000000488       0x28 /home/darjush/Repositories/RIOTNerf/pHAL/bin/samr21-xpro/uart_stdio.a(uart_stdio.o)
                0x0000000000000488                uart_stdio_read
 .text.uart_stdio_write
                0x00000000000004b0       0x12 /home/darjush/Repositories/RIOTNerf/pHAL/bin/samr21-xpro/uart_stdio.a(uart_stdio.o)
                0x00000000000004b0                uart_stdio_write
 .text._xtimer_lltimer_now
                0x00000000000004c2        0xa /home/darjush/Repositories/RIOTNerf/pHAL/bin/samr21-xpro/xtimer.a(xtimer_core.o)
 .text._lltimer_set
                0x00000000000004cc       0x20 /home/darjush/Repositories/RIOTNerf/pHAL/bin/samr21-xpro/xtimer.a(xtimer_core.o)
 .text._next_period
                0x00000000000004ec       0x9c /home/darjush/Repositories/RIOTNerf/pHAL/bin/samr21-xpro/xtimer.a(xtimer_core.o)
 .text._periph_timer_callback
                0x0000000000000588       0xc0 /home/darjush/Repositories/RIOTNerf/pHAL/bin/samr21-xpro/xtimer.a(xtimer_core.o)
 .text.xtimer_init
                0x0000000000000648       0x20 /home/darjush/Repositories/RIOTNerf/pHAL/bin/samr21-xpro/xtimer.a(xtimer_core.o)
                0x0000000000000648                xtimer_init
 .text.board_init
                0x0000000000000668       0x14 /home/darjush/Repositories/RIOTNerf/pHAL/bin/samr21-xpro/board.a(board.o)
                0x0000000000000668                board_init
 .text.core_panic
                0x000000000000067c       0x34 /home/darjush/Repositories/RIOTNerf/pHAL/bin/samr21-xpro/core.a(panic.o)
                0x000000000000067c                core_panic
 .text._mutex_lock
                0x00000000000006b0       0x60 /home/darjush/Repositories/RIOTNerf/pHAL/bin/samr21-xpro/core.a(mutex.o)
                0x00000000000006b0                _mutex_lock
 .text.mutex_unlock
                0x0000000000000710       0x48 /home/darjush/Repositories/RIOTNerf/pHAL/bin/samr21-xpro/core.a(mutex.o)
                0x0000000000000710                mutex_unlock
 .text.main_trampoline
                0x0000000000000758       0x18 /home/darjush/Repositories/RIOTNerf/pHAL/bin/samr21-xpro/core.a(kernel_init.o)
 .text.idle_thread
                0x0000000000000770       0x14 /home/darjush/Repositories/RIOTNerf/pHAL/bin/samr21-xpro/core.a(kernel_init.o)
 .text.kernel_init
                0x0000000000000784       0x58 /home/darjush/Repositories/RIOTNerf/pHAL/bin/samr21-xpro/core.a(kernel_init.o)
                0x0000000000000784                kernel_init
 .text.thread_yield
                0x00000000000007dc       0x34 /home/darjush/Repositories/RIOTNerf/pHAL/bin/samr21-xpro/core.a(thread.o)
                0x00000000000007dc                thread_yield
 .text.thread_add_to_list
                0x0000000000000810       0x22 /home/darjush/Repositories/RIOTNerf/pHAL/bin/samr21-xpro/core.a(thread.o)
                0x0000000000000810                thread_add_to_list
 *fill*         0x0000000000000832        0x2 
 .text.thread_create
                0x0000000000000834       0xd0 /home/darjush/Repositories/RIOTNerf/pHAL/bin/samr21-xpro/core.a(thread.o)
                0x0000000000000834                thread_create
 .text.panic_arch
                0x0000000000000904        0x2 /home/darjush/Repositories/RIOTNerf/pHAL/bin/samr21-xpro/cortexm_common.a(panic.o)
                0x0000000000000904                panic_arch
 *fill*         0x0000000000000906        0x2 
 .text.cpu_init
                0x0000000000000908       0xec /home/darjush/Repositories/RIOTNerf/pHAL/bin/samr21-xpro/cpu.a(cpu.o)
                0x0000000000000908                cpu_init
 .text.lpm_arch_set
                0x00000000000009f4       0x78 /home/darjush/Repositories/RIOTNerf/pHAL/bin/samr21-xpro/cpu.a(lpm_arch.o)
                0x00000000000009f4                lpm_arch_set
 .text.irq_handler
                0x0000000000000a6c       0x48 /home/darjush/Repositories/RIOTNerf/pHAL/bin/samr21-xpro/periph.a(uart.o)
 .text.uart_write
                0x0000000000000ab4       0x24 /home/darjush/Repositories/RIOTNerf/pHAL/bin/samr21-xpro/periph.a(uart.o)
                0x0000000000000ab4                uart_write
 .text.uart_poweron
                0x0000000000000ad8       0x3c /home/darjush/Repositories/RIOTNerf/pHAL/bin/samr21-xpro/periph.a(uart.o)
                0x0000000000000ad8                uart_poweron
 .text.uart_init
                0x0000000000000b14       0xfc /home/darjush/Repositories/RIOTNerf/pHAL/bin/samr21-xpro/periph.a(uart.o)
                0x0000000000000b14                uart_init
 .text.isr_sercom0
                0x0000000000000c10        0xa /home/darjush/Repositories/RIOTNerf/pHAL/bin/samr21-xpro/periph.a(uart.o)
                0x0000000000000c10                isr_sercom0
 .text.isr_sercom5
                0x0000000000000c1a        0xa /home/darjush/Repositories/RIOTNerf/pHAL/bin/samr21-xpro/periph.a(uart.o)
                0x0000000000000c1a                isr_sercom5
 .text.gpio_init_mux
                0x0000000000000c24       0x38 /home/darjush/Repositories/RIOTNerf/pHAL/bin/samr21-xpro/periph.a(gpio.o)
                0x0000000000000c24                gpio_init_mux
 .text.gpio_init
                0x0000000000000c5c       0x38 /home/darjush/Repositories/RIOTNerf/pHAL/bin/samr21-xpro/periph.a(gpio.o)
                0x0000000000000c5c                gpio_init
 .text.gpio_init_int
                0x0000000000000c94       0xb8 /home/darjush/Repositories/RIOTNerf/pHAL/bin/samr21-xpro/periph.a(gpio.o)
                0x0000000000000c94                gpio_init_int
 .text.gpio_read
                0x0000000000000d4c       0x20 /home/darjush/Repositories/RIOTNerf/pHAL/bin/samr21-xpro/periph.a(gpio.o)
                0x0000000000000d4c                gpio_read
 .text.gpio_set
                0x0000000000000d6c       0x10 /home/darjush/Repositories/RIOTNerf/pHAL/bin/samr21-xpro/periph.a(gpio.o)
                0x0000000000000d6c                gpio_set
 .text.gpio_clear
                0x0000000000000d7c       0x10 /home/darjush/Repositories/RIOTNerf/pHAL/bin/samr21-xpro/periph.a(gpio.o)
                0x0000000000000d7c                gpio_clear
 .text.gpio_toggle
                0x0000000000000d8c       0x10 /home/darjush/Repositories/RIOTNerf/pHAL/bin/samr21-xpro/periph.a(gpio.o)
                0x0000000000000d8c                gpio_toggle
 .text.isr_eic  0x0000000000000d9c       0x48 /home/darjush/Repositories/RIOTNerf/pHAL/bin/samr21-xpro/periph.a(gpio.o)
                0x0000000000000d9c                isr_eic
 .text.timer_set_absolute
                0x0000000000000de4       0x80 /home/darjush/Repositories/RIOTNerf/pHAL/bin/samr21-xpro/periph.a(timer.o)
                0x0000000000000de4                timer_set_absolute
 .text.timer_read
                0x0000000000000e64       0x40 /home/darjush/Repositories/RIOTNerf/pHAL/bin/samr21-xpro/periph.a(timer.o)
                0x0000000000000e64                timer_read
 .text.timer_start
                0x0000000000000ea4       0x20 /home/darjush/Repositories/RIOTNerf/pHAL/bin/samr21-xpro/periph.a(timer.o)
                0x0000000000000ea4                timer_start
 .text.timer_irq_enable
                0x0000000000000ec4       0x1c /home/darjush/Repositories/RIOTNerf/pHAL/bin/samr21-xpro/periph.a(timer.o)
                0x0000000000000ec4                timer_irq_enable
 .text.timer_init
                0x0000000000000ee0       0xdc /home/darjush/Repositories/RIOTNerf/pHAL/bin/samr21-xpro/periph.a(timer.o)
                0x0000000000000ee0                timer_init
 .text.isr_tc3  0x0000000000000fbc       0x68 /home/darjush/Repositories/RIOTNerf/pHAL/bin/samr21-xpro/periph.a(timer.o)
                0x0000000000000fbc                isr_tc3
 .text.isr_tc4  0x0000000000001024       0x68 /home/darjush/Repositories/RIOTNerf/pHAL/bin/samr21-xpro/periph.a(timer.o)
                0x0000000000001024                isr_tc4
 .text.tsrb_get
                0x000000000000108c       0x2c /home/darjush/Repositories/RIOTNerf/pHAL/bin/samr21-xpro/tsrb.a(tsrb.o)
                0x000000000000108c                tsrb_get
 .text.tsrb_add_one
                0x00000000000010b8       0x26 /home/darjush/Repositories/RIOTNerf/pHAL/bin/samr21-xpro/tsrb.a(tsrb.o)
                0x00000000000010b8                tsrb_add_one
 *fill*         0x00000000000010de        0x2 
 .text.cb       0x00000000000010e0       0x10 /home/darjush/Repositories/RIOTNerf/pHAL/bin/samr21-xpro/pHAL_test.a(main.o)
 .text.init_hal
                0x00000000000010f0        0xa /home/darjush/Repositories/RIOTNerf/pHAL/bin/samr21-xpro/pHAL_test.a(main.o)
 *fill*         0x00000000000010fa        0x2 
 .text.move_y_d
                0x00000000000010fc       0x34 /home/darjush/Repositories/RIOTNerf/pHAL/bin/samr21-xpro/pHAL_test.a(main.o)
 .text.init_int
                0x0000000000001130       0xc4 /home/darjush/Repositories/RIOTNerf/pHAL/bin/samr21-xpro/pHAL_test.a(main.o)
 .text.read     0x00000000000011f4       0x60 /home/darjush/Repositories/RIOTNerf/pHAL/bin/samr21-xpro/pHAL_test.a(main.o)
 .text.toggle   0x0000000000001254       0x3c /home/darjush/Repositories/RIOTNerf/pHAL/bin/samr21-xpro/pHAL_test.a(main.o)
 .text.set      0x0000000000001290       0x3c /home/darjush/Repositories/RIOTNerf/pHAL/bin/samr21-xpro/pHAL_test.a(main.o)
 .text.clear    0x00000000000012cc       0x3c /home/darjush/Repositories/RIOTNerf/pHAL/bin/samr21-xpro/pHAL_test.a(main.o)
 .text.init_pin
                0x0000000000001308       0x54 /home/darjush/Repositories/RIOTNerf/pHAL/bin/samr21-xpro/pHAL_test.a(main.o)
 .text.init_od_pu
                0x000000000000135c        0xa /home/darjush/Repositories/RIOTNerf/pHAL/bin/samr21-xpro/pHAL_test.a(main.o)
 .text.init_od  0x0000000000001366        0xa /home/darjush/Repositories/RIOTNerf/pHAL/bin/samr21-xpro/pHAL_test.a(main.o)
 .text.init_in_pd
                0x0000000000001370        0xa /home/darjush/Repositories/RIOTNerf/pHAL/bin/samr21-xpro/pHAL_test.a(main.o)
 .text.init_in_pu
                0x000000000000137a        0xa /home/darjush/Repositories/RIOTNerf/pHAL/bin/samr21-xpro/pHAL_test.a(main.o)
 .text.init_in  0x0000000000001384        0xa /home/darjush/Repositories/RIOTNerf/pHAL/bin/samr21-xpro/pHAL_test.a(main.o)
 .text.init_out
                0x000000000000138e        0xa /home/darjush/Repositories/RIOTNerf/pHAL/bin/samr21-xpro/pHAL_test.a(main.o)
 .text.move_x_d
                0x0000000000001398       0x34 /home/darjush/Repositories/RIOTNerf/pHAL/bin/samr21-xpro/pHAL_test.a(main.o)
 .text.startup.main
                0x00000000000013cc       0x28 /home/darjush/Repositories/RIOTNerf/pHAL/bin/samr21-xpro/pHAL_test.a(main.o)
                0x00000000000013cc                main
 .text.get_pos  0x00000000000013f4       0x64 /home/darjush/Repositories/RIOTNerf/pHAL/bin/samr21-xpro/pHAL_test.a(pHAL.o)
 .text.pHAL_init
                0x0000000000001458       0x80 /home/darjush/Repositories/RIOTNerf/pHAL/bin/samr21-xpro/pHAL_test.a(pHAL.o)
                0x0000000000001458                pHAL_init
 .text.move_x   0x00000000000014d8       0x14 /home/darjush/Repositories/RIOTNerf/pHAL/bin/samr21-xpro/pHAL_test.a(pHAL.o)
                0x00000000000014d8                move_x
 .text.move_y   0x00000000000014ec       0x14 /home/darjush/Repositories/RIOTNerf/pHAL/bin/samr21-xpro/pHAL_test.a(pHAL.o)
                0x00000000000014ec                move_y
 .text.auto_init
                0x0000000000001500        0x8 /home/darjush/Repositories/RIOTNerf/pHAL/bin/samr21-xpro/auto_init.a(auto_init.o)
                0x0000000000001500                auto_init
 .text.cortexm_init
                0x0000000000001508       0x70 /home/darjush/Repositories/RIOTNerf/pHAL/bin/samr21-xpro/cortexm_common.a(cortexm_init.o)
                0x0000000000001508                cortexm_init
 .text.servo_init
                0x0000000000001578       0x38 /home/darjush/Repositories/RIOTNerf/pHAL/bin/samr21-xpro/servo.a(servo.o)
                0x0000000000001578                servo_init
 .text.servo_set
                0x00000000000015b0       0x2a /home/darjush/Repositories/RIOTNerf/pHAL/bin/samr21-xpro/servo.a(servo.o)
                0x00000000000015b0                servo_set
 *fill*         0x00000000000015da        0x2 
 .text._putchar
                0x00000000000015dc       0x34 /home/darjush/Repositories/RIOTNerf/pHAL/bin/samr21-xpro/shell.a(shell.o)
 .text.print_prompt
                0x0000000000001610       0x20 /home/darjush/Repositories/RIOTNerf/pHAL/bin/samr21-xpro/shell.a(shell.o)
 .text.shell_run
                0x0000000000001630      0x218 /home/darjush/Repositories/RIOTNerf/pHAL/bin/samr21-xpro/shell.a(shell.o)
                0x0000000000001630                shell_run
 .text.pwm_set  0x0000000000001848       0x38 /home/darjush/Repositories/RIOTNerf/pHAL/bin/samr21-xpro/periph.a(pwm.o)
                0x0000000000001848                pwm_set
 .text.pwm_start
                0x0000000000001880       0x18 /home/darjush/Repositories/RIOTNerf/pHAL/bin/samr21-xpro/periph.a(pwm.o)
                0x0000000000001880                pwm_start
 .text.pwm_poweron
                0x0000000000001898       0x44 /home/darjush/Repositories/RIOTNerf/pHAL/bin/samr21-xpro/periph.a(pwm.o)
                0x0000000000001898                pwm_poweron
 .text.pwm_init
                0x00000000000018dc      0x114 /home/darjush/Repositories/RIOTNerf/pHAL/bin/samr21-xpro/periph.a(pwm.o)
                0x00000000000018dc                pwm_init
 .text          0x00000000000019f0       0x14 /usr/bin/../lib/gcc/arm-none-eabi/5.4.1/armv6-m/libgcc.a(_thumb1_case_uqi.o)
                0x00000000000019f0                __gnu_thumb1_case_uqi
 .text          0x0000000000001a04      0x114 /usr/bin/../lib/gcc/arm-none-eabi/5.4.1/armv6-m/libgcc.a(_udivsi3.o)
                0x0000000000001a04                __udivsi3
                0x0000000000001a04                __aeabi_uidiv
                0x0000000000001b10                __aeabi_uidivmod
 .text          0x0000000000001b18        0x4 /usr/bin/../lib/gcc/arm-none-eabi/5.4.1/armv6-m/libgcc.a(_dvmd_tls.o)
                0x0000000000001b18                __aeabi_ldiv0
                0x0000000000001b18                __aeabi_idiv0
 .text.atoi     0x0000000000001b1c        0xc /usr/bin/../lib/gcc/arm-none-eabi/5.4.1/../../../../arm-none-eabi/lib/armv6-m/libc_nano.a(lib_a-atoi.o)
                0x0000000000001b1c                atoi
 .text.__sflush_r
                0x0000000000001b28      0x10c /usr/bin/../lib/gcc/arm-none-eabi/5.4.1/../../../../arm-none-eabi/lib/armv6-m/libc_nano.a(lib_a-fflush.o)
                0x0000000000001b28                __sflush_r
 .text._fflush_r
                0x0000000000001c34       0x58 /usr/bin/../lib/gcc/arm-none-eabi/5.4.1/../../../../arm-none-eabi/lib/armv6-m/libc_nano.a(lib_a-fflush.o)
                0x0000000000001c34                _fflush_r
 .text.fflush   0x0000000000001c8c       0x28 /usr/bin/../lib/gcc/arm-none-eabi/5.4.1/../../../../arm-none-eabi/lib/armv6-m/libc_nano.a(lib_a-fflush.o)
                0x0000000000001c8c                fflush
 .text._cleanup_r
                0x0000000000001cb4       0x10 /usr/bin/../lib/gcc/arm-none-eabi/5.4.1/../../../../arm-none-eabi/lib/armv6-m/libc_nano.a(lib_a-findfp.o)
                0x0000000000001cb4                _cleanup_r
 .text.std.isra.0
                0x0000000000001cc4       0x48 /usr/bin/../lib/gcc/arm-none-eabi/5.4.1/../../../../arm-none-eabi/lib/armv6-m/libc_nano.a(lib_a-findfp.o)
 .text.__sfmoreglue
                0x0000000000001d0c       0x2c /usr/bin/../lib/gcc/arm-none-eabi/5.4.1/../../../../arm-none-eabi/lib/armv6-m/libc_nano.a(lib_a-findfp.o)
                0x0000000000001d0c                __sfmoreglue
 .text.__sinit  0x0000000000001d38       0x68 /usr/bin/../lib/gcc/arm-none-eabi/5.4.1/../../../../arm-none-eabi/lib/armv6-m/libc_nano.a(lib_a-findfp.o)
                0x0000000000001d38                __sinit
 .text.__sfp    0x0000000000001da0       0x7c /usr/bin/../lib/gcc/arm-none-eabi/5.4.1/../../../../arm-none-eabi/lib/armv6-m/libc_nano.a(lib_a-findfp.o)
                0x0000000000001da0                __sfp
 .text._fwalk   0x0000000000001e1c       0x38 /usr/bin/../lib/gcc/arm-none-eabi/5.4.1/../../../../arm-none-eabi/lib/armv6-m/libc_nano.a(lib_a-fwalk.o)
                0x0000000000001e1c                _fwalk
 .text._fwalk_reent
                0x0000000000001e54       0x42 /usr/bin/../lib/gcc/arm-none-eabi/5.4.1/../../../../arm-none-eabi/lib/armv6-m/libc_nano.a(lib_a-fwalk.o)
                0x0000000000001e54                _fwalk_reent
 *fill*         0x0000000000001e96        0x2 
 .text.__libc_init_array
                0x0000000000001e98       0x4c /usr/bin/../lib/gcc/arm-none-eabi/5.4.1/../../../../arm-none-eabi/lib/armv6-m/libc_nano.a(lib_a-init.o)
                0x0000000000001e98                __libc_init_array
 .text.memset   0x0000000000001ee4       0x10 /usr/bin/../lib/gcc/arm-none-eabi/5.4.1/../../../../arm-none-eabi/lib/armv6-m/libc_nano.a(lib_a-memset.o)
                0x0000000000001ee4                memset
 .text._free_r  0x0000000000001ef4       0x98 /usr/bin/../lib/gcc/arm-none-eabi/5.4.1/../../../../arm-none-eabi/lib/armv6-m/libc_nano.a(lib_a-nano-freer.o)
                0x0000000000001ef4                _free_r
 .text._malloc_r
                0x0000000000001f8c       0xc0 /usr/bin/../lib/gcc/arm-none-eabi/5.4.1/../../../../arm-none-eabi/lib/armv6-m/libc_nano.a(lib_a-nano-mallocr.o)
                0x0000000000001f8c                _malloc_r
 .text.printf   0x000000000000204c       0x34 /usr/bin/../lib/gcc/arm-none-eabi/5.4.1/../../../../arm-none-eabi/lib/armv6-m/libc_nano.a(lib_a-printf.o)
                0x000000000000204c                printf
                0x000000000000204c                iprintf
 .text._puts_r  0x0000000000002080       0xc4 /usr/bin/../lib/gcc/arm-none-eabi/5.4.1/../../../../arm-none-eabi/lib/armv6-m/libc_nano.a(lib_a-puts.o)
                0x0000000000002080                _puts_r
 .text.puts     0x0000000000002144       0x14 /usr/bin/../lib/gcc/arm-none-eabi/5.4.1/../../../../arm-none-eabi/lib/armv6-m/libc_nano.a(lib_a-puts.o)
                0x0000000000002144                puts
 .text.__srget_r
                0x0000000000002158       0x60 /usr/bin/../lib/gcc/arm-none-eabi/5.4.1/../../../../arm-none-eabi/lib/armv6-m/libc_nano.a(lib_a-rget.o)
                0x0000000000002158                __srget_r
 .text.__sread  0x00000000000021b8       0x28 /usr/bin/../lib/gcc/arm-none-eabi/5.4.1/../../../../arm-none-eabi/lib/armv6-m/libc_nano.a(lib_a-stdio.o)
                0x00000000000021b8                __sread
 .text.__swrite
                0x00000000000021e0       0x38 /usr/bin/../lib/gcc/arm-none-eabi/5.4.1/../../../../arm-none-eabi/lib/armv6-m/libc_nano.a(lib_a-stdio.o)
                0x00000000000021e0                __swrite
 .text.__sseek  0x0000000000002218       0x2c /usr/bin/../lib/gcc/arm-none-eabi/5.4.1/../../../../arm-none-eabi/lib/armv6-m/libc_nano.a(lib_a-stdio.o)
                0x0000000000002218                __sseek
 .text.__sclose
                0x0000000000002244        0xc /usr/bin/../lib/gcc/arm-none-eabi/5.4.1/../../../../arm-none-eabi/lib/armv6-m/libc_nano.a(lib_a-stdio.o)
                0x0000000000002244                __sclose
 .text          0x0000000000002250       0x14 /usr/bin/../lib/gcc/arm-none-eabi/5.4.1/../../../../arm-none-eabi/lib/armv6-m/libc_nano.a(lib_a-strcmp.o)
                0x0000000000002250                strcmp
 .text._strtol_r
                0x0000000000002264      0x124 /usr/bin/../lib/gcc/arm-none-eabi/5.4.1/../../../../arm-none-eabi/lib/armv6-m/libc_nano.a(lib_a-strtol.o)
                0x0000000000002264                _strtol_r
 .text.strtol   0x0000000000002388       0x18 /usr/bin/../lib/gcc/arm-none-eabi/5.4.1/../../../../arm-none-eabi/lib/armv6-m/libc_nano.a(lib_a-strtol.o)
                0x0000000000002388                strtol
 .text.__swbuf_r
                0x00000000000023a0       0xb0 /usr/bin/../lib/gcc/arm-none-eabi/5.4.1/../../../../arm-none-eabi/lib/armv6-m/libc_nano.a(lib_a-wbuf.o)
                0x00000000000023a0                __swbuf_r
 .text.__swsetup_r
                0x0000000000002450       0xec /usr/bin/../lib/gcc/arm-none-eabi/5.4.1/../../../../arm-none-eabi/lib/armv6-m/libc_nano.a(lib_a-wsetup.o)
                0x0000000000002450                __swsetup_r
 .text.__swhatbuf_r
                0x000000000000253c       0x4c /usr/bin/../lib/gcc/arm-none-eabi/5.4.1/../../../../arm-none-eabi/lib/armv6-m/libc_nano.a(lib_a-makebuf.o)
                0x000000000000253c                __swhatbuf_r
 .text.__smakebuf_r
                0x0000000000002588       0x7c /usr/bin/../lib/gcc/arm-none-eabi/5.4.1/../../../../arm-none-eabi/lib/armv6-m/libc_nano.a(lib_a-makebuf.o)
                0x0000000000002588                __smakebuf_r
 .text.__malloc_lock
                0x0000000000002604        0x2 /usr/bin/../lib/gcc/arm-none-eabi/5.4.1/../../../../arm-none-eabi/lib/armv6-m/libc_nano.a(lib_a-mlock.o)
                0x0000000000002604                __malloc_lock
 .text.__malloc_unlock
                0x0000000000002606        0x2 /usr/bin/../lib/gcc/arm-none-eabi/5.4.1/../../../../arm-none-eabi/lib/armv6-m/libc_nano.a(lib_a-mlock.o)
                0x0000000000002606                __malloc_unlock
 .text.__sfputc_r
                0x0000000000002608       0x2a /usr/bin/../lib/gcc/arm-none-eabi/5.4.1/../../../../arm-none-eabi/lib/armv6-m/libc_nano.a(lib_a-nano-vfprintf.o)
 .text.__sfputs_r
                0x0000000000002632       0x24 /usr/bin/../lib/gcc/arm-none-eabi/5.4.1/../../../../arm-none-eabi/lib/armv6-m/libc_nano.a(lib_a-nano-vfprintf.o)
                0x0000000000002632                __sfputs_r
 *fill*         0x0000000000002656        0x2 
 .text._vfprintf_r
                0x0000000000002658      0x238 /usr/bin/../lib/gcc/arm-none-eabi/5.4.1/../../../../arm-none-eabi/lib/armv6-m/libc_nano.a(lib_a-nano-vfprintf.o)
                0x0000000000002658                _vfiprintf_r
                0x0000000000002658                _vfprintf_r
 .text._printf_common
                0x0000000000002890       0xdc /usr/bin/../lib/gcc/arm-none-eabi/5.4.1/../../../../arm-none-eabi/lib/armv6-m/libc_nano.a(lib_a-nano-vfprintf_i.o)
                0x0000000000002890                _printf_common
 .text._printf_i
                0x000000000000296c      0x244 /usr/bin/../lib/gcc/arm-none-eabi/5.4.1/../../../../arm-none-eabi/lib/armv6-m/libc_nano.a(lib_a-nano-vfprintf_i.o)
                0x000000000000296c                _printf_i
 .text.lflush   0x0000000000002bb0       0x18 /usr/bin/../lib/gcc/arm-none-eabi/5.4.1/../../../../arm-none-eabi/lib/armv6-m/libc_nano.a(lib_a-refill.o)
 .text.__srefill_r
                0x0000000000002bc8      0x124 /usr/bin/../lib/gcc/arm-none-eabi/5.4.1/../../../../arm-none-eabi/lib/armv6-m/libc_nano.a(lib_a-refill.o)
                0x0000000000002bc8                __srefill_r
 .text.memchr   0x0000000000002cec       0x16 /usr/bin/../lib/gcc/arm-none-eabi/5.4.1/../../../../arm-none-eabi/lib/armv6-m/libc_nano.a(lib_a-memchr-stub.o)
                0x0000000000002cec                memchr
 *(.glue_7t)
 .glue_7t       0x0000000000002d02        0x0 linker stubs
 *(.glue_7)
 .glue_7        0x0000000000002d02        0x0 linker stubs
 *(.rodata .rodata* .gnu.linkonce.r.*)
 .rodata.str1.1
                0x0000000000002d02       0x2d /home/darjush/Repositories/RIOTNerf/pHAL/bin/samr21-xpro/cortexm_common.a(vectors_cortexm.o)
 .rodata.str1.1
                0x0000000000002d2f       0x2f /home/darjush/Repositories/RIOTNerf/pHAL/bin/samr21-xpro/core.a(panic.o)
 .rodata.str1.1
                0x0000000000002d5e       0x60 /home/darjush/Repositories/RIOTNerf/pHAL/bin/samr21-xpro/core.a(kernel_init.o)
 *fill*         0x0000000000002dbe        0x2 
 .rodata.uart_config
                0x0000000000002dc0       0x20 /home/darjush/Repositories/RIOTNerf/pHAL/bin/samr21-xpro/periph.a(uart.o)
 .rodata.exti_config
                0x0000000000002de0       0x40 /home/darjush/Repositories/RIOTNerf/pHAL/bin/samr21-xpro/periph.a(gpio.o)
 .rodata.str1.1
                0x0000000000002e20      0x54c /home/darjush/Repositories/RIOTNerf/pHAL/bin/samr21-xpro/pHAL_test.a(main.o)
 .rodata.shell_commands
                0x000000000000336c       0xb4 /home/darjush/Repositories/RIOTNerf/pHAL/bin/samr21-xpro/pHAL_test.a(main.o)
 .rodata.str1.1
                0x0000000000003420      0x11b /home/darjush/Repositories/RIOTNerf/pHAL/bin/samr21-xpro/pHAL_test.a(pHAL.o)
 .rodata.str1.1
                0x000000000000353b       0x82 /home/darjush/Repositories/RIOTNerf/pHAL/bin/samr21-xpro/shell.a(shell.o)
 *fill*         0x00000000000035bd        0x3 
 .rodata.pwm_config
                0x00000000000035c0       0x38 /home/darjush/Repositories/RIOTNerf/pHAL/bin/samr21-xpro/periph.a(pwm.o)
 .rodata.__sf_fake_stdin
                0x00000000000035f8       0x20 /usr/bin/../lib/gcc/arm-none-eabi/5.4.1/../../../../arm-none-eabi/lib/armv6-m/libc_nano.a(lib_a-findfp.o)
                0x00000000000035f8                __sf_fake_stdin
 .rodata.__sf_fake_stdout
                0x0000000000003618       0x20 /usr/bin/../lib/gcc/arm-none-eabi/5.4.1/../../../../arm-none-eabi/lib/armv6-m/libc_nano.a(lib_a-findfp.o)
                0x0000000000003618                __sf_fake_stdout
 .rodata.__sf_fake_stderr
                0x0000000000003638       0x20 /usr/bin/../lib/gcc/arm-none-eabi/5.4.1/../../../../arm-none-eabi/lib/armv6-m/libc_nano.a(lib_a-findfp.o)
                0x0000000000003638                __sf_fake_stderr
 .rodata.str1.1
                0x0000000000003658        0x2 /usr/bin/../lib/gcc/arm-none-eabi/5.4.1/../../../../arm-none-eabi/lib/armv6-m/libc_nano.a(lib_a-impure.o)
 *fill*         0x000000000000365a        0x2 
 .rodata._global_impure_ptr
                0x000000000000365c        0x4 /usr/bin/../lib/gcc/arm-none-eabi/5.4.1/../../../../arm-none-eabi/lib/armv6-m/libc_nano.a(lib_a-impure.o)
                0x000000000000365c                _global_impure_ptr
 .rodata._ctype_
                0x0000000000003660      0x101 /usr/bin/../lib/gcc/arm-none-eabi/5.4.1/../../../../arm-none-eabi/lib/armv6-m/libc_nano.a(lib_a-ctype_.o)
                0x0000000000003660                _ctype_
 .rodata.str1.1
                0x0000000000003761       0x11 /usr/bin/../lib/gcc/arm-none-eabi/5.4.1/../../../../arm-none-eabi/lib/armv6-m/libc_nano.a(lib_a-nano-vfprintf.o)
 .rodata.str1.1
                0x0000000000003772       0x22 /usr/bin/../lib/gcc/arm-none-eabi/5.4.1/../../../../arm-none-eabi/lib/armv6-m/libc_nano.a(lib_a-nano-vfprintf_i.o)
 *(.ARM.extab* .gnu.linkonce.armextab.*)
                0x0000000000003794                . = ALIGN (0x4)
 *(.init)
                0x0000000000003794                . = ALIGN (0x4)
                0x0000000000003794                __preinit_array_start = .
 *(.preinit_array)
                0x0000000000003794                __preinit_array_end = .
                0x0000000000003794                . = ALIGN (0x4)
                0x0000000000003794                __init_array_start = .
 *(SORT(.init_array.*))
 *(.init_array)
                0x0000000000003794                __init_array_end = .
                0x0000000000003794                . = ALIGN (0x4)
 *crtbegin.o(.ctors)
 *(EXCLUDE_FILE(*crtend.o) .ctors)
 *(SORT(.ctors.*))
 *crtend.o(.ctors)
                0x0000000000003794                . = ALIGN (0x4)
 *(.fini)
                0x0000000000003794                . = ALIGN (0x4)
                0x0000000000003794                __fini_array_start = .
 *(.fini_array)
 *(SORT(.fini_array.*))
                0x0000000000003794                __fini_array_end = .
 *crtbegin.o(.dtors)
 *(EXCLUDE_FILE(*crtend.o) .dtors)
 *(SORT(.dtors.*))
 *crtend.o(.dtors)
                0x0000000000003794                . = ALIGN (0x4)
                0x0000000000003794                _efixed = .
                [!provide]                        PROVIDE (__exidx_start, .)

.vfp11_veneer   0x0000000000003794        0x0
 .vfp11_veneer  0x0000000000003794        0x0 linker stubs

.v4_bx          0x0000000000003794        0x0
 .v4_bx         0x0000000000003794        0x0 linker stubs

.iplt           0x0000000000003794        0x0
 .iplt          0x0000000000003794        0x0 /home/darjush/Repositories/RIOTNerf/pHAL/bin/samr21-xpro/newlib_syscalls_default/syscalls.o

.igot.plt       0x0000000000003794        0x0
 .igot.plt      0x0000000000003794        0x0 /home/darjush/Repositories/RIOTNerf/pHAL/bin/samr21-xpro/newlib_syscalls_default/syscalls.o

.rel.dyn        0x0000000000003794        0x0
 .rel.iplt      0x0000000000003794        0x0 /home/darjush/Repositories/RIOTNerf/pHAL/bin/samr21-xpro/newlib_syscalls_default/syscalls.o

.ARM.exidx
 *(.ARM.exidx* .gnu.linkonce.armexidx.*)
                [!provide]                        PROVIDE (__exidx_end, .)
                0x0000000000003794                . = ALIGN (0x4)

.eh_frame
 *(.eh_frame)
                0x0000000000003794                . = ALIGN (0x4)
                0x0000000000003794                _etext = .

.stack          0x0000000020000000      0x200
                0x0000000020000000                . = ALIGN (0x8)
                0x0000000020000000                _sstack = .
 *(.isr_stack)
 .isr_stack     0x0000000020000000      0x200 /home/darjush/Repositories/RIOTNerf/pHAL/bin/samr21-xpro/cortexm_common.a(vectors_cortexm.o)
                0x0000000020000000                isr_stack
                0x0000000020000200                . = ALIGN (0x8)
                0x0000000020000200                _estack = .

.relocate       0x0000000020000200       0x84 load address 0x0000000000003794
                0x0000000020000200                . = ALIGN (0x4)
                0x0000000020000200                _srelocate = .
 *(.ramfunc .ramfunc.*)
 *(.data .data.*)
 .data.heap_top
                0x0000000020000200        0x4 /home/darjush/Repositories/RIOTNerf/pHAL/bin/samr21-xpro/newlib_syscalls_default/syscalls.o
                0x0000000020000200                heap_top
 .data._rx_buf  0x0000000020000204       0x10 /home/darjush/Repositories/RIOTNerf/pHAL/bin/samr21-xpro/uart_stdio.a(uart_stdio.o)
 .data.idle_name
                0x0000000020000214        0x4 /home/darjush/Repositories/RIOTNerf/pHAL/bin/samr21-xpro/core.a(kernel_init.o)
                0x0000000020000214                idle_name
 .data.main_name
                0x0000000020000218        0x4 /home/darjush/Repositories/RIOTNerf/pHAL/bin/samr21-xpro/core.a(kernel_init.o)
                0x0000000020000218                main_name
 .data.impure_data
                0x000000002000021c       0x60 /usr/bin/../lib/gcc/arm-none-eabi/5.4.1/../../../../arm-none-eabi/lib/armv6-m/libc_nano.a(lib_a-impure.o)
 .data._impure_ptr
                0x000000002000027c        0x4 /usr/bin/../lib/gcc/arm-none-eabi/5.4.1/../../../../arm-none-eabi/lib/armv6-m/libc_nano.a(lib_a-impure.o)
                0x000000002000027c                _impure_ptr
 .data.__ctype_ptr__
                0x0000000020000280        0x4 /usr/bin/../lib/gcc/arm-none-eabi/5.4.1/../../../../arm-none-eabi/lib/armv6-m/libc_nano.a(lib_a-ctype_.o)
                0x0000000020000280                __ctype_ptr__
                0x0000000020000284                . = ALIGN (0x4)
                0x0000000020000284                _erelocate = .

.bss            0x0000000020000284      0x914 load address 0x0000000000003818
                0x0000000020000284                . = ALIGN (0x4)
                0x0000000020000284                _sbss = .
                0x0000000020000284                _szero = .
 *(.bss .bss.*)
 .bss.sched_context_switch_request
                0x0000000020000284        0x4 /home/darjush/Repositories/RIOTNerf/pHAL/bin/samr21-xpro/core.a(sched.o)
                0x0000000020000284                sched_context_switch_request
 .bss.sched_active_pid
                0x0000000020000288        0x2 /home/darjush/Repositories/RIOTNerf/pHAL/bin/samr21-xpro/core.a(sched.o)
                0x0000000020000288                sched_active_pid
 *fill*         0x000000002000028a        0x2 
 .bss.sched_active_thread
                0x000000002000028c        0x4 /home/darjush/Repositories/RIOTNerf/pHAL/bin/samr21-xpro/core.a(sched.o)
                0x000000002000028c                sched_active_thread
 .bss.sched_num_threads
                0x0000000020000290        0x4 /home/darjush/Repositories/RIOTNerf/pHAL/bin/samr21-xpro/core.a(sched.o)
                0x0000000020000290                sched_num_threads
 .bss.sched_runqueues
                0x0000000020000294       0x40 /home/darjush/Repositories/RIOTNerf/pHAL/bin/samr21-xpro/core.a(sched.o)
                0x0000000020000294                sched_runqueues
 .bss.sched_threads
                0x00000000200002d4       0x84 /home/darjush/Repositories/RIOTNerf/pHAL/bin/samr21-xpro/core.a(sched.o)
                0x00000000200002d4                sched_threads
 .bss.runqueue_bitcache
                0x0000000020000358        0x4 /home/darjush/Repositories/RIOTNerf/pHAL/bin/samr21-xpro/core.a(sched.o)
 .bss._rx_buf_mem
                0x000000002000035c       0x40 /home/darjush/Repositories/RIOTNerf/pHAL/bin/samr21-xpro/uart_stdio.a(uart_stdio.o)
 .bss._rx_mutex
                0x000000002000039c        0x4 /home/darjush/Repositories/RIOTNerf/pHAL/bin/samr21-xpro/uart_stdio.a(uart_stdio.o)
 .bss.overflow_list_head
                0x00000000200003a0        0x4 /home/darjush/Repositories/RIOTNerf/pHAL/bin/samr21-xpro/xtimer.a(xtimer_core.o)
 .bss._in_handler
                0x00000000200003a4        0x4 /home/darjush/Repositories/RIOTNerf/pHAL/bin/samr21-xpro/xtimer.a(xtimer_core.o)
 .bss._long_cnt
                0x00000000200003a8        0x4 /home/darjush/Repositories/RIOTNerf/pHAL/bin/samr21-xpro/xtimer.a(xtimer_core.o)
 .bss.timer_list_head
                0x00000000200003ac        0x4 /home/darjush/Repositories/RIOTNerf/pHAL/bin/samr21-xpro/xtimer.a(xtimer_core.o)
 .bss.long_list_head
                0x00000000200003b0        0x4 /home/darjush/Repositories/RIOTNerf/pHAL/bin/samr21-xpro/xtimer.a(xtimer_core.o)
 .bss.crashed   0x00000000200003b4        0x4 /home/darjush/Repositories/RIOTNerf/pHAL/bin/samr21-xpro/core.a(panic.o)
 .bss.idle_stack
                0x00000000200003b8      0x100 /home/darjush/Repositories/RIOTNerf/pHAL/bin/samr21-xpro/core.a(kernel_init.o)
 .bss.main_stack
                0x00000000200004b8      0x600 /home/darjush/Repositories/RIOTNerf/pHAL/bin/samr21-xpro/core.a(kernel_init.o)
 .bss.lpm_prevent_sleep
                0x0000000020000ab8        0x4 /home/darjush/Repositories/RIOTNerf/pHAL/bin/samr21-xpro/core.a(kernel_init.o)
                0x0000000020000ab8                lpm_prevent_sleep
 .bss.current_mode
                0x0000000020000abc        0x1 /home/darjush/Repositories/RIOTNerf/pHAL/bin/samr21-xpro/cpu.a(lpm_arch.o)
 *fill*         0x0000000020000abd        0x3 
 .bss.uart_ctx  0x0000000020000ac0       0x10 /home/darjush/Repositories/RIOTNerf/pHAL/bin/samr21-xpro/periph.a(uart.o)
 .bss.gpio_config
                0x0000000020000ad0       0x80 /home/darjush/Repositories/RIOTNerf/pHAL/bin/samr21-xpro/periph.a(gpio.o)
 .bss.config    0x0000000020000b50       0x10 /home/darjush/Repositories/RIOTNerf/pHAL/bin/samr21-xpro/periph.a(timer.o)
 .bss.servo_x   0x0000000020000b60       0x18 /home/darjush/Repositories/RIOTNerf/pHAL/bin/samr21-xpro/pHAL_test.a(pHAL.o)
 .bss.servo_y   0x0000000020000b78       0x18 /home/darjush/Repositories/RIOTNerf/pHAL/bin/samr21-xpro/pHAL_test.a(pHAL.o)
 .bss.__malloc_sbrk_start
                0x0000000020000b90        0x4 /usr/bin/../lib/gcc/arm-none-eabi/5.4.1/../../../../arm-none-eabi/lib/armv6-m/libc_nano.a(lib_a-nano-mallocr.o)
                0x0000000020000b90                __malloc_sbrk_start
 .bss.__malloc_free_list
                0x0000000020000b94        0x4 /usr/bin/../lib/gcc/arm-none-eabi/5.4.1/../../../../arm-none-eabi/lib/armv6-m/libc_nano.a(lib_a-nano-mallocr.o)
                0x0000000020000b94                __malloc_free_list
 *(COMMON)
                0x0000000020000b98                . = ALIGN (0x4)
                0x0000000020000b98                _ebss = .
                0x0000000020000b98                _ezero = .
                0x0000000020000b98                . = ALIGN (0x4)
                0x0000000020000b98                _sheap = .
                0x0000000020008000                _eheap = (ORIGIN (ram) + LENGTH (ram))
                0x0000000020000000                _sram = ORIGIN (ram)
                0x0000000020008000                _eram = (ORIGIN (ram) + LENGTH (ram))
OUTPUT(/home/darjush/Repositories/RIOTNerf/pHAL/bin/samr21-xpro/pHAL_test.elf elf32-littlearm)

.debug_info     0x0000000000000000    0x348be
 .debug_info    0x0000000000000000     0x37ae /home/darjush/Repositories/RIOTNerf/pHAL/bin/samr21-xpro/newlib_syscalls_default/syscalls.o
 .debug_info    0x00000000000037ae       0xe6 /home/darjush/Repositories/RIOTNerf/pHAL/bin/samr21-xpro/cpu/vectors.o
 .debug_info    0x0000000000003894      0x50b /home/darjush/Repositories/RIOTNerf/pHAL/bin/samr21-xpro/core.a(sched.o)
 .debug_info    0x0000000000003d9f      0x116 /home/darjush/Repositories/RIOTNerf/pHAL/bin/samr21-xpro/core.a(bitarithm.o)
 .debug_info    0x0000000000003eb5      0x5f2 /home/darjush/Repositories/RIOTNerf/pHAL/bin/samr21-xpro/cortexm_common.a(thread_arch.o)
 .debug_info    0x00000000000044a7      0x1b0 /home/darjush/Repositories/RIOTNerf/pHAL/bin/samr21-xpro/cortexm_common.a(reboot_arch.o)
 .debug_info    0x0000000000004657      0x204 /home/darjush/Repositories/RIOTNerf/pHAL/bin/samr21-xpro/cortexm_common.a(irq_arch.o)
 .debug_info    0x000000000000485b     0x293f /home/darjush/Repositories/RIOTNerf/pHAL/bin/samr21-xpro/cortexm_common.a(vectors_cortexm.o)
 .debug_info    0x000000000000719a     0x2a86 /home/darjush/Repositories/RIOTNerf/pHAL/bin/samr21-xpro/uart_stdio.a(uart_stdio.o)
 .debug_info    0x0000000000009c20     0x348c /home/darjush/Repositories/RIOTNerf/pHAL/bin/samr21-xpro/xtimer.a(xtimer_core.o)
 .debug_info    0x000000000000d0ac     0x2db5 /home/darjush/Repositories/RIOTNerf/pHAL/bin/samr21-xpro/board.a(board.o)
 .debug_info    0x000000000000fe61      0x1e9 /home/darjush/Repositories/RIOTNerf/pHAL/bin/samr21-xpro/core.a(panic.o)
 .debug_info    0x000000000001004a      0x586 /home/darjush/Repositories/RIOTNerf/pHAL/bin/samr21-xpro/core.a(mutex.o)
 .debug_info    0x00000000000105d0      0x310 /home/darjush/Repositories/RIOTNerf/pHAL/bin/samr21-xpro/core.a(kernel_init.o)
 .debug_info    0x00000000000108e0      0x7b1 /home/darjush/Repositories/RIOTNerf/pHAL/bin/samr21-xpro/core.a(thread.o)
 .debug_info    0x0000000000011091       0x8f /home/darjush/Repositories/RIOTNerf/pHAL/bin/samr21-xpro/cortexm_common.a(panic.o)
 .debug_info    0x0000000000011120     0x4850 /home/darjush/Repositories/RIOTNerf/pHAL/bin/samr21-xpro/cpu.a(cpu.o)
 .debug_info    0x0000000000015970      0xa91 /home/darjush/Repositories/RIOTNerf/pHAL/bin/samr21-xpro/cpu.a(lpm_arch.o)
 .debug_info    0x0000000000016401     0x5154 /home/darjush/Repositories/RIOTNerf/pHAL/bin/samr21-xpro/periph.a(uart.o)
 .debug_info    0x000000000001b555     0x4943 /home/darjush/Repositories/RIOTNerf/pHAL/bin/samr21-xpro/periph.a(gpio.o)
 .debug_info    0x000000000001fe98     0x4392 /home/darjush/Repositories/RIOTNerf/pHAL/bin/samr21-xpro/periph.a(timer.o)
 .debug_info    0x000000000002422a      0x314 /home/darjush/Repositories/RIOTNerf/pHAL/bin/samr21-xpro/tsrb.a(tsrb.o)
 .debug_info    0x000000000002453e     0x39a1 /home/darjush/Repositories/RIOTNerf/pHAL/bin/samr21-xpro/pHAL_test.a(main.o)
 .debug_info    0x0000000000027edf     0x2ad1 /home/darjush/Repositories/RIOTNerf/pHAL/bin/samr21-xpro/pHAL_test.a(pHAL.o)
 .debug_info    0x000000000002a9b0     0x27d0 /home/darjush/Repositories/RIOTNerf/pHAL/bin/samr21-xpro/auto_init.a(auto_init.o)
 .debug_info    0x000000000002d180      0x419 /home/darjush/Repositories/RIOTNerf/pHAL/bin/samr21-xpro/cortexm_common.a(cortexm_init.o)
 .debug_info    0x000000000002d599     0x2929 /home/darjush/Repositories/RIOTNerf/pHAL/bin/samr21-xpro/servo.a(servo.o)
 .debug_info    0x000000000002fec2      0xed1 /home/darjush/Repositories/RIOTNerf/pHAL/bin/samr21-xpro/shell.a(shell.o)
 .debug_info    0x0000000000030d93     0x3b2b /home/darjush/Repositories/RIOTNerf/pHAL/bin/samr21-xpro/periph.a(pwm.o)

.debug_abbrev   0x0000000000000000     0x4276
 .debug_abbrev  0x0000000000000000      0x441 /home/darjush/Repositories/RIOTNerf/pHAL/bin/samr21-xpro/newlib_syscalls_default/syscalls.o
 .debug_abbrev  0x0000000000000441       0xb0 /home/darjush/Repositories/RIOTNerf/pHAL/bin/samr21-xpro/cpu/vectors.o
 .debug_abbrev  0x00000000000004f1      0x238 /home/darjush/Repositories/RIOTNerf/pHAL/bin/samr21-xpro/core.a(sched.o)
 .debug_abbrev  0x0000000000000729       0x81 /home/darjush/Repositories/RIOTNerf/pHAL/bin/samr21-xpro/core.a(bitarithm.o)
 .debug_abbrev  0x00000000000007aa      0x2f0 /home/darjush/Repositories/RIOTNerf/pHAL/bin/samr21-xpro/cortexm_common.a(thread_arch.o)
 .debug_abbrev  0x0000000000000a9a       0xec /home/darjush/Repositories/RIOTNerf/pHAL/bin/samr21-xpro/cortexm_common.a(reboot_arch.o)
 .debug_abbrev  0x0000000000000b86      0x12e /home/darjush/Repositories/RIOTNerf/pHAL/bin/samr21-xpro/cortexm_common.a(irq_arch.o)
 .debug_abbrev  0x0000000000000cb4      0x298 /home/darjush/Repositories/RIOTNerf/pHAL/bin/samr21-xpro/cortexm_common.a(vectors_cortexm.o)
 .debug_abbrev  0x0000000000000f4c      0x295 /home/darjush/Repositories/RIOTNerf/pHAL/bin/samr21-xpro/uart_stdio.a(uart_stdio.o)
 .debug_abbrev  0x00000000000011e1      0x508 /home/darjush/Repositories/RIOTNerf/pHAL/bin/samr21-xpro/xtimer.a(xtimer_core.o)
 .debug_abbrev  0x00000000000016e9      0x1eb /home/darjush/Repositories/RIOTNerf/pHAL/bin/samr21-xpro/board.a(board.o)
 .debug_abbrev  0x00000000000018d4       0xf5 /home/darjush/Repositories/RIOTNerf/pHAL/bin/samr21-xpro/core.a(panic.o)
 .debug_abbrev  0x00000000000019c9      0x1ea /home/darjush/Repositories/RIOTNerf/pHAL/bin/samr21-xpro/core.a(mutex.o)
 .debug_abbrev  0x0000000000001bb3      0x18a /home/darjush/Repositories/RIOTNerf/pHAL/bin/samr21-xpro/core.a(kernel_init.o)
 .debug_abbrev  0x0000000000001d3d      0x295 /home/darjush/Repositories/RIOTNerf/pHAL/bin/samr21-xpro/core.a(thread.o)
 .debug_abbrev  0x0000000000001fd2       0x45 /home/darjush/Repositories/RIOTNerf/pHAL/bin/samr21-xpro/cortexm_common.a(panic.o)
 .debug_abbrev  0x0000000000002017      0x209 /home/darjush/Repositories/RIOTNerf/pHAL/bin/samr21-xpro/cpu.a(cpu.o)
 .debug_abbrev  0x0000000000002220      0x241 /home/darjush/Repositories/RIOTNerf/pHAL/bin/samr21-xpro/cpu.a(lpm_arch.o)
 .debug_abbrev  0x0000000000002461      0x3c6 /home/darjush/Repositories/RIOTNerf/pHAL/bin/samr21-xpro/periph.a(uart.o)
 .debug_abbrev  0x0000000000002827      0x3b6 /home/darjush/Repositories/RIOTNerf/pHAL/bin/samr21-xpro/periph.a(gpio.o)
 .debug_abbrev  0x0000000000002bdd      0x36a /home/darjush/Repositories/RIOTNerf/pHAL/bin/samr21-xpro/periph.a(timer.o)
 .debug_abbrev  0x0000000000002f47      0x13f /home/darjush/Repositories/RIOTNerf/pHAL/bin/samr21-xpro/tsrb.a(tsrb.o)
 .debug_abbrev  0x0000000000003086      0x323 /home/darjush/Repositories/RIOTNerf/pHAL/bin/samr21-xpro/pHAL_test.a(main.o)
 .debug_abbrev  0x00000000000033a9      0x284 /home/darjush/Repositories/RIOTNerf/pHAL/bin/samr21-xpro/pHAL_test.a(pHAL.o)
 .debug_abbrev  0x000000000000362d      0x1d6 /home/darjush/Repositories/RIOTNerf/pHAL/bin/samr21-xpro/auto_init.a(auto_init.o)
 .debug_abbrev  0x0000000000003803      0x170 /home/darjush/Repositories/RIOTNerf/pHAL/bin/samr21-xpro/cortexm_common.a(cortexm_init.o)
 .debug_abbrev  0x0000000000003973      0x245 /home/darjush/Repositories/RIOTNerf/pHAL/bin/samr21-xpro/servo.a(servo.o)
 .debug_abbrev  0x0000000000003bb8      0x3a5 /home/darjush/Repositories/RIOTNerf/pHAL/bin/samr21-xpro/shell.a(shell.o)
 .debug_abbrev  0x0000000000003f5d      0x319 /home/darjush/Repositories/RIOTNerf/pHAL/bin/samr21-xpro/periph.a(pwm.o)

.debug_loc      0x0000000000000000     0x39e1
 .debug_loc     0x0000000000000000      0x427 /home/darjush/Repositories/RIOTNerf/pHAL/bin/samr21-xpro/newlib_syscalls_default/syscalls.o
 .debug_loc     0x0000000000000427      0x1a4 /home/darjush/Repositories/RIOTNerf/pHAL/bin/samr21-xpro/core.a(sched.o)
 .debug_loc     0x00000000000005cb       0xb7 /home/darjush/Repositories/RIOTNerf/pHAL/bin/samr21-xpro/core.a(bitarithm.o)
 .debug_loc     0x0000000000000682      0x2d9 /home/darjush/Repositories/RIOTNerf/pHAL/bin/samr21-xpro/cortexm_common.a(thread_arch.o)
 .debug_loc     0x000000000000095b       0x13 /home/darjush/Repositories/RIOTNerf/pHAL/bin/samr21-xpro/cortexm_common.a(irq_arch.o)
 .debug_loc     0x000000000000096e       0x2b /home/darjush/Repositories/RIOTNerf/pHAL/bin/samr21-xpro/cortexm_common.a(vectors_cortexm.o)
 .debug_loc     0x0000000000000999      0x130 /home/darjush/Repositories/RIOTNerf/pHAL/bin/samr21-xpro/uart_stdio.a(uart_stdio.o)
 .debug_loc     0x0000000000000ac9      0x777 /home/darjush/Repositories/RIOTNerf/pHAL/bin/samr21-xpro/xtimer.a(xtimer_core.o)
 .debug_loc     0x0000000000001240       0x42 /home/darjush/Repositories/RIOTNerf/pHAL/bin/samr21-xpro/core.a(panic.o)
 .debug_loc     0x0000000000001282      0x20c /home/darjush/Repositories/RIOTNerf/pHAL/bin/samr21-xpro/core.a(mutex.o)
 .debug_loc     0x000000000000148e       0x42 /home/darjush/Repositories/RIOTNerf/pHAL/bin/samr21-xpro/core.a(kernel_init.o)
 .debug_loc     0x00000000000014d0      0x35c /home/darjush/Repositories/RIOTNerf/pHAL/bin/samr21-xpro/core.a(thread.o)
 .debug_loc     0x000000000000182c       0x6c /home/darjush/Repositories/RIOTNerf/pHAL/bin/samr21-xpro/cpu.a(lpm_arch.o)
 .debug_loc     0x0000000000001898      0x318 /home/darjush/Repositories/RIOTNerf/pHAL/bin/samr21-xpro/periph.a(uart.o)
 .debug_loc     0x0000000000001bb0      0x3eb /home/darjush/Repositories/RIOTNerf/pHAL/bin/samr21-xpro/periph.a(gpio.o)
 .debug_loc     0x0000000000001f9b      0x477 /home/darjush/Repositories/RIOTNerf/pHAL/bin/samr21-xpro/periph.a(timer.o)
 .debug_loc     0x0000000000002412      0x244 /home/darjush/Repositories/RIOTNerf/pHAL/bin/samr21-xpro/tsrb.a(tsrb.o)
 .debug_loc     0x0000000000002656      0x9bc /home/darjush/Repositories/RIOTNerf/pHAL/bin/samr21-xpro/pHAL_test.a(main.o)
 .debug_loc     0x0000000000003012      0x10d /home/darjush/Repositories/RIOTNerf/pHAL/bin/samr21-xpro/pHAL_test.a(pHAL.o)
 .debug_loc     0x000000000000311f       0xb0 /home/darjush/Repositories/RIOTNerf/pHAL/bin/samr21-xpro/cortexm_common.a(cortexm_init.o)
 .debug_loc     0x00000000000031cf      0x147 /home/darjush/Repositories/RIOTNerf/pHAL/bin/samr21-xpro/servo.a(servo.o)
 .debug_loc     0x0000000000003316      0x3e9 /home/darjush/Repositories/RIOTNerf/pHAL/bin/samr21-xpro/shell.a(shell.o)
 .debug_loc     0x00000000000036ff      0x2e2 /home/darjush/Repositories/RIOTNerf/pHAL/bin/samr21-xpro/periph.a(pwm.o)

.debug_aranges  0x0000000000000000      0x778
 .debug_aranges
                0x0000000000000000       0xa8 /home/darjush/Repositories/RIOTNerf/pHAL/bin/samr21-xpro/newlib_syscalls_default/syscalls.o
 .debug_aranges
                0x00000000000000a8       0x20 /home/darjush/Repositories/RIOTNerf/pHAL/bin/samr21-xpro/cpu/vectors.o
 .debug_aranges
                0x00000000000000c8       0x38 /home/darjush/Repositories/RIOTNerf/pHAL/bin/samr21-xpro/core.a(sched.o)
 .debug_aranges
                0x0000000000000100       0x30 /home/darjush/Repositories/RIOTNerf/pHAL/bin/samr21-xpro/core.a(bitarithm.o)
 .debug_aranges
                0x0000000000000130       0x60 /home/darjush/Repositories/RIOTNerf/pHAL/bin/samr21-xpro/cortexm_common.a(thread_arch.o)
 .debug_aranges
                0x0000000000000190       0x20 /home/darjush/Repositories/RIOTNerf/pHAL/bin/samr21-xpro/cortexm_common.a(reboot_arch.o)
 .debug_aranges
                0x00000000000001b0       0x38 /home/darjush/Repositories/RIOTNerf/pHAL/bin/samr21-xpro/cortexm_common.a(irq_arch.o)
 .debug_aranges
                0x00000000000001e8       0x40 /home/darjush/Repositories/RIOTNerf/pHAL/bin/samr21-xpro/cortexm_common.a(vectors_cortexm.o)
 .debug_aranges
                0x0000000000000228       0x38 /home/darjush/Repositories/RIOTNerf/pHAL/bin/samr21-xpro/uart_stdio.a(uart_stdio.o)
 .debug_aranges
                0x0000000000000260       0x78 /home/darjush/Repositories/RIOTNerf/pHAL/bin/samr21-xpro/xtimer.a(xtimer_core.o)
 .debug_aranges
                0x00000000000002d8       0x20 /home/darjush/Repositories/RIOTNerf/pHAL/bin/samr21-xpro/board.a(board.o)
 .debug_aranges
                0x00000000000002f8       0x20 /home/darjush/Repositories/RIOTNerf/pHAL/bin/samr21-xpro/core.a(panic.o)
 .debug_aranges
                0x0000000000000318       0x30 /home/darjush/Repositories/RIOTNerf/pHAL/bin/samr21-xpro/core.a(mutex.o)
 .debug_aranges
                0x0000000000000348       0x30 /home/darjush/Repositories/RIOTNerf/pHAL/bin/samr21-xpro/core.a(kernel_init.o)
 .debug_aranges
                0x0000000000000378       0x50 /home/darjush/Repositories/RIOTNerf/pHAL/bin/samr21-xpro/core.a(thread.o)
 .debug_aranges
                0x00000000000003c8       0x20 /home/darjush/Repositories/RIOTNerf/pHAL/bin/samr21-xpro/cortexm_common.a(panic.o)
 .debug_aranges
                0x00000000000003e8       0x20 /home/darjush/Repositories/RIOTNerf/pHAL/bin/samr21-xpro/cpu.a(cpu.o)
 .debug_aranges
                0x0000000000000408       0x40 /home/darjush/Repositories/RIOTNerf/pHAL/bin/samr21-xpro/cpu.a(lpm_arch.o)
 .debug_aranges
                0x0000000000000448       0x50 /home/darjush/Repositories/RIOTNerf/pHAL/bin/samr21-xpro/periph.a(uart.o)
 .debug_aranges
                0x0000000000000498       0x70 /home/darjush/Repositories/RIOTNerf/pHAL/bin/samr21-xpro/periph.a(gpio.o)
 .debug_aranges
                0x0000000000000508       0x70 /home/darjush/Repositories/RIOTNerf/pHAL/bin/samr21-xpro/periph.a(timer.o)
 .debug_aranges
                0x0000000000000578       0x38 /home/darjush/Repositories/RIOTNerf/pHAL/bin/samr21-xpro/tsrb.a(tsrb.o)
 .debug_aranges
                0x00000000000005b0       0xa0 /home/darjush/Repositories/RIOTNerf/pHAL/bin/samr21-xpro/pHAL_test.a(main.o)
 .debug_aranges
                0x0000000000000650       0x40 /home/darjush/Repositories/RIOTNerf/pHAL/bin/samr21-xpro/pHAL_test.a(pHAL.o)
 .debug_aranges
                0x0000000000000690       0x20 /home/darjush/Repositories/RIOTNerf/pHAL/bin/samr21-xpro/auto_init.a(auto_init.o)
 .debug_aranges
                0x00000000000006b0       0x20 /home/darjush/Repositories/RIOTNerf/pHAL/bin/samr21-xpro/cortexm_common.a(cortexm_init.o)
 .debug_aranges
                0x00000000000006d0       0x28 /home/darjush/Repositories/RIOTNerf/pHAL/bin/samr21-xpro/servo.a(servo.o)
 .debug_aranges
                0x00000000000006f8       0x30 /home/darjush/Repositories/RIOTNerf/pHAL/bin/samr21-xpro/shell.a(shell.o)
 .debug_aranges
                0x0000000000000728       0x50 /home/darjush/Repositories/RIOTNerf/pHAL/bin/samr21-xpro/periph.a(pwm.o)

.debug_ranges   0x0000000000000000      0xb40
 .debug_ranges  0x0000000000000000       0xd8 /home/darjush/Repositories/RIOTNerf/pHAL/bin/samr21-xpro/newlib_syscalls_default/syscalls.o
 .debug_ranges  0x00000000000000d8       0x10 /home/darjush/Repositories/RIOTNerf/pHAL/bin/samr21-xpro/cpu/vectors.o
 .debug_ranges  0x00000000000000e8       0x58 /home/darjush/Repositories/RIOTNerf/pHAL/bin/samr21-xpro/core.a(sched.o)
 .debug_ranges  0x0000000000000140       0x20 /home/darjush/Repositories/RIOTNerf/pHAL/bin/samr21-xpro/core.a(bitarithm.o)
 .debug_ranges  0x0000000000000160       0x68 /home/darjush/Repositories/RIOTNerf/pHAL/bin/samr21-xpro/cortexm_common.a(thread_arch.o)
 .debug_ranges  0x00000000000001c8       0x10 /home/darjush/Repositories/RIOTNerf/pHAL/bin/samr21-xpro/cortexm_common.a(reboot_arch.o)
 .debug_ranges  0x00000000000001d8       0x28 /home/darjush/Repositories/RIOTNerf/pHAL/bin/samr21-xpro/cortexm_common.a(irq_arch.o)
 .debug_ranges  0x0000000000000200       0x30 /home/darjush/Repositories/RIOTNerf/pHAL/bin/samr21-xpro/cortexm_common.a(vectors_cortexm.o)
 .debug_ranges  0x0000000000000230       0x28 /home/darjush/Repositories/RIOTNerf/pHAL/bin/samr21-xpro/uart_stdio.a(uart_stdio.o)
 .debug_ranges  0x0000000000000258      0x1a8 /home/darjush/Repositories/RIOTNerf/pHAL/bin/samr21-xpro/xtimer.a(xtimer_core.o)
 .debug_ranges  0x0000000000000400       0x10 /home/darjush/Repositories/RIOTNerf/pHAL/bin/samr21-xpro/board.a(board.o)
 .debug_ranges  0x0000000000000410       0x10 /home/darjush/Repositories/RIOTNerf/pHAL/bin/samr21-xpro/core.a(panic.o)
 .debug_ranges  0x0000000000000420       0x50 /home/darjush/Repositories/RIOTNerf/pHAL/bin/samr21-xpro/core.a(mutex.o)
 .debug_ranges  0x0000000000000470       0x20 /home/darjush/Repositories/RIOTNerf/pHAL/bin/samr21-xpro/core.a(kernel_init.o)
 .debug_ranges  0x0000000000000490       0x60 /home/darjush/Repositories/RIOTNerf/pHAL/bin/samr21-xpro/core.a(thread.o)
 .debug_ranges  0x00000000000004f0       0x10 /home/darjush/Repositories/RIOTNerf/pHAL/bin/samr21-xpro/cortexm_common.a(panic.o)
 .debug_ranges  0x0000000000000500       0x28 /home/darjush/Repositories/RIOTNerf/pHAL/bin/samr21-xpro/cpu.a(cpu.o)
 .debug_ranges  0x0000000000000528       0x30 /home/darjush/Repositories/RIOTNerf/pHAL/bin/samr21-xpro/cpu.a(lpm_arch.o)
 .debug_ranges  0x0000000000000558       0xd8 /home/darjush/Repositories/RIOTNerf/pHAL/bin/samr21-xpro/periph.a(uart.o)
 .debug_ranges  0x0000000000000630      0x120 /home/darjush/Repositories/RIOTNerf/pHAL/bin/samr21-xpro/periph.a(gpio.o)
 .debug_ranges  0x0000000000000750       0x90 /home/darjush/Repositories/RIOTNerf/pHAL/bin/samr21-xpro/periph.a(timer.o)
 .debug_ranges  0x00000000000007e0       0x78 /home/darjush/Repositories/RIOTNerf/pHAL/bin/samr21-xpro/tsrb.a(tsrb.o)
 .debug_ranges  0x0000000000000858       0x90 /home/darjush/Repositories/RIOTNerf/pHAL/bin/samr21-xpro/pHAL_test.a(main.o)
 .debug_ranges  0x00000000000008e8       0x30 /home/darjush/Repositories/RIOTNerf/pHAL/bin/samr21-xpro/pHAL_test.a(pHAL.o)
 .debug_ranges  0x0000000000000918       0x10 /home/darjush/Repositories/RIOTNerf/pHAL/bin/samr21-xpro/auto_init.a(auto_init.o)
 .debug_ranges  0x0000000000000928       0x68 /home/darjush/Repositories/RIOTNerf/pHAL/bin/samr21-xpro/cortexm_common.a(cortexm_init.o)
 .debug_ranges  0x0000000000000990       0x18 /home/darjush/Repositories/RIOTNerf/pHAL/bin/samr21-xpro/servo.a(servo.o)
 .debug_ranges  0x00000000000009a8       0x88 /home/darjush/Repositories/RIOTNerf/pHAL/bin/samr21-xpro/shell.a(shell.o)
 .debug_ranges  0x0000000000000a30      0x110 /home/darjush/Repositories/RIOTNerf/pHAL/bin/samr21-xpro/periph.a(pwm.o)

.debug_macro    0x0000000000000000    0x29718
 .debug_macro   0x0000000000000000      0x6c6 /home/darjush/Repositories/RIOTNerf/pHAL/bin/samr21-xpro/newlib_syscalls_default/syscalls.o
 .debug_macro   0x00000000000006c6      0x826 /home/darjush/Repositories/RIOTNerf/pHAL/bin/samr21-xpro/newlib_syscalls_default/syscalls.o
 .debug_macro   0x0000000000000eec       0xd0 /home/darjush/Repositories/RIOTNerf/pHAL/bin/samr21-xpro/newlib_syscalls_default/syscalls.o
 .debug_macro   0x0000000000000fbc       0x22 /home/darjush/Repositories/RIOTNerf/pHAL/bin/samr21-xpro/newlib_syscalls_default/syscalls.o
 .debug_macro   0x0000000000000fde       0x4c /home/darjush/Repositories/RIOTNerf/pHAL/bin/samr21-xpro/newlib_syscalls_default/syscalls.o
 .debug_macro   0x000000000000102a       0x8d /home/darjush/Repositories/RIOTNerf/pHAL/bin/samr21-xpro/newlib_syscalls_default/syscalls.o
 .debug_macro   0x00000000000010b7       0x35 /home/darjush/Repositories/RIOTNerf/pHAL/bin/samr21-xpro/newlib_syscalls_default/syscalls.o
 .debug_macro   0x00000000000010ec       0x9c /home/darjush/Repositories/RIOTNerf/pHAL/bin/samr21-xpro/newlib_syscalls_default/syscalls.o
 .debug_macro   0x0000000000001188       0x10 /home/darjush/Repositories/RIOTNerf/pHAL/bin/samr21-xpro/newlib_syscalls_default/syscalls.o
 .debug_macro   0x0000000000001198       0x4a /home/darjush/Repositories/RIOTNerf/pHAL/bin/samr21-xpro/newlib_syscalls_default/syscalls.o
 .debug_macro   0x00000000000011e2       0xcf /home/darjush/Repositories/RIOTNerf/pHAL/bin/samr21-xpro/newlib_syscalls_default/syscalls.o
 .debug_macro   0x00000000000012b1      0x330 /home/darjush/Repositories/RIOTNerf/pHAL/bin/samr21-xpro/newlib_syscalls_default/syscalls.o
 .debug_macro   0x00000000000015e1       0x10 /home/darjush/Repositories/RIOTNerf/pHAL/bin/samr21-xpro/newlib_syscalls_default/syscalls.o
 .debug_macro   0x00000000000015f1       0xb7 /home/darjush/Repositories/RIOTNerf/pHAL/bin/samr21-xpro/newlib_syscalls_default/syscalls.o
 .debug_macro   0x00000000000016a8       0x52 /home/darjush/Repositories/RIOTNerf/pHAL/bin/samr21-xpro/newlib_syscalls_default/syscalls.o
 .debug_macro   0x00000000000016fa       0x1f /home/darjush/Repositories/RIOTNerf/pHAL/bin/samr21-xpro/newlib_syscalls_default/syscalls.o
 .debug_macro   0x0000000000001719       0x43 /home/darjush/Repositories/RIOTNerf/pHAL/bin/samr21-xpro/newlib_syscalls_default/syscalls.o
 .debug_macro   0x000000000000175c       0x20 /home/darjush/Repositories/RIOTNerf/pHAL/bin/samr21-xpro/newlib_syscalls_default/syscalls.o
 .debug_macro   0x000000000000177c       0x5e /home/darjush/Repositories/RIOTNerf/pHAL/bin/samr21-xpro/newlib_syscalls_default/syscalls.o
 .debug_macro   0x00000000000017da       0x1c /home/darjush/Repositories/RIOTNerf/pHAL/bin/samr21-xpro/newlib_syscalls_default/syscalls.o
 .debug_macro   0x00000000000017f6       0x52 /home/darjush/Repositories/RIOTNerf/pHAL/bin/samr21-xpro/newlib_syscalls_default/syscalls.o
 .debug_macro   0x0000000000001848       0x40 /home/darjush/Repositories/RIOTNerf/pHAL/bin/samr21-xpro/newlib_syscalls_default/syscalls.o
 .debug_macro   0x0000000000001888       0x10 /home/darjush/Repositories/RIOTNerf/pHAL/bin/samr21-xpro/newlib_syscalls_default/syscalls.o
 .debug_macro   0x0000000000001898       0x40 /home/darjush/Repositories/RIOTNerf/pHAL/bin/samr21-xpro/newlib_syscalls_default/syscalls.o
 .debug_macro   0x00000000000018d8       0xd7 /home/darjush/Repositories/RIOTNerf/pHAL/bin/samr21-xpro/newlib_syscalls_default/syscalls.o
 .debug_macro   0x00000000000019af      0x513 /home/darjush/Repositories/RIOTNerf/pHAL/bin/samr21-xpro/newlib_syscalls_default/syscalls.o
 .debug_macro   0x0000000000001ec2      0x187 /home/darjush/Repositories/RIOTNerf/pHAL/bin/samr21-xpro/newlib_syscalls_default/syscalls.o
 .debug_macro   0x0000000000002049       0x10 /home/darjush/Repositories/RIOTNerf/pHAL/bin/samr21-xpro/newlib_syscalls_default/syscalls.o
 .debug_macro   0x0000000000002059       0x35 /home/darjush/Repositories/RIOTNerf/pHAL/bin/samr21-xpro/newlib_syscalls_default/syscalls.o
 .debug_macro   0x000000000000208e       0x10 /home/darjush/Repositories/RIOTNerf/pHAL/bin/samr21-xpro/newlib_syscalls_default/syscalls.o
 .debug_macro   0x000000000000209e      0x241 /home/darjush/Repositories/RIOTNerf/pHAL/bin/samr21-xpro/newlib_syscalls_default/syscalls.o
 .debug_macro   0x00000000000022df       0x16 /home/darjush/Repositories/RIOTNerf/pHAL/bin/samr21-xpro/newlib_syscalls_default/syscalls.o
 .debug_macro   0x00000000000022f5       0x10 /home/darjush/Repositories/RIOTNerf/pHAL/bin/samr21-xpro/newlib_syscalls_default/syscalls.o
 .debug_macro   0x0000000000002305       0x16 /home/darjush/Repositories/RIOTNerf/pHAL/bin/samr21-xpro/newlib_syscalls_default/syscalls.o
 .debug_macro   0x000000000000231b      0x174 /home/darjush/Repositories/RIOTNerf/pHAL/bin/samr21-xpro/newlib_syscalls_default/syscalls.o
 .debug_macro   0x000000000000248f       0x16 /home/darjush/Repositories/RIOTNerf/pHAL/bin/samr21-xpro/newlib_syscalls_default/syscalls.o
 .debug_macro   0x00000000000024a5       0x16 /home/darjush/Repositories/RIOTNerf/pHAL/bin/samr21-xpro/newlib_syscalls_default/syscalls.o
 .debug_macro   0x00000000000024bb       0x29 /home/darjush/Repositories/RIOTNerf/pHAL/bin/samr21-xpro/newlib_syscalls_default/syscalls.o
 .debug_macro   0x00000000000024e4       0x16 /home/darjush/Repositories/RIOTNerf/pHAL/bin/samr21-xpro/newlib_syscalls_default/syscalls.o
 .debug_macro   0x00000000000024fa       0x16 /home/darjush/Repositories/RIOTNerf/pHAL/bin/samr21-xpro/newlib_syscalls_default/syscalls.o
 .debug_macro   0x0000000000002510       0x10 /home/darjush/Repositories/RIOTNerf/pHAL/bin/samr21-xpro/newlib_syscalls_default/syscalls.o
 .debug_macro   0x0000000000002520       0x41 /home/darjush/Repositories/RIOTNerf/pHAL/bin/samr21-xpro/newlib_syscalls_default/syscalls.o
 .debug_macro   0x0000000000002561      0x122 /home/darjush/Repositories/RIOTNerf/pHAL/bin/samr21-xpro/newlib_syscalls_default/syscalls.o
 .debug_macro   0x0000000000002683       0xfd /home/darjush/Repositories/RIOTNerf/pHAL/bin/samr21-xpro/newlib_syscalls_default/syscalls.o
 .debug_macro   0x0000000000002780      0x1df /home/darjush/Repositories/RIOTNerf/pHAL/bin/samr21-xpro/newlib_syscalls_default/syscalls.o
 .debug_macro   0x000000000000295f       0x22 /home/darjush/Repositories/RIOTNerf/pHAL/bin/samr21-xpro/newlib_syscalls_default/syscalls.o
 .debug_macro   0x0000000000002981       0x39 /home/darjush/Repositories/RIOTNerf/pHAL/bin/samr21-xpro/newlib_syscalls_default/syscalls.o
 .debug_macro   0x00000000000029ba       0x3a /home/darjush/Repositories/RIOTNerf/pHAL/bin/samr21-xpro/newlib_syscalls_default/syscalls.o
 .debug_macro   0x00000000000029f4       0x26 /home/darjush/Repositories/RIOTNerf/pHAL/bin/samr21-xpro/newlib_syscalls_default/syscalls.o
 .debug_macro   0x0000000000002a1a      0x329 /home/darjush/Repositories/RIOTNerf/pHAL/bin/samr21-xpro/newlib_syscalls_default/syscalls.o
 .debug_macro   0x0000000000002d43      0x682 /home/darjush/Repositories/RIOTNerf/pHAL/bin/samr21-xpro/newlib_syscalls_default/syscalls.o
 .debug_macro   0x00000000000033c5      0x8c1 /home/darjush/Repositories/RIOTNerf/pHAL/bin/samr21-xpro/newlib_syscalls_default/syscalls.o
 .debug_macro   0x0000000000003c86      0xd6d /home/darjush/Repositories/RIOTNerf/pHAL/bin/samr21-xpro/newlib_syscalls_default/syscalls.o
 .debug_macro   0x00000000000049f3      0x4ce /home/darjush/Repositories/RIOTNerf/pHAL/bin/samr21-xpro/newlib_syscalls_default/syscalls.o
 .debug_macro   0x0000000000004ec1      0x9fb /home/darjush/Repositories/RIOTNerf/pHAL/bin/samr21-xpro/newlib_syscalls_default/syscalls.o
 .debug_macro   0x00000000000058bc      0x82e /home/darjush/Repositories/RIOTNerf/pHAL/bin/samr21-xpro/newlib_syscalls_default/syscalls.o
 .debug_macro   0x00000000000060ea      0x462 /home/darjush/Repositories/RIOTNerf/pHAL/bin/samr21-xpro/newlib_syscalls_default/syscalls.o
 .debug_macro   0x000000000000654c       0x5e /home/darjush/Repositories/RIOTNerf/pHAL/bin/samr21-xpro/newlib_syscalls_default/syscalls.o
 .debug_macro   0x00000000000065aa      0x226 /home/darjush/Repositories/RIOTNerf/pHAL/bin/samr21-xpro/newlib_syscalls_default/syscalls.o
 .debug_macro   0x00000000000067d0      0x77d /home/darjush/Repositories/RIOTNerf/pHAL/bin/samr21-xpro/newlib_syscalls_default/syscalls.o
 .debug_macro   0x0000000000006f4d       0x5e /home/darjush/Repositories/RIOTNerf/pHAL/bin/samr21-xpro/newlib_syscalls_default/syscalls.o
 .debug_macro   0x0000000000006fab      0x60c /home/darjush/Repositories/RIOTNerf/pHAL/bin/samr21-xpro/newlib_syscalls_default/syscalls.o
 .debug_macro   0x00000000000075b7      0x3b8 /home/darjush/Repositories/RIOTNerf/pHAL/bin/samr21-xpro/newlib_syscalls_default/syscalls.o
 .debug_macro   0x000000000000796f       0x94 /home/darjush/Repositories/RIOTNerf/pHAL/bin/samr21-xpro/newlib_syscalls_default/syscalls.o
 .debug_macro   0x0000000000007a03      0xc55 /home/darjush/Repositories/RIOTNerf/pHAL/bin/samr21-xpro/newlib_syscalls_default/syscalls.o
 .debug_macro   0x0000000000008658     0x1093 /home/darjush/Repositories/RIOTNerf/pHAL/bin/samr21-xpro/newlib_syscalls_default/syscalls.o
 .debug_macro   0x00000000000096eb      0xc4a /home/darjush/Repositories/RIOTNerf/pHAL/bin/samr21-xpro/newlib_syscalls_default/syscalls.o
 .debug_macro   0x000000000000a335      0x6c2 /home/darjush/Repositories/RIOTNerf/pHAL/bin/samr21-xpro/newlib_syscalls_default/syscalls.o
 .debug_macro   0x000000000000a9f7     0x1b4e /home/darjush/Repositories/RIOTNerf/pHAL/bin/samr21-xpro/newlib_syscalls_default/syscalls.o
 .debug_macro   0x000000000000c545     0x144d /home/darjush/Repositories/RIOTNerf/pHAL/bin/samr21-xpro/newlib_syscalls_default/syscalls.o
 .debug_macro   0x000000000000d992      0x351 /home/darjush/Repositories/RIOTNerf/pHAL/bin/samr21-xpro/newlib_syscalls_default/syscalls.o
 .debug_macro   0x000000000000dce3       0x7c /home/darjush/Repositories/RIOTNerf/pHAL/bin/samr21-xpro/newlib_syscalls_default/syscalls.o
 .debug_macro   0x000000000000dd5f       0xa0 /home/darjush/Repositories/RIOTNerf/pHAL/bin/samr21-xpro/newlib_syscalls_default/syscalls.o
 .debug_macro   0x000000000000ddff       0xca /home/darjush/Repositories/RIOTNerf/pHAL/bin/samr21-xpro/newlib_syscalls_default/syscalls.o
 .debug_macro   0x000000000000dec9       0x94 /home/darjush/Repositories/RIOTNerf/pHAL/bin/samr21-xpro/newlib_syscalls_default/syscalls.o
 .debug_macro   0x000000000000df5d       0x58 /home/darjush/Repositories/RIOTNerf/pHAL/bin/samr21-xpro/newlib_syscalls_default/syscalls.o
 .debug_macro   0x000000000000dfb5      0x367 /home/darjush/Repositories/RIOTNerf/pHAL/bin/samr21-xpro/newlib_syscalls_default/syscalls.o
 .debug_macro   0x000000000000e31c       0x82 /home/darjush/Repositories/RIOTNerf/pHAL/bin/samr21-xpro/newlib_syscalls_default/syscalls.o
 .debug_macro   0x000000000000e39e      0x19a /home/darjush/Repositories/RIOTNerf/pHAL/bin/samr21-xpro/newlib_syscalls_default/syscalls.o
 .debug_macro   0x000000000000e538       0xa0 /home/darjush/Repositories/RIOTNerf/pHAL/bin/samr21-xpro/newlib_syscalls_default/syscalls.o
 .debug_macro   0x000000000000e5d8       0xb8 /home/darjush/Repositories/RIOTNerf/pHAL/bin/samr21-xpro/newlib_syscalls_default/syscalls.o
 .debug_macro   0x000000000000e690       0x1c /home/darjush/Repositories/RIOTNerf/pHAL/bin/samr21-xpro/newlib_syscalls_default/syscalls.o
 .debug_macro   0x000000000000e6ac       0x1c /home/darjush/Repositories/RIOTNerf/pHAL/bin/samr21-xpro/newlib_syscalls_default/syscalls.o
 .debug_macro   0x000000000000e6c8       0x1c /home/darjush/Repositories/RIOTNerf/pHAL/bin/samr21-xpro/newlib_syscalls_default/syscalls.o
 .debug_macro   0x000000000000e6e4       0x7c /home/darjush/Repositories/RIOTNerf/pHAL/bin/samr21-xpro/newlib_syscalls_default/syscalls.o
 .debug_macro   0x000000000000e760      0x1c9 /home/darjush/Repositories/RIOTNerf/pHAL/bin/samr21-xpro/newlib_syscalls_default/syscalls.o
 .debug_macro   0x000000000000e929       0x16 /home/darjush/Repositories/RIOTNerf/pHAL/bin/samr21-xpro/newlib_syscalls_default/syscalls.o
 .debug_macro   0x000000000000e93f       0xdc /home/darjush/Repositories/RIOTNerf/pHAL/bin/samr21-xpro/newlib_syscalls_default/syscalls.o
 .debug_macro   0x000000000000ea1b      0x132 /home/darjush/Repositories/RIOTNerf/pHAL/bin/samr21-xpro/newlib_syscalls_default/syscalls.o
 .debug_macro   0x000000000000eb4d      0x132 /home/darjush/Repositories/RIOTNerf/pHAL/bin/samr21-xpro/newlib_syscalls_default/syscalls.o
 .debug_macro   0x000000000000ec7f      0x132 /home/darjush/Repositories/RIOTNerf/pHAL/bin/samr21-xpro/newlib_syscalls_default/syscalls.o
 .debug_macro   0x000000000000edb1      0x132 /home/darjush/Repositories/RIOTNerf/pHAL/bin/samr21-xpro/newlib_syscalls_default/syscalls.o
 .debug_macro   0x000000000000eee3      0x132 /home/darjush/Repositories/RIOTNerf/pHAL/bin/samr21-xpro/newlib_syscalls_default/syscalls.o
 .debug_macro   0x000000000000f015      0x132 /home/darjush/Repositories/RIOTNerf/pHAL/bin/samr21-xpro/newlib_syscalls_default/syscalls.o
 .debug_macro   0x000000000000f147      0x11e /home/darjush/Repositories/RIOTNerf/pHAL/bin/samr21-xpro/newlib_syscalls_default/syscalls.o
 .debug_macro   0x000000000000f265       0xe2 /home/darjush/Repositories/RIOTNerf/pHAL/bin/samr21-xpro/newlib_syscalls_default/syscalls.o
 .debug_macro   0x000000000000f347       0xe2 /home/darjush/Repositories/RIOTNerf/pHAL/bin/samr21-xpro/newlib_syscalls_default/syscalls.o
 .debug_macro   0x000000000000f429       0xe2 /home/darjush/Repositories/RIOTNerf/pHAL/bin/samr21-xpro/newlib_syscalls_default/syscalls.o
 .debug_macro   0x000000000000f50b      0x12f /home/darjush/Repositories/RIOTNerf/pHAL/bin/samr21-xpro/newlib_syscalls_default/syscalls.o
 .debug_macro   0x000000000000f63a      0x100 /home/darjush/Repositories/RIOTNerf/pHAL/bin/samr21-xpro/newlib_syscalls_default/syscalls.o
 .debug_macro   0x000000000000f73a       0xf4 /home/darjush/Repositories/RIOTNerf/pHAL/bin/samr21-xpro/newlib_syscalls_default/syscalls.o
 .debug_macro   0x000000000000f82e      0x40f /home/darjush/Repositories/RIOTNerf/pHAL/bin/samr21-xpro/newlib_syscalls_default/syscalls.o
 .debug_macro   0x000000000000fc3d       0x40 /home/darjush/Repositories/RIOTNerf/pHAL/bin/samr21-xpro/newlib_syscalls_default/syscalls.o
 .debug_macro   0x000000000000fc7d      0x345 /home/darjush/Repositories/RIOTNerf/pHAL/bin/samr21-xpro/newlib_syscalls_default/syscalls.o
 .debug_macro   0x000000000000ffc2     0x174e /home/darjush/Repositories/RIOTNerf/pHAL/bin/samr21-xpro/newlib_syscalls_default/syscalls.o
 .debug_macro   0x0000000000011710       0x58 /home/darjush/Repositories/RIOTNerf/pHAL/bin/samr21-xpro/newlib_syscalls_default/syscalls.o
 .debug_macro   0x0000000000011768       0x16 /home/darjush/Repositories/RIOTNerf/pHAL/bin/samr21-xpro/newlib_syscalls_default/syscalls.o
 .debug_macro   0x000000000001177e       0x22 /home/darjush/Repositories/RIOTNerf/pHAL/bin/samr21-xpro/newlib_syscalls_default/syscalls.o
 .debug_macro   0x00000000000117a0       0x22 /home/darjush/Repositories/RIOTNerf/pHAL/bin/samr21-xpro/newlib_syscalls_default/syscalls.o
 .debug_macro   0x00000000000117c2       0x3a /home/darjush/Repositories/RIOTNerf/pHAL/bin/samr21-xpro/newlib_syscalls_default/syscalls.o
 .debug_macro   0x00000000000117fc       0x10 /home/darjush/Repositories/RIOTNerf/pHAL/bin/samr21-xpro/newlib_syscalls_default/syscalls.o
 .debug_macro   0x000000000001180c      0x1f2 /home/darjush/Repositories/RIOTNerf/pHAL/bin/samr21-xpro/newlib_syscalls_default/syscalls.o
 .debug_macro   0x00000000000119fe       0x4c /home/darjush/Repositories/RIOTNerf/pHAL/bin/samr21-xpro/newlib_syscalls_default/syscalls.o
 .debug_macro   0x0000000000011a4a       0x28 /home/darjush/Repositories/RIOTNerf/pHAL/bin/samr21-xpro/newlib_syscalls_default/syscalls.o
 .debug_macro   0x0000000000011a72       0xdc /home/darjush/Repositories/RIOTNerf/pHAL/bin/samr21-xpro/newlib_syscalls_default/syscalls.o
 .debug_macro   0x0000000000011b4e       0x10 /home/darjush/Repositories/RIOTNerf/pHAL/bin/samr21-xpro/newlib_syscalls_default/syscalls.o
 .debug_macro   0x0000000000011b5e      0x45d /home/darjush/Repositories/RIOTNerf/pHAL/bin/samr21-xpro/newlib_syscalls_default/syscalls.o
 .debug_macro   0x0000000000011fbb       0x16 /home/darjush/Repositories/RIOTNerf/pHAL/bin/samr21-xpro/newlib_syscalls_default/syscalls.o
 .debug_macro   0x0000000000011fd1      0x11e /home/darjush/Repositories/RIOTNerf/pHAL/bin/samr21-xpro/newlib_syscalls_default/syscalls.o
 .debug_macro   0x00000000000120ef       0x19 /home/darjush/Repositories/RIOTNerf/pHAL/bin/samr21-xpro/newlib_syscalls_default/syscalls.o
 .debug_macro   0x0000000000012108       0x28 /home/darjush/Repositories/RIOTNerf/pHAL/bin/samr21-xpro/newlib_syscalls_default/syscalls.o
 .debug_macro   0x0000000000012130       0x12 /home/darjush/Repositories/RIOTNerf/pHAL/bin/samr21-xpro/newlib_syscalls_default/syscalls.o
 .debug_macro   0x0000000000012142       0x1c /home/darjush/Repositories/RIOTNerf/pHAL/bin/samr21-xpro/newlib_syscalls_default/syscalls.o
 .debug_macro   0x000000000001215e       0x9e /home/darjush/Repositories/RIOTNerf/pHAL/bin/samr21-xpro/newlib_syscalls_default/syscalls.o
 .debug_macro   0x00000000000121fc       0x34 /home/darjush/Repositories/RIOTNerf/pHAL/bin/samr21-xpro/newlib_syscalls_default/syscalls.o
 .debug_macro   0x0000000000012230       0x1c /home/darjush/Repositories/RIOTNerf/pHAL/bin/samr21-xpro/newlib_syscalls_default/syscalls.o
 .debug_macro   0x000000000001224c       0x88 /home/darjush/Repositories/RIOTNerf/pHAL/bin/samr21-xpro/newlib_syscalls_default/syscalls.o
 .debug_macro   0x00000000000122d4       0x28 /home/darjush/Repositories/RIOTNerf/pHAL/bin/samr21-xpro/newlib_syscalls_default/syscalls.o
 .debug_macro   0x00000000000122fc       0x43 /home/darjush/Repositories/RIOTNerf/pHAL/bin/samr21-xpro/newlib_syscalls_default/syscalls.o
 .debug_macro   0x000000000001233f       0x10 /home/darjush/Repositories/RIOTNerf/pHAL/bin/samr21-xpro/newlib_syscalls_default/syscalls.o
 .debug_macro   0x000000000001234f       0x1c /home/darjush/Repositories/RIOTNerf/pHAL/bin/samr21-xpro/newlib_syscalls_default/syscalls.o
 .debug_macro   0x000000000001236b       0x6b /home/darjush/Repositories/RIOTNerf/pHAL/bin/samr21-xpro/cpu/vectors.o
 .debug_macro   0x00000000000123d6      0x826 /home/darjush/Repositories/RIOTNerf/pHAL/bin/samr21-xpro/cpu/vectors.o
 .debug_macro   0x0000000000012bfc       0x87 /home/darjush/Repositories/RIOTNerf/pHAL/bin/samr21-xpro/cpu/vectors.o
 .debug_macro   0x0000000000012c83       0x44 /home/darjush/Repositories/RIOTNerf/pHAL/bin/samr21-xpro/cpu/vectors.o
 .debug_macro   0x0000000000012cc7       0x16 /home/darjush/Repositories/RIOTNerf/pHAL/bin/samr21-xpro/cpu/vectors.o
 .debug_macro   0x0000000000012cdd      0x55e /home/darjush/Repositories/RIOTNerf/pHAL/bin/samr21-xpro/core.a(sched.o)
 .debug_macro   0x000000000001323b      0x826 /home/darjush/Repositories/RIOTNerf/pHAL/bin/samr21-xpro/core.a(sched.o)
 .debug_macro   0x0000000000013a61      0x16d /home/darjush/Repositories/RIOTNerf/pHAL/bin/samr21-xpro/core.a(sched.o)
 .debug_macro   0x0000000000013bce       0x52 /home/darjush/Repositories/RIOTNerf/pHAL/bin/samr21-xpro/core.a(sched.o)
 .debug_macro   0x0000000000013c20       0x10 /home/darjush/Repositories/RIOTNerf/pHAL/bin/samr21-xpro/core.a(sched.o)
 .debug_macro   0x0000000000013c30       0xa2 /home/darjush/Repositories/RIOTNerf/pHAL/bin/samr21-xpro/core.a(sched.o)
 .debug_macro   0x0000000000013cd2       0x2e /home/darjush/Repositories/RIOTNerf/pHAL/bin/samr21-xpro/core.a(sched.o)
 .debug_macro   0x0000000000013d00      0x189 /home/darjush/Repositories/RIOTNerf/pHAL/bin/samr21-xpro/core.a(sched.o)
 .debug_macro   0x0000000000013e89       0x16 /home/darjush/Repositories/RIOTNerf/pHAL/bin/samr21-xpro/core.a(sched.o)
 .debug_macro   0x0000000000013e9f      0x181 /home/darjush/Repositories/RIOTNerf/pHAL/bin/samr21-xpro/core.a(bitarithm.o)
 .debug_macro   0x0000000000014020      0x826 /home/darjush/Repositories/RIOTNerf/pHAL/bin/samr21-xpro/core.a(bitarithm.o)
 .debug_macro   0x0000000000014846       0x97 /home/darjush/Repositories/RIOTNerf/pHAL/bin/samr21-xpro/core.a(bitarithm.o)
 .debug_macro   0x00000000000148dd       0xf6 /home/darjush/Repositories/RIOTNerf/pHAL/bin/samr21-xpro/core.a(bitarithm.o)
 .debug_macro   0x00000000000149d3      0x54a /home/darjush/Repositories/RIOTNerf/pHAL/bin/samr21-xpro/cortexm_common.a(thread_arch.o)
 .debug_macro   0x0000000000014f1d      0x826 /home/darjush/Repositories/RIOTNerf/pHAL/bin/samr21-xpro/cortexm_common.a(thread_arch.o)
 .debug_macro   0x0000000000015743       0x10 /home/darjush/Repositories/RIOTNerf/pHAL/bin/samr21-xpro/cortexm_common.a(thread_arch.o)
 .debug_macro   0x0000000000015753      0x44a /home/darjush/Repositories/RIOTNerf/pHAL/bin/samr21-xpro/cortexm_common.a(reboot_arch.o)
 .debug_macro   0x0000000000015b9d      0x826 /home/darjush/Repositories/RIOTNerf/pHAL/bin/samr21-xpro/cortexm_common.a(reboot_arch.o)
 .debug_macro   0x00000000000163c3       0x33 /home/darjush/Repositories/RIOTNerf/pHAL/bin/samr21-xpro/cortexm_common.a(reboot_arch.o)
 .debug_macro   0x00000000000163f6      0x44e /home/darjush/Repositories/RIOTNerf/pHAL/bin/samr21-xpro/cortexm_common.a(irq_arch.o)
 .debug_macro   0x0000000000016844      0x826 /home/darjush/Repositories/RIOTNerf/pHAL/bin/samr21-xpro/cortexm_common.a(irq_arch.o)
 .debug_macro   0x000000000001706a      0x4c7 /home/darjush/Repositories/RIOTNerf/pHAL/bin/samr21-xpro/cortexm_common.a(vectors_cortexm.o)
 .debug_macro   0x0000000000017531      0x826 /home/darjush/Repositories/RIOTNerf/pHAL/bin/samr21-xpro/cortexm_common.a(vectors_cortexm.o)
 .debug_macro   0x0000000000017d57      0x5ef /home/darjush/Repositories/RIOTNerf/pHAL/bin/samr21-xpro/uart_stdio.a(uart_stdio.o)
 .debug_macro   0x0000000000018346      0x826 /home/darjush/Repositories/RIOTNerf/pHAL/bin/samr21-xpro/uart_stdio.a(uart_stdio.o)
 .debug_macro   0x0000000000018b6c       0x16 /home/darjush/Repositories/RIOTNerf/pHAL/bin/samr21-xpro/uart_stdio.a(uart_stdio.o)
 .debug_macro   0x0000000000018b82       0x17 /home/darjush/Repositories/RIOTNerf/pHAL/bin/samr21-xpro/uart_stdio.a(uart_stdio.o)
 .debug_macro   0x0000000000018b99       0x10 /home/darjush/Repositories/RIOTNerf/pHAL/bin/samr21-xpro/uart_stdio.a(uart_stdio.o)
 .debug_macro   0x0000000000018ba9      0x5ec /home/darjush/Repositories/RIOTNerf/pHAL/bin/samr21-xpro/xtimer.a(xtimer_core.o)
 .debug_macro   0x0000000000019195      0x826 /home/darjush/Repositories/RIOTNerf/pHAL/bin/samr21-xpro/xtimer.a(xtimer_core.o)
 .debug_macro   0x00000000000199bb       0x10 /home/darjush/Repositories/RIOTNerf/pHAL/bin/samr21-xpro/xtimer.a(xtimer_core.o)
 .debug_macro   0x00000000000199cb       0x1c /home/darjush/Repositories/RIOTNerf/pHAL/bin/samr21-xpro/xtimer.a(xtimer_core.o)
 .debug_macro   0x00000000000199e7       0x22 /home/darjush/Repositories/RIOTNerf/pHAL/bin/samr21-xpro/xtimer.a(xtimer_core.o)
 .debug_macro   0x0000000000019a09       0x22 /home/darjush/Repositories/RIOTNerf/pHAL/bin/samr21-xpro/xtimer.a(xtimer_core.o)
 .debug_macro   0x0000000000019a2b      0x4b0 /home/darjush/Repositories/RIOTNerf/pHAL/bin/samr21-xpro/board.a(board.o)
 .debug_macro   0x0000000000019edb      0x826 /home/darjush/Repositories/RIOTNerf/pHAL/bin/samr21-xpro/board.a(board.o)
 .debug_macro   0x000000000001a701      0x4c6 /home/darjush/Repositories/RIOTNerf/pHAL/bin/samr21-xpro/core.a(panic.o)
 .debug_macro   0x000000000001abc7      0x826 /home/darjush/Repositories/RIOTNerf/pHAL/bin/samr21-xpro/core.a(panic.o)
 .debug_macro   0x000000000001b3ed       0x2e /home/darjush/Repositories/RIOTNerf/pHAL/bin/samr21-xpro/core.a(panic.o)
 .debug_macro   0x000000000001b41b      0x571 /home/darjush/Repositories/RIOTNerf/pHAL/bin/samr21-xpro/core.a(mutex.o)
 .debug_macro   0x000000000001b98c      0x826 /home/darjush/Repositories/RIOTNerf/pHAL/bin/samr21-xpro/core.a(mutex.o)
 .debug_macro   0x000000000001c1b2      0x1e5 /home/darjush/Repositories/RIOTNerf/pHAL/bin/samr21-xpro/core.a(mutex.o)
 .debug_macro   0x000000000001c397      0x594 /home/darjush/Repositories/RIOTNerf/pHAL/bin/samr21-xpro/core.a(kernel_init.o)
 .debug_macro   0x000000000001c92b      0x826 /home/darjush/Repositories/RIOTNerf/pHAL/bin/samr21-xpro/core.a(kernel_init.o)
 .debug_macro   0x000000000001d151      0x23b /home/darjush/Repositories/RIOTNerf/pHAL/bin/samr21-xpro/core.a(kernel_init.o)
 .debug_macro   0x000000000001d38c      0x566 /home/darjush/Repositories/RIOTNerf/pHAL/bin/samr21-xpro/core.a(thread.o)
 .debug_macro   0x000000000001d8f2      0x826 /home/darjush/Repositories/RIOTNerf/pHAL/bin/samr21-xpro/core.a(thread.o)
 .debug_macro   0x000000000001e118      0x466 /home/darjush/Repositories/RIOTNerf/pHAL/bin/samr21-xpro/cortexm_common.a(panic.o)
 .debug_macro   0x000000000001e57e      0x826 /home/darjush/Repositories/RIOTNerf/pHAL/bin/samr21-xpro/cortexm_common.a(panic.o)
 .debug_macro   0x000000000001eda4      0x471 /home/darjush/Repositories/RIOTNerf/pHAL/bin/samr21-xpro/cpu.a(cpu.o)
 .debug_macro   0x000000000001f215      0x826 /home/darjush/Repositories/RIOTNerf/pHAL/bin/samr21-xpro/cpu.a(cpu.o)
 .debug_macro   0x000000000001fa3b      0x453 /home/darjush/Repositories/RIOTNerf/pHAL/bin/samr21-xpro/cpu.a(lpm_arch.o)
 .debug_macro   0x000000000001fe8e      0x826 /home/darjush/Repositories/RIOTNerf/pHAL/bin/samr21-xpro/cpu.a(lpm_arch.o)
 .debug_macro   0x00000000000206b4      0x587 /home/darjush/Repositories/RIOTNerf/pHAL/bin/samr21-xpro/periph.a(uart.o)
 .debug_macro   0x0000000000020c3b      0x826 /home/darjush/Repositories/RIOTNerf/pHAL/bin/samr21-xpro/periph.a(uart.o)
 .debug_macro   0x0000000000021461      0x1f8 /home/darjush/Repositories/RIOTNerf/pHAL/bin/samr21-xpro/periph.a(uart.o)
 .debug_macro   0x0000000000021659      0x595 /home/darjush/Repositories/RIOTNerf/pHAL/bin/samr21-xpro/periph.a(gpio.o)
 .debug_macro   0x0000000000021bee      0x826 /home/darjush/Repositories/RIOTNerf/pHAL/bin/samr21-xpro/periph.a(gpio.o)
 .debug_macro   0x0000000000022414      0x5d5 /home/darjush/Repositories/RIOTNerf/pHAL/bin/samr21-xpro/periph.a(timer.o)
 .debug_macro   0x00000000000229e9      0x826 /home/darjush/Repositories/RIOTNerf/pHAL/bin/samr21-xpro/periph.a(timer.o)
 .debug_macro   0x000000000002320f      0x10e /home/darjush/Repositories/RIOTNerf/pHAL/bin/samr21-xpro/periph.a(timer.o)
 .debug_macro   0x000000000002331d       0x86 /home/darjush/Repositories/RIOTNerf/pHAL/bin/samr21-xpro/periph.a(timer.o)
 .debug_macro   0x00000000000233a3       0x60 /home/darjush/Repositories/RIOTNerf/pHAL/bin/samr21-xpro/tsrb.a(tsrb.o)
 .debug_macro   0x0000000000023403      0x826 /home/darjush/Repositories/RIOTNerf/pHAL/bin/samr21-xpro/tsrb.a(tsrb.o)
 .debug_macro   0x0000000000023c29      0x4f8 /home/darjush/Repositories/RIOTNerf/pHAL/bin/samr21-xpro/pHAL_test.a(main.o)
 .debug_macro   0x0000000000024121      0x826 /home/darjush/Repositories/RIOTNerf/pHAL/bin/samr21-xpro/pHAL_test.a(main.o)
 .debug_macro   0x0000000000024947       0x34 /home/darjush/Repositories/RIOTNerf/pHAL/bin/samr21-xpro/pHAL_test.a(main.o)
 .debug_macro   0x000000000002497b      0x593 /home/darjush/Repositories/RIOTNerf/pHAL/bin/samr21-xpro/pHAL_test.a(pHAL.o)
 .debug_macro   0x0000000000024f0e      0x826 /home/darjush/Repositories/RIOTNerf/pHAL/bin/samr21-xpro/pHAL_test.a(pHAL.o)
 .debug_macro   0x0000000000025734       0x10 /home/darjush/Repositories/RIOTNerf/pHAL/bin/samr21-xpro/pHAL_test.a(pHAL.o)
 .debug_macro   0x0000000000025744      0x5e6 /home/darjush/Repositories/RIOTNerf/pHAL/bin/samr21-xpro/auto_init.a(auto_init.o)
 .debug_macro   0x0000000000025d2a      0x826 /home/darjush/Repositories/RIOTNerf/pHAL/bin/samr21-xpro/auto_init.a(auto_init.o)
 .debug_macro   0x0000000000026550      0x450 /home/darjush/Repositories/RIOTNerf/pHAL/bin/samr21-xpro/cortexm_common.a(cortexm_init.o)
 .debug_macro   0x00000000000269a0      0x826 /home/darjush/Repositories/RIOTNerf/pHAL/bin/samr21-xpro/cortexm_common.a(cortexm_init.o)
 .debug_macro   0x00000000000271c6      0x5bb /home/darjush/Repositories/RIOTNerf/pHAL/bin/samr21-xpro/servo.a(servo.o)
 .debug_macro   0x0000000000027781      0x826 /home/darjush/Repositories/RIOTNerf/pHAL/bin/samr21-xpro/servo.a(servo.o)
 .debug_macro   0x0000000000027fa7      0x21a /home/darjush/Repositories/RIOTNerf/pHAL/bin/samr21-xpro/shell.a(shell.o)
 .debug_macro   0x00000000000281c1      0x826 /home/darjush/Repositories/RIOTNerf/pHAL/bin/samr21-xpro/shell.a(shell.o)